Archive member included to satisfy reference by file (symbol)

/Applications/Simplicity Studio.app/Contents/Eclipse/developer/toolchains/gnu_arm/12.2.rel1_2023.7/bin/../lib/gcc/arm-none-eabi/12.2.1/thumb/v8-m.main+fp/hard/libgcc.a(_aeabi_ldivmod.o)
                              ./simplicity_sdk_2025.6.2/platform/emlib/src/em_eusart.o (__aeabi_ldivmod)
/Applications/Simplicity Studio.app/Contents/Eclipse/developer/toolchains/gnu_arm/12.2.rel1_2023.7/bin/../lib/gcc/arm-none-eabi/12.2.1/thumb/v8-m.main+fp/hard/libgcc.a(_aeabi_uldivmod.o)
                              ./simplicity_sdk_2025.6.2/platform/emlib/src/em_eusart.o (__aeabi_uldivmod)
/Applications/Simplicity Studio.app/Contents/Eclipse/developer/toolchains/gnu_arm/12.2.rel1_2023.7/bin/../lib/gcc/arm-none-eabi/12.2.1/thumb/v8-m.main+fp/hard/libgcc.a(_udivmoddi4.o)
                              /Applications/Simplicity Studio.app/Contents/Eclipse/developer/toolchains/gnu_arm/12.2.rel1_2023.7/bin/../lib/gcc/arm-none-eabi/12.2.1/thumb/v8-m.main+fp/hard/libgcc.a(_aeabi_ldivmod.o) (__udivmoddi4)
/Applications/Simplicity Studio.app/Contents/Eclipse/developer/toolchains/gnu_arm/12.2.rel1_2023.7/bin/../lib/gcc/arm-none-eabi/12.2.1/thumb/v8-m.main+fp/hard/libgcc.a(_dvmd_tls.o)
                              /Applications/Simplicity Studio.app/Contents/Eclipse/developer/toolchains/gnu_arm/12.2.rel1_2023.7/bin/../lib/gcc/arm-none-eabi/12.2.1/thumb/v8-m.main+fp/hard/libgcc.a(_aeabi_ldivmod.o) (__aeabi_ldiv0)
/Applications/Simplicity Studio.app/Contents/Eclipse/developer/toolchains/gnu_arm/12.2.rel1_2023.7/bin/../lib/gcc/arm-none-eabi/12.2.1/../../../../arm-none-eabi/lib/thumb/v8-m.main+fp/hard/libc_nano.a(libc_a-exit.o)
                              /Applications/Simplicity Studio.app/Contents/Eclipse/developer/toolchains/gnu_arm/12.2.rel1_2023.7/bin/../lib/gcc/arm-none-eabi/12.2.1/../../../../arm-none-eabi/lib/thumb/v8-m.main+fp/hard/crt0.o (exit)
/Applications/Simplicity Studio.app/Contents/Eclipse/developer/toolchains/gnu_arm/12.2.rel1_2023.7/bin/../lib/gcc/arm-none-eabi/12.2.1/../../../../arm-none-eabi/lib/thumb/v8-m.main+fp/hard/libc_nano.a(libc_a-findfp.o)
                              /Applications/Simplicity Studio.app/Contents/Eclipse/developer/toolchains/gnu_arm/12.2.rel1_2023.7/bin/../lib/gcc/arm-none-eabi/12.2.1/../../../../arm-none-eabi/lib/thumb/v8-m.main+fp/hard/libc_nano.a(libc_a-exit.o) (__stdio_exit_handler)
/Applications/Simplicity Studio.app/Contents/Eclipse/developer/toolchains/gnu_arm/12.2.rel1_2023.7/bin/../lib/gcc/arm-none-eabi/12.2.1/../../../../arm-none-eabi/lib/thumb/v8-m.main+fp/hard/libc_nano.a(libc_a-fwalk.o)
                              /Applications/Simplicity Studio.app/Contents/Eclipse/developer/toolchains/gnu_arm/12.2.rel1_2023.7/bin/../lib/gcc/arm-none-eabi/12.2.1/../../../../arm-none-eabi/lib/thumb/v8-m.main+fp/hard/libc_nano.a(libc_a-findfp.o) (_fwalk_sglue)
/Applications/Simplicity Studio.app/Contents/Eclipse/developer/toolchains/gnu_arm/12.2.rel1_2023.7/bin/../lib/gcc/arm-none-eabi/12.2.1/../../../../arm-none-eabi/lib/thumb/v8-m.main+fp/hard/libc_nano.a(libc_a-memset.o)
                              /Applications/Simplicity Studio.app/Contents/Eclipse/developer/toolchains/gnu_arm/12.2.rel1_2023.7/bin/../lib/gcc/arm-none-eabi/12.2.1/../../../../arm-none-eabi/lib/thumb/v8-m.main+fp/hard/crt0.o (memset)
/Applications/Simplicity Studio.app/Contents/Eclipse/developer/toolchains/gnu_arm/12.2.rel1_2023.7/bin/../lib/gcc/arm-none-eabi/12.2.1/../../../../arm-none-eabi/lib/thumb/v8-m.main+fp/hard/libc_nano.a(libc_a-impure.o)
                              /Applications/Simplicity Studio.app/Contents/Eclipse/developer/toolchains/gnu_arm/12.2.rel1_2023.7/bin/../lib/gcc/arm-none-eabi/12.2.1/../../../../arm-none-eabi/lib/thumb/v8-m.main+fp/hard/libc_nano.a(libc_a-findfp.o) (_impure_data)
/Applications/Simplicity Studio.app/Contents/Eclipse/developer/toolchains/gnu_arm/12.2.rel1_2023.7/bin/../lib/gcc/arm-none-eabi/12.2.1/../../../../arm-none-eabi/lib/thumb/v8-m.main+fp/hard/libc_nano.a(libc_a-init.o)
                              /Applications/Simplicity Studio.app/Contents/Eclipse/developer/toolchains/gnu_arm/12.2.rel1_2023.7/bin/../lib/gcc/arm-none-eabi/12.2.1/../../../../arm-none-eabi/lib/thumb/v8-m.main+fp/hard/crt0.o (__libc_init_array)
/Applications/Simplicity Studio.app/Contents/Eclipse/developer/toolchains/gnu_arm/12.2.rel1_2023.7/bin/../lib/gcc/arm-none-eabi/12.2.1/../../../../arm-none-eabi/lib/thumb/v8-m.main+fp/hard/libc_nano.a(libc_a-lock.o)
                              /Applications/Simplicity Studio.app/Contents/Eclipse/developer/toolchains/gnu_arm/12.2.rel1_2023.7/bin/../lib/gcc/arm-none-eabi/12.2.1/../../../../arm-none-eabi/lib/thumb/v8-m.main+fp/hard/libc_nano.a(libc_a-findfp.o) (__retarget_lock_init_recursive)
[...]
Memory Configuration

Name             Origin             Length             Attributes
FLASH            0x0000000008000000 0x000000000017e000 xr
RAM              0x0000000020000000 0x0000000000040000 xrw
*default*        0x0000000000000000 0xffffffffffffffff

Linker script and memory map

LOAD /Applications/Simplicity Studio.app/Contents/Eclipse/developer/toolchains/gnu_arm/12.2.rel1_2023.7/bin/../lib/gcc/arm-none-eabi/12.2.1/thumb/v8-m.main+fp/hard/crti.o
LOAD /Applications/Simplicity Studio.app/Contents/Eclipse/developer/toolchains/gnu_arm/12.2.rel1_2023.7/bin/../lib/gcc/arm-none-eabi/12.2.1/thumb/v8-m.main+fp/hard/crtbegin.o
LOAD /Applications/Simplicity Studio.app/Contents/Eclipse/developer/toolchains/gnu_arm/12.2.rel1_2023.7/bin/../lib/gcc/arm-none-eabi/12.2.1/../../../../arm-none-eabi/lib/thumb/v8-m.main+fp/hard/crt0.o
START GROUP
LOAD ./app.o
LOAD ./main.o
LOAD ./autogen/sl_board_default_init.o
LOAD ./autogen/sl_event_handler.o
LOAD ./simplicity_sdk_2025.6.2/hardware/board/src/sl_board_control_gpio.o
LOAD ./simplicity_sdk_2025.6.2/hardware/board/src/sl_board_init.o
LOAD ./simplicity_sdk_2025.6.2/hardware/driver/mx25_flash_shutdown/src/sl_mx25_flash_shutdown_eusart/sl_mx25_flash_shutdown.o
LOAD ./simplicity_sdk_2025.6.2/platform/Device/SiliconLabs/EFR32MG24/Source/startup_efr32mg24.o
LOAD ./simplicity_sdk_2025.6.2/platform/Device/SiliconLabs/EFR32MG24/Source/system_efr32mg24.o
LOAD ./simplicity_sdk_2025.6.2/platform/common/src/sl_assert.o
LOAD ./simplicity_sdk_2025.6.2/platform/common/src/sl_core_cortexm.o
LOAD ./simplicity_sdk_2025.6.2/platform/common/src/sl_syscalls.o
LOAD ./simplicity_sdk_2025.6.2/platform/driver/gpio/src/sl_gpio.o
LOAD ./simplicity_sdk_2025.6.2/platform/emlib/src/em_burtc.o
LOAD ./simplicity_sdk_2025.6.2/platform/emlib/src/em_cmu.o
LOAD ./simplicity_sdk_2025.6.2/platform/emlib/src/em_emu.o
LOAD ./simplicity_sdk_2025.6.2/platform/emlib/src/em_eusart.o
LOAD ./simplicity_sdk_2025.6.2/platform/emlib/src/em_gpio.o
LOAD ./simplicity_sdk_2025.6.2/platform/emlib/src/em_msc.o
LOAD ./simplicity_sdk_2025.6.2/platform/emlib/src/em_prs.o
LOAD ./simplicity_sdk_2025.6.2/platform/emlib/src/em_system.o
LOAD ./simplicity_sdk_2025.6.2/platform/emlib/src/em_timer.o
LOAD ./simplicity_sdk_2025.6.2/platform/peripheral/src/sl_hal_gpio.o
LOAD ./simplicity_sdk_2025.6.2/platform/peripheral/src/sl_hal_sysrtc.o
LOAD ./simplicity_sdk_2025.6.2/platform/service/clock_manager/src/sl_clock_manager.o
LOAD ./simplicity_sdk_2025.6.2/platform/service/clock_manager/src/sl_clock_manager_hal_s2.o
LOAD ./simplicity_sdk_2025.6.2/platform/service/clock_manager/src/sl_clock_manager_init.o
LOAD ./simplicity_sdk_2025.6.2/platform/service/clock_manager/src/sl_clock_manager_init_hal_s2.o
LOAD ./simplicity_sdk_2025.6.2/platform/service/device_init/src/sl_device_init_dcdc_s2.o
LOAD ./simplicity_sdk_2025.6.2/platform/service/device_init/src/sl_device_init_emu_s2.o
LOAD ./simplicity_sdk_2025.6.2/platform/service/device_manager/clocks/sl_device_clock_efr32xg24.o
LOAD ./simplicity_sdk_2025.6.2/platform/service/device_manager/devices/sl_device_peripheral_hal_efr32xg24.o
LOAD ./simplicity_sdk_2025.6.2/platform/service/device_manager/src/sl_device_clock.o
LOAD ./simplicity_sdk_2025.6.2/platform/service/device_manager/src/sl_device_gpio.o
LOAD ./simplicity_sdk_2025.6.2/platform/service/device_manager/src/sl_device_peripheral.o
LOAD ./simplicity_sdk_2025.6.2/platform/service/interrupt_manager/src/sl_interrupt_manager_cortexm.o
LOAD ./simplicity_sdk_2025.6.2/platform/service/memory_manager/src/sl_memory_manager_region.o
LOAD ./simplicity_sdk_2025.6.2/platform/service/sl_main/src/sl_main_init.o
LOAD ./simplicity_sdk_2025.6.2/platform/service/sl_main/src/sl_main_init_memory.o
LOAD ./simplicity_sdk_2025.6.2/platform/service/sl_main/src/sl_main_process_action.o
LOAD ./simplicity_sdk_2025.6.2/platform/service/sleeptimer/src/sl_sleeptimer.o
LOAD ./simplicity_sdk_2025.6.2/platform/service/sleeptimer/src/sl_sleeptimer_hal_burtc.o
LOAD ./simplicity_sdk_2025.6.2/platform/service/sleeptimer/src/sl_sleeptimer_hal_sysrtc.o
LOAD ./simplicity_sdk_2025.6.2/platform/service/sleeptimer/src/sl_sleeptimer_hal_timer.o
LOAD ./simplicity_sdk_2025.6.2/platform/service/udelay/src/sl_udelay.o
LOAD ./simplicity_sdk_2025.6.2/platform/service/udelay/src/sl_udelay_armv6m_gcc.o
LOAD /Applications/Simplicity Studio.app/Contents/Eclipse/developer/toolchains/gnu_arm/12.2.rel1_2023.7/bin/../lib/gcc/arm-none-eabi/12.2.1/thumb/v8-m.main+fp/hard/libgcc.a
LOAD /Applications/Simplicity Studio.app/Contents/Eclipse/developer/toolchains/gnu_arm/12.2.rel1_2023.7/bin/../lib/gcc/arm-none-eabi/12.2.1/../../../../arm-none-eabi/lib/thumb/v8-m.main+fp/hard/libc_nano.a
LOAD /Applications/Simplicity Studio.app/Contents/Eclipse/developer/toolchains/gnu_arm/12.2.rel1_2023.7/bin/../lib/gcc/arm-none-eabi/12.2.1/../../../../arm-none-eabi/lib/thumb/v8-m.main+fp/hard/libm.a
LOAD /Applications/Simplicity Studio.app/Contents/Eclipse/developer/toolchains/gnu_arm/12.2.rel1_2023.7/bin/../lib/gcc/arm-none-eabi/12.2.1/../../../../arm-none-eabi/lib/thumb/v8-m.main+fp/hard/libnosys.a
END GROUP
START GROUP
LOAD /Applications/Simplicity Studio.app/Contents/Eclipse/developer/toolchains/gnu_arm/12.2.rel1_2023.7/bin/../lib/gcc/arm-none-eabi/12.2.1/thumb/v8-m.main+fp/hard/libgcc.a
LOAD /Applications/Simplicity Studio.app/Contents/Eclipse/developer/toolchains/gnu_arm/12.2.rel1_2023.7/bin/../lib/gcc/arm-none-eabi/12.2.1/../../../../arm-none-eabi/lib/thumb/v8-m.main+fp/hard/libc_nano.a
LOAD /Applications/Simplicity Studio.app/Contents/Eclipse/developer/toolchains/gnu_arm/12.2.rel1_2023.7/bin/../lib/gcc/arm-none-eabi/12.2.1/../../../../arm-none-eabi/lib/thumb/v8-m.main+fp/hard/libnosys.a
END GROUP
START GROUP
LOAD /Applications/Simplicity Studio.app/Contents/Eclipse/developer/toolchains/gnu_arm/12.2.rel1_2023.7/bin/../lib/gcc/arm-none-eabi/12.2.1/thumb/v8-m.main+fp/hard/libgcc.a
LOAD /Applications/Simplicity Studio.app/Contents/Eclipse/developer/toolchains/gnu_arm/12.2.rel1_2023.7/bin/../lib/gcc/arm-none-eabi/12.2.1/../../../../arm-none-eabi/lib/thumb/v8-m.main+fp/hard/libg_nano.a
LOAD /Applications/Simplicity Studio.app/Contents/Eclipse/developer/toolchains/gnu_arm/12.2.rel1_2023.7/bin/../lib/gcc/arm-none-eabi/12.2.1/../../../../arm-none-eabi/lib/thumb/v8-m.main+fp/hard/libc_nano.a
END GROUP
START GROUP
LOAD /Applications/Simplicity Studio.app/Contents/Eclipse/developer/toolchains/gnu_arm/12.2.rel1_2023.7/bin/../lib/gcc/arm-none-eabi/12.2.1/thumb/v8-m.main+fp/hard/libgcc.a
LOAD /Applications/Simplicity Studio.app/Contents/Eclipse/developer/toolchains/gnu_arm/12.2.rel1_2023.7/bin/../lib/gcc/arm-none-eabi/12.2.1/../../../../arm-none-eabi/lib/thumb/v8-m.main+fp/hard/libc_nano.a
END GROUP
LOAD /Applications/Simplicity Studio.app/Contents/Eclipse/developer/toolchains/gnu_arm/12.2.rel1_2023.7/bin/../lib/gcc/arm-none-eabi/12.2.1/thumb/v8-m.main+fp/hard/crtend.o
LOAD /Applications/Simplicity Studio.app/Contents/Eclipse/developer/toolchains/gnu_arm/12.2.rel1_2023.7/bin/../lib/gcc/arm-none-eabi/12.2.1/thumb/v8-m.main+fp/hard/crtn.o

.vectors        0x0000000008000000      0x170
                0x0000000008000000                linker_vectors_begin = .
 *(.vectors)
 .vectors       0x0000000008000000      0x170 ./simplicity_sdk_2025.6.2/platform/Device/SiliconLabs/EFR32MG24/Source/startup_efr32mg24.o
                0x0000000008000000                __Vectors
                0x0000000008000170                linker_vectors_end = .
                0x0000000008000170                __Vectors_End = .
                0x0000000008000170                __Vectors_Size = (__Vectors_End - __Vectors)

.stack          0x0000000020000000     0x1000
                0x0000000020000000                . = ALIGN (0x8)
                0x0000000020000000                __StackLimit = .
 *(.stack*)
 .stack         0x0000000020000000     0x1000 ./simplicity_sdk_2025.6.2/platform/service/memory_manager/src/sl_memory_manager_region.o
                0x0000000020001000                . = ALIGN (0x4)
                0x0000000020001000                __StackTop = .
                0x0000000020001000                PROVIDE (__stack = __StackTop)

.bss            0x0000000020001000      0x19c
                0x0000000020001000                . = ALIGN (0x4)
                0x0000000020001000                __bss_start__ = .
 *(SORT_BY_ALIGNMENT(.bss*))
 .bss.object.0  0x0000000020001000       0x18 /Applications/Simplicity Studio.app/Contents/Eclipse/developer/toolchains/gnu_arm/12.2.rel1_2023.7/bin/../lib/gcc/arm-none-eabi/12.2.1/thumb/v8-m.main+fp/hard/crtbegin.o
 .bss.gpio_interrupts
                0x0000000020001018      0x168 ./simplicity_sdk_2025.6.2/platform/driver/gpio/src/sl_gpio.o
 .bss.max_millisecond_conversion
                0x0000000020001180        0x4 ./simplicity_sdk_2025.6.2/platform/service/sleeptimer/src/sl_sleeptimer.o
 .bss.last_delta_update_count
                0x0000000020001184        0x4 ./simplicity_sdk_2025.6.2/platform/service/sleeptimer/src/sl_sleeptimer.o
 .bss.timer_head
                0x0000000020001188        0x4 ./simplicity_sdk_2025.6.2/platform/service/sleeptimer/src/sl_sleeptimer.o
 .bss.timer_frequency
                0x000000002000118c        0x4 ./simplicity_sdk_2025.6.2/platform/service/sleeptimer/src/sl_sleeptimer.o
 .bss.overflow_counter
                0x0000000020001190        0x4 ./simplicity_sdk_2025.6.2/platform/service/sleeptimer/src/sl_sleeptimer.o
 .bss.__stdio_exit_handler
                0x0000000020001194        0x4 /Applications/Simplicity Studio.app/Contents/Eclipse/developer/toolchains/gnu_arm/12.2.rel1_2023.7/bin/../lib/gcc/arm-none-eabi/12.2.1/../../../../arm-none-eabi/lib/thumb/v8-m.main+fp/hard/libc_nano.a(libc_a-findfp.o)
                0x0000000020001194                __stdio_exit_handler
 .bss.completed.1
                0x0000000020001198        0x1 /Applications/Simplicity Studio.app/Contents/Eclipse/developer/toolchains/gnu_arm/12.2.rel1_2023.7/bin/../lib/gcc/arm-none-eabi/12.2.1/thumb/v8-m.main+fp/hard/crtbegin.o
 .bss.sleep_on_isr_exit
                0x0000000020001199        0x1 ./simplicity_sdk_2025.6.2/platform/service/sleeptimer/src/sl_sleeptimer.o
 .bss.next_timer_to_expire_is_power_manager
                0x000000002000119a        0x1 ./simplicity_sdk_2025.6.2/platform/service/sleeptimer/src/sl_sleeptimer.o
 .bss.is_sleeptimer_initialized
                0x000000002000119b        0x1 ./simplicity_sdk_2025.6.2/platform/service/sleeptimer/src/sl_sleeptimer.o
 *(COMMON)
                0x000000002000119c                . = ALIGN (0x4)
                0x000000002000119c                __bss_end__ = .

.noinit
 *(.noinit*)

text_application_ram
                0x000000002000119c        0x0 load address 0x0000000008000170
                0x000000002000119c                . = ALIGN (0x4)
                0x000000002000119c                __vma_ramfuncs_start__ = .
                0x000000002000119c                __text_application_ram_start__ = .
 *(text_application_ram)
                0x000000002000119c                . = ALIGN (0x4)
                0x000000002000119c                __vma_ramfuncs_end__ = .
                0x000000002000119c                __text_application_ram_end__ = .
                0x0000000008000170                __lma_ramfuncs_start__ = LOADADDR (text_application_ram)
                0x0000000008000170                __lma_ramfuncs_end__ = (LOADADDR (text_application_ram) + SIZEOF (text_application_ram))

.rodata         0x0000000008000170        0x0
                0x0000000008000170                __rodata_end__ = .

.text           0x0000000008000170     0x1e54
                0x0000000008000170                linker_code_begin = .
 *(SORT_BY_ALIGNMENT(.text*))
 .text.deregister_tm_clones
                0x0000000008000170       0x1c /Applications/Simplicity Studio.app/Contents/Eclipse/developer/toolchains/gnu_arm/12.2.rel1_2023.7/bin/../lib/gcc/arm-none-eabi/12.2.1/thumb/v8-m.main+fp/hard/crtbegin.o
 .text.register_tm_clones
                0x000000000800018c       0x28 /Applications/Simplicity Studio.app/Contents/Eclipse/developer/toolchains/gnu_arm/12.2.rel1_2023.7/bin/../lib/gcc/arm-none-eabi/12.2.1/thumb/v8-m.main+fp/hard/crtbegin.o
 .text.__do_global_dtors_aux
                0x00000000080001b4       0x28 /Applications/Simplicity Studio.app/Contents/Eclipse/developer/toolchains/gnu_arm/12.2.rel1_2023.7/bin/../lib/gcc/arm-none-eabi/12.2.1/thumb/v8-m.main+fp/hard/crtbegin.o
 .text.frame_dummy
                0x00000000080001dc       0x24 /Applications/Simplicity Studio.app/Contents/Eclipse/developer/toolchains/gnu_arm/12.2.rel1_2023.7/bin/../lib/gcc/arm-none-eabi/12.2.1/thumb/v8-m.main+fp/hard/crtbegin.o
 .text          0x0000000008000200       0x7c /Applications/Simplicity Studio.app/Contents/Eclipse/developer/toolchains/gnu_arm/12.2.rel1_2023.7/bin/../lib/gcc/arm-none-eabi/12.2.1/../../../../arm-none-eabi/lib/thumb/v8-m.main+fp/hard/crt0.o
                0x0000000008000200                _stack_init
                0x0000000008000208                _mainCRTStartup
                0x0000000008000208                _start
 .text.clear_model
                0x000000000800027c       0x38 ./main.o
                0x000000000800027c                clear_model
 .text.LCD_send_byte
                0x00000000080002b4       0x64 ./main.o
                0x00000000080002b4                LCD_send_byte
 .text.LCD_send_nibble
                0x0000000008000318       0x6c ./main.o
                0x0000000008000318                LCD_send_nibble
 .text.LCD_init
                0x0000000008000384       0xc8 ./main.o
                0x0000000008000384                LCD_init
 .text.startup.main
                0x000000000800044c       0xc0 ./main.o
                0x000000000800044c                main
 .text.CopyToRam
                0x000000000800050c       0x1c ./simplicity_sdk_2025.6.2/platform/Device/SiliconLabs/EFR32MG24/Source/startup_efr32mg24.o
                0x000000000800050c                CopyToRam
 .text.Reset_Handler
                0x0000000008000528       0x6c ./simplicity_sdk_2025.6.2/platform/Device/SiliconLabs/EFR32MG24/Source/startup_efr32mg24.o
                0x0000000008000528                Reset_Handler
 .text.SystemInit
                0x0000000008000594       0x64 ./simplicity_sdk_2025.6.2/platform/Device/SiliconLabs/EFR32MG24/Source/system_efr32mg24.o
                0x0000000008000594                SystemInit
 .text.sl_gpio_dispatch_interrupt
                0x00000000080005f8       0x5c ./simplicity_sdk_2025.6.2/platform/driver/gpio/src/sl_gpio.o
 .text.GPIO_EVEN_IRQHandler
                0x0000000008000654       0x20 ./simplicity_sdk_2025.6.2/platform/driver/gpio/src/sl_gpio.o
                0x0000000008000654                GPIO_EVEN_IRQHandler
 .text.GPIO_ODD_IRQHandler
                0x0000000008000674       0x20 ./simplicity_sdk_2025.6.2/platform/driver/gpio/src/sl_gpio.o
                0x0000000008000674                GPIO_ODD_IRQHandler
 .text.dpllRefClkGet
                0x0000000008000694       0x48 ./simplicity_sdk_2025.6.2/platform/emlib/src/em_cmu.o
 .text.em23GrpaClkGet
                0x00000000080006dc       0x48 ./simplicity_sdk_2025.6.2/platform/emlib/src/em_cmu.o
 .text.em4GrpaClkGet
                0x0000000008000724       0x48 ./simplicity_sdk_2025.6.2/platform/emlib/src/em_cmu.o
 .text.sysrtcClkGet
                0x000000000800076c       0x48 ./simplicity_sdk_2025.6.2/platform/emlib/src/em_cmu.o
 .text.traceClkGet
                0x00000000080007b4       0x54 ./simplicity_sdk_2025.6.2/platform/emlib/src/em_cmu.o
 .text.em01GrpaClkGet
                0x0000000008000808       0x74 ./simplicity_sdk_2025.6.2/platform/emlib/src/em_cmu.o
 .text.em01GrpcClkGet
                0x000000000800087c       0x70 ./simplicity_sdk_2025.6.2/platform/emlib/src/em_cmu.o
 .text.eusart0ClkGet
                0x00000000080008ec       0x74 ./simplicity_sdk_2025.6.2/platform/emlib/src/em_cmu.o
 .text.iadcClkGet
                0x0000000008000960       0x60 ./simplicity_sdk_2025.6.2/platform/emlib/src/em_cmu.o
 .text.wdog0ClkGet
                0x00000000080009c0       0x64 ./simplicity_sdk_2025.6.2/platform/emlib/src/em_cmu.o
 .text.wdog1ClkGet
                0x0000000008000a24       0x64 ./simplicity_sdk_2025.6.2/platform/emlib/src/em_cmu.o
 .text.vdac0ClkGet
                0x0000000008000a88       0x70 ./simplicity_sdk_2025.6.2/platform/emlib/src/em_cmu.o
 .text.vdac1ClkGet
                0x0000000008000af8       0x70 ./simplicity_sdk_2025.6.2/platform/emlib/src/em_cmu.o
 .text.pcnt0ClkGet
                0x0000000008000b68       0x4c ./simplicity_sdk_2025.6.2/platform/emlib/src/em_cmu.o
 .text.CMU_ClockDivGet
                0x0000000008000bb4       0x78 ./simplicity_sdk_2025.6.2/platform/emlib/src/em_cmu.o
                0x0000000008000bb4                CMU_ClockDivGet
 .text.CMU_ClockFreqGet
                0x0000000008000c2c      0x210 ./simplicity_sdk_2025.6.2/platform/emlib/src/em_cmu.o
                0x0000000008000c2c                CMU_ClockFreqGet
 .text.sl_hal_gpio_get_enabled_pending_interrupts
                0x0000000008000e3c       0x14 ./simplicity_sdk_2025.6.2/platform/peripheral/src/sl_hal_gpio.o
                0x0000000008000e3c                sl_hal_gpio_get_enabled_pending_interrupts
 .text.sl_hal_sysrtc_wait_ready
                0x0000000008000e50       0x1c ./simplicity_sdk_2025.6.2/platform/peripheral/src/sl_hal_sysrtc.o
                0x0000000008000e50                sl_hal_sysrtc_wait_ready
 .text.sl_hal_sysrtc_stop
                0x0000000008000e6c       0x28 ./simplicity_sdk_2025.6.2/platform/peripheral/src/sl_hal_sysrtc.o
                0x0000000008000e6c                sl_hal_sysrtc_stop
 .text.sl_hal_sysrtc_enable
                0x0000000008000e94       0x18 ./simplicity_sdk_2025.6.2/platform/peripheral/src/sl_hal_sysrtc.o
                0x0000000008000e94                sl_hal_sysrtc_enable
 .text.sl_hal_sysrtc_disable
                0x0000000008000eac       0x1c ./simplicity_sdk_2025.6.2/platform/peripheral/src/sl_hal_sysrtc.o
                0x0000000008000eac                sl_hal_sysrtc_disable
 .text.sl_hal_sysrtc_init
                0x0000000008000ec8       0x24 ./simplicity_sdk_2025.6.2/platform/peripheral/src/sl_hal_sysrtc.o
                0x0000000008000ec8                sl_hal_sysrtc_init
 .text.sl_hal_sysrtc_init_group
                0x0000000008000eec       0x44 ./simplicity_sdk_2025.6.2/platform/peripheral/src/sl_hal_sysrtc.o
                0x0000000008000eec                sl_hal_sysrtc_init_group
 .text.sl_interrupt_manager_enable_irq
                0x0000000008000f30       0x34 ./simplicity_sdk_2025.6.2/platform/service/interrupt_manager/src/sl_interrupt_manager_cortexm.o
                0x0000000008000f30                sl_interrupt_manager_enable_irq
 .text.sl_interrupt_manager_clear_irq_pending
                0x0000000008000f64       0x1c ./simplicity_sdk_2025.6.2/platform/service/interrupt_manager/src/sl_interrupt_manager_cortexm.o
                0x0000000008000f64                sl_interrupt_manager_clear_irq_pending
 .text.sl_sleeptimer_init
                0x0000000008000f80       0x74 ./simplicity_sdk_2025.6.2/platform/service/sleeptimer/src/sl_sleeptimer.o
                0x0000000008000f80                sl_sleeptimer_init
 .text.sl_sleeptimer_delay_millisecond
                0x0000000008000ff4       0x38 ./simplicity_sdk_2025.6.2/platform/service/sleeptimer/src/sl_sleeptimer.o
                0x0000000008000ff4                sl_sleeptimer_delay_millisecond
 .text.sleeptimer_hal_init_timer
                0x000000000800102c       0x6c ./simplicity_sdk_2025.6.2/platform/service/sleeptimer/src/sl_sleeptimer_hal_sysrtc.o
                0x000000000800102c                sleeptimer_hal_init_timer
 .text          0x0000000008001098       0x30 /Applications/Simplicity Studio.app/Contents/Eclipse/developer/toolchains/gnu_arm/12.2.rel1_2023.7/bin/../lib/gcc/arm-none-eabi/12.2.1/thumb/v8-m.main+fp/hard/libgcc.a(_aeabi_uldivmod.o)
                0x0000000008001098                __aeabi_uldivmod
 .text.__udivmoddi4
                0x00000000080010c8      0x2ec /Applications/Simplicity Studio.app/Contents/Eclipse/developer/toolchains/gnu_arm/12.2.rel1_2023.7/bin/../lib/gcc/arm-none-eabi/12.2.1/thumb/v8-m.main+fp/hard/libgcc.a(_udivmoddi4.o)
                0x00000000080010c8                __udivmoddi4
 .text          0x00000000080013b4        0x4 /Applications/Simplicity Studio.app/Contents/Eclipse/developer/toolchains/gnu_arm/12.2.rel1_2023.7/bin/../lib/gcc/arm-none-eabi/12.2.1/thumb/v8-m.main+fp/hard/libgcc.a(_dvmd_tls.o)
                0x00000000080013b4                __aeabi_ldiv0
                0x00000000080013b4                __aeabi_idiv0
 .text.exit     0x00000000080013b8       0x24 /Applications/Simplicity Studio.app/Contents/Eclipse/developer/toolchains/gnu_arm/12.2.rel1_2023.7/bin/../lib/gcc/arm-none-eabi/12.2.1/../../../../arm-none-eabi/lib/thumb/v8-m.main+fp/hard/libc_nano.a(libc_a-exit.o)
                0x00000000080013b8                exit
 .text.__libc_init_array
                0x00000000080013dc       0x48 /Applications/Simplicity Studio.app/Contents/Eclipse/developer/toolchains/gnu_arm/12.2.rel1_2023.7/bin/../lib/gcc/arm-none-eabi/12.2.1/../../../../arm-none-eabi/lib/thumb/v8-m.main+fp/hard/libc_nano.a(libc_a-init.o)
                0x00000000080013dc                __libc_init_array
 .text.Default_Handler
                0x0000000008001424        0x2 ./simplicity_sdk_2025.6.2/platform/Device/SiliconLabs/EFR32MG24/Source/startup_efr32mg24.o
                0x0000000008001424                MPAHBRAM_IRQHandler
                0x0000000008001424                AHB2AHB1_IRQHandler
                0x0000000008001424                SW2_IRQHandler
                0x0000000008001424                TIMER2_IRQHandler
                0x0000000008001424                DebugMon_Handler
                0x0000000008001424                USART0_TX_IRQHandler
                0x0000000008001424                IADC_IRQHandler
                0x0000000008001424                EUSART0_TX_IRQHandler
                0x0000000008001424                I2C0_IRQHandler
                0x0000000008001424                LFXO_IRQHandler
                0x0000000008001424                HardFault_Handler
                0x0000000008001424                SMU_SECURE_IRQHandler
                0x0000000008001424                SysTick_Handler
                0x0000000008001424                SYSRTC_SEQ_IRQHandler
                0x0000000008001424                EMUEFP_IRQHandler
                0x0000000008001424                PendSV_Handler
                0x0000000008001424                NMI_Handler
                0x0000000008001424                SYNTH_IRQHandler
                0x0000000008001424                HOSTMAILBOX_IRQHandler
                0x0000000008001424                HFXO0_IRQHandler
                0x0000000008001424                I2C1_IRQHandler
                0x0000000008001424                WDOG0_IRQHandler
                0x0000000008001424                TIMER3_IRQHandler
                0x0000000008001424                SYSCFG_IRQHandler
                0x0000000008001424                RFECA1_IRQHandler
                0x0000000008001424                EMUDG_IRQHandler
                0x0000000008001424                MSC_IRQHandler
                0x0000000008001424                DPLL0_IRQHandler
                0x0000000008001424                UsageFault_Handler
                0x0000000008001424                WDOG1_IRQHandler
                0x0000000008001424                M33CTI1_IRQHandler
                0x0000000008001424                TIMER4_IRQHandler
                0x0000000008001424                VDAC0_IRQHandler
                0x0000000008001424                LDMA_IRQHandler
                0x0000000008001424                SEMBTX_IRQHandler
                0x0000000008001424                SW0_IRQHandler
                0x0000000008001424                TIMER0_IRQHandler
                0x0000000008001424                MVP_IRQHandler
                0x0000000008001424                LETIMER0_IRQHandler
                0x0000000008001424                EUSART1_RX_IRQHandler
                0x0000000008001424                TIMER1_IRQHandler
                0x0000000008001424                HFRCO0_IRQHandler
                0x0000000008001424                SecureFault_Handler
                0x0000000008001424                BUFC_IRQHandler
                0x0000000008001424                DCDC_IRQHandler
                0x0000000008001424                MODEM_IRQHandler
                0x0000000008001424                Default_Handler
                0x0000000008001424                RAC_SEQ_IRQHandler
                0x0000000008001424                FRC_PRI_IRQHandler
                0x0000000008001424                EMU_IRQHandler
                0x0000000008001424                SW3_IRQHandler
                0x0000000008001424                KERNEL0_IRQHandler
                0x0000000008001424                FRC_IRQHandler
                0x0000000008001424                PCNT0_IRQHandler
                0x0000000008001424                KERNEL1_IRQHandler
                0x0000000008001424                AGC_IRQHandler
                0x0000000008001424                EUSART1_TX_IRQHandler
                0x0000000008001424                KEYSCAN_IRQHandler
                0x0000000008001424                sl_app_properties
                0x0000000008001424                HFRCOEM23_IRQHandler
                0x0000000008001424                BURTC_IRQHandler
                0x0000000008001424                SEMBRX_IRQHandler
                0x0000000008001424                RFECA0_IRQHandler
                0x0000000008001424                LFRCO_IRQHandler
                0x0000000008001424                VDAC1_IRQHandler
                0x0000000008001424                ACMP0_IRQHandler
                0x0000000008001424                USART0_RX_IRQHandler
                0x0000000008001424                MemManage_Handler
                0x0000000008001424                AHB2AHB0_IRQHandler
                0x0000000008001424                SVC_Handler
                0x0000000008001424                SMU_S_PRIVILEGED_IRQHandler
                0x0000000008001424                SW1_IRQHandler
                0x0000000008001424                CMU_IRQHandler
                0x0000000008001424                EUSART0_RX_IRQHandler
                0x0000000008001424                RAC_RSM_IRQHandler
                0x0000000008001424                SETAMPERHOST_IRQHandler
                0x0000000008001424                AES_IRQHandler
                0x0000000008001424                M33CTI0_IRQHandler
                0x0000000008001424                ICACHE0_IRQHandler
                0x0000000008001424                SMU_NS_PRIVILEGED_IRQHandler
                0x0000000008001424                FPUEXH_IRQHandler
                0x0000000008001424                PROTIMER_IRQHandler
                0x0000000008001424                ACMP1_IRQHandler
                0x0000000008001424                BusFault_Handler
                0x0000000008001424                ULFRCO_IRQHandler
 .text.CopyMemory
                0x0000000008001426       0x1a ./simplicity_sdk_2025.6.2/platform/Device/SiliconLabs/EFR32MG24/Source/startup_efr32mg24.o
                0x0000000008001426                CopyMemory
 .text.assertEFM
                0x0000000008001440        0x2 ./simplicity_sdk_2025.6.2/platform/common/src/sl_assert.o
                0x0000000008001440                assertEFM
 .text._exit    0x0000000008001442        0x2 ./simplicity_sdk_2025.6.2/platform/common/src/sl_syscalls.o
                0x0000000008001442                _exit
 .text.memset   0x0000000008001444       0x10 /Applications/Simplicity Studio.app/Contents/Eclipse/developer/toolchains/gnu_arm/12.2.rel1_2023.7/bin/../lib/gcc/arm-none-eabi/12.2.1/../../../../arm-none-eabi/lib/thumb/v8-m.main+fp/hard/libc_nano.a(libc_a-memset.o)
                0x0000000008001444                memset
 .text          0x0000000008001454       0x10 /Applications/Simplicity Studio.app/Contents/Eclipse/developer/toolchains/gnu_arm/12.2.rel1_2023.7/bin/../lib/gcc/arm-none-eabi/12.2.1/../../../../arm-none-eabi/lib/thumb/v8-m.main+fp/hard/libc_nano.a(libc_a-strlen.o)
                0x0000000008001454                strlen
 *(SORT_BY_ALIGNMENT(text_*))
 text_system_timecritical19225
                0x0000000008001464        0xc ./simplicity_sdk_2025.6.2/platform/Device/SiliconLabs/EFR32MG24/Source/system_efr32mg24.o
                0x0000000008001464                SystemHFRCODPLLClockGet
 text_system_timecritical20228
                0x0000000008001470       0x40 ./simplicity_sdk_2025.6.2/platform/Device/SiliconLabs/EFR32MG24/Source/system_efr32mg24.o
                0x0000000008001470                SystemSYSCLKGet
 text_system_timecritical16181
                0x00000000080014b0       0x24 ./simplicity_sdk_2025.6.2/platform/Device/SiliconLabs/EFR32MG24/Source/system_efr32mg24.o
                0x00000000080014b0                SystemHCLKGet
 text_system_timecritical22232
                0x00000000080014d4        0x8 ./simplicity_sdk_2025.6.2/platform/Device/SiliconLabs/EFR32MG24/Source/system_efr32mg24.o
                0x00000000080014d4                SystemFSRCOClockGet
 text_system_timecritical23234
                0x00000000080014dc        0xc ./simplicity_sdk_2025.6.2/platform/Device/SiliconLabs/EFR32MG24/Source/system_efr32mg24.o
                0x00000000080014dc                SystemHFXOClockGet
 text_system_timecritical24237
                0x00000000080014e8        0x8 ./simplicity_sdk_2025.6.2/platform/Device/SiliconLabs/EFR32MG24/Source/system_efr32mg24.o
                0x00000000080014e8                SystemCLKIN0Get
 text_system_timecritical25239
                0x00000000080014f0       0x90 ./simplicity_sdk_2025.6.2/platform/Device/SiliconLabs/EFR32MG24/Source/system_efr32mg24.o
                0x00000000080014f0                SystemHFRCOEM23ClockGet
 text_system_timecritical26241
                0x0000000008001580        0xc ./simplicity_sdk_2025.6.2/platform/Device/SiliconLabs/EFR32MG24/Source/system_efr32mg24.o
                0x0000000008001580                SystemLFXOClockGet
 text_hal_sysrtc_timecritical29261
                0x000000000800158c       0x14 ./simplicity_sdk_2025.6.2/platform/peripheral/src/sl_hal_sysrtc.o
                0x000000000800158c                sl_hal_sysrtc_wait_sync
 text_hal_sysrtc_timecritical31625
                0x00000000080015a0       0x24 ./simplicity_sdk_2025.6.2/platform/peripheral/src/sl_hal_sysrtc.o
                0x00000000080015a0                sl_hal_sysrtc_wait_sync_group
 text_hal_sysrtc_timecritical32658
                0x00000000080015c4       0x1c ./simplicity_sdk_2025.6.2/platform/peripheral/src/sl_hal_sysrtc.o
                0x00000000080015c4                sl_hal_sysrtc_enable_group_interrupts
 text_hal_sysrtc_timecritical33674
                0x00000000080015e0       0x1c ./simplicity_sdk_2025.6.2/platform/peripheral/src/sl_hal_sysrtc.o
                0x00000000080015e0                sl_hal_sysrtc_disable_group_interrupts
 text_hal_sysrtc_timecritical34690
                0x00000000080015fc       0x1c ./simplicity_sdk_2025.6.2/platform/peripheral/src/sl_hal_sysrtc.o
                0x00000000080015fc                sl_hal_sysrtc_clear_group_interrupts
 text_hal_sysrtc_timecritical35709
                0x0000000008001618       0x20 ./simplicity_sdk_2025.6.2/platform/peripheral/src/sl_hal_sysrtc.o
                0x0000000008001618                sl_hal_sysrtc_get_group_interrupts
 text_hal_sysrtc_timecritical36758
                0x0000000008001638       0x28 ./simplicity_sdk_2025.6.2/platform/peripheral/src/sl_hal_sysrtc.o
                0x0000000008001638                sl_hal_sysrtc_get_group_compare_channel_value
 text_hal_sysrtc_timecritical37775
                0x0000000008001660       0x28 ./simplicity_sdk_2025.6.2/platform/peripheral/src/sl_hal_sysrtc.o
                0x0000000008001660                sl_hal_sysrtc_set_group_compare_channel_value
 text_clock_manager_timecritical2674
                0x0000000008001688       0x54 ./simplicity_sdk_2025.6.2/platform/service/clock_manager/src/sl_clock_manager_hal_s2.o
                0x0000000008001688                sli_clock_manager_hal_enable_bus_clock
 text_sleeptimer_timecritical66121
                0x00000000080016dc       0x40 ./simplicity_sdk_2025.6.2/platform/service/sleeptimer/src/sl_sleeptimer.o
 text_sleeptimer_timecritical67125
                0x000000000800171c       0x3c ./simplicity_sdk_2025.6.2/platform/service/sleeptimer/src/sl_sleeptimer.o
 text_sleeptimer_timecritical69131
                0x0000000008001758       0x34 ./simplicity_sdk_2025.6.2/platform/service/sleeptimer/src/sl_sleeptimer.o
 text_sleeptimer_timecritical68128
                0x000000000800178c       0x64 ./simplicity_sdk_2025.6.2/platform/service/sleeptimer/src/sl_sleeptimer.o
 text_sleeptimer_timecritical72140
                0x00000000080017f0       0x88 ./simplicity_sdk_2025.6.2/platform/service/sleeptimer/src/sl_sleeptimer.o
 text_sleeptimer_timecritical34276
                0x0000000008001878       0x3c ./simplicity_sdk_2025.6.2/platform/service/sleeptimer/src/sl_sleeptimer.o
                0x0000000008001878                sl_sleeptimer_is_timer_running
 text_sleeptimer_timecritical40684
                0x00000000080018b4       0x24 ./simplicity_sdk_2025.6.2/platform/service/sleeptimer/src/sl_sleeptimer.o
                0x00000000080018b4                sl_sleeptimer_ms_to_tick
 text_sleeptimer_timecritical65151
                0x00000000080018d8      0x148 ./simplicity_sdk_2025.6.2/platform/service/sleeptimer/src/sl_sleeptimer.o
                0x00000000080018d8                process_timer_irq
 text_sleeptimer_timecritical6454
                0x0000000008001a20       0x10 ./simplicity_sdk_2025.6.2/platform/service/sleeptimer/src/sl_sleeptimer_hal_sysrtc.o
                0x0000000008001a20                sleeptimer_hal_get_counter
 text_sleeptimer_timecritical6885
                0x0000000008001a30       0x18 ./simplicity_sdk_2025.6.2/platform/service/sleeptimer/src/sl_sleeptimer_hal_sysrtc.o
                0x0000000008001a30                sleeptimer_hal_get_timer_frequency
 text_sleeptimer_timecritical6670
                0x0000000008001a48       0x70 ./simplicity_sdk_2025.6.2/platform/service/sleeptimer/src/sl_sleeptimer_hal_sysrtc.o
                0x0000000008001a48                sleeptimer_hal_set_compare
 text_sleeptimer_timecritical70101
                0x0000000008001ab8       0x24 ./simplicity_sdk_2025.6.2/platform/service/sleeptimer/src/sl_sleeptimer_hal_sysrtc.o
                0x0000000008001ab8                sleeptimer_hal_disable_int
 text_sleeptimer_timecritical71109
                0x0000000008001adc       0x10 ./simplicity_sdk_2025.6.2/platform/service/sleeptimer/src/sl_sleeptimer_hal_sysrtc.o
                0x0000000008001adc                sleeptimer_hal_set_int
 text_system_timecritical27244
                0x0000000008001aec        0x6 ./simplicity_sdk_2025.6.2/platform/Device/SiliconLabs/EFR32MG24/Source/system_efr32mg24.o
                0x0000000008001aec                SystemLFRCOClockGet
 text_system_timecritical28246
                0x0000000008001af2        0x6 ./simplicity_sdk_2025.6.2/platform/Device/SiliconLabs/EFR32MG24/Source/system_efr32mg24.o
                0x0000000008001af2                SystemULFRCOClockGet
 text_core_timecritical2307
                0x0000000008001af8        0xa ./simplicity_sdk_2025.6.2/platform/common/src/sl_core_cortexm.o
                0x0000000008001af8                CORE_ExitCritical
 text_core_timecritical4331
                0x0000000008001b02        0x8 ./simplicity_sdk_2025.6.2/platform/common/src/sl_core_cortexm.o
                0x0000000008001b02                CORE_EnterCritical
 text_core_timecritical7363
                0x0000000008001b0a        0xa ./simplicity_sdk_2025.6.2/platform/common/src/sl_core_cortexm.o
                0x0000000008001b0a                CORE_ExitAtomic
 text_core_timecritical9387
                0x0000000008001b14        0xc ./simplicity_sdk_2025.6.2/platform/common/src/sl_core_cortexm.o
                0x0000000008001b14                CORE_EnterAtomic
 text_clock_manager_timecritical1352
                0x0000000008001b20        0xa ./simplicity_sdk_2025.6.2/platform/service/clock_manager/src/sl_clock_manager.o
                0x0000000008001b20                sl_clock_manager_get_clock_branch_frequency
 text_clock_manager_timecritical2380
                0x0000000008001b2a        0x6 ./simplicity_sdk_2025.6.2/platform/service/clock_manager/src/sl_clock_manager.o
                0x0000000008001b2a                sl_clock_manager_enable_bus_clock
 text_clock_manager_timecritical2561
                0x0000000008001b30       0xc4 ./simplicity_sdk_2025.6.2/platform/service/clock_manager/src/sl_clock_manager_hal_s2.o
                0x0000000008001b30                sli_clock_manager_hal_get_clock_branch_frequency
 text_sleeptimer_timecritical75155
                0x0000000008001bf4        0x6 ./simplicity_sdk_2025.6.2/platform/service/sleeptimer/src/sl_sleeptimer.o
 text_sleeptimer_timecritical29161
                0x0000000008001bfa       0x48 ./simplicity_sdk_2025.6.2/platform/service/sleeptimer/src/sl_sleeptimer.o
                0x0000000008001bfa                sl_sleeptimer_start_timer
 text_sleeptimer_timecritical6562
                0x0000000008001c42        0x8 ./simplicity_sdk_2025.6.2/platform/service/sleeptimer/src/sl_sleeptimer_hal_sysrtc.o
                0x0000000008001c42                sleeptimer_hal_get_compare
 text_sleeptimer_timecritical6993
                0x0000000008001c4a       0x12 ./simplicity_sdk_2025.6.2/platform/service/sleeptimer/src/sl_sleeptimer_hal_sysrtc.o
                0x0000000008001c4a                sleeptimer_hal_enable_int
 text_sleeptimer_timecritical86325
                0x0000000008001c5c       0x34 ./simplicity_sdk_2025.6.2/platform/service/sleeptimer/src/sl_sleeptimer_hal_sysrtc.o
                0x0000000008001c5c                SYSRTC_APP_IRQHandler
                0x0000000008001ca0                . = ALIGN (0x20)
 *fill*         0x0000000008001c90       0x10 
                0x0000000008001ca0                linker_code_end = .
 *(.init)
 .init          0x0000000008001ca0        0x4 /Applications/Simplicity Studio.app/Contents/Eclipse/developer/toolchains/gnu_arm/12.2.rel1_2023.7/bin/../lib/gcc/arm-none-eabi/12.2.1/thumb/v8-m.main+fp/hard/crti.o
                0x0000000008001ca0                _init
 .init          0x0000000008001ca4        0x8 /Applications/Simplicity Studio.app/Contents/Eclipse/developer/toolchains/gnu_arm/12.2.rel1_2023.7/bin/../lib/gcc/arm-none-eabi/12.2.1/thumb/v8-m.main+fp/hard/crtn.o
 *(.fini)
 .fini          0x0000000008001cac        0x4 /Applications/Simplicity Studio.app/Contents/Eclipse/developer/toolchains/gnu_arm/12.2.rel1_2023.7/bin/../lib/gcc/arm-none-eabi/12.2.1/thumb/v8-m.main+fp/hard/crti.o
                0x0000000008001cac                _fini
 .fini          0x0000000008001cb0        0x8 /Applications/Simplicity Studio.app/Contents/Eclipse/developer/toolchains/gnu_arm/12.2.rel1_2023.7/bin/../lib/gcc/arm-none-eabi/12.2.1/thumb/v8-m.main+fp/hard/crtn.o
 *crtbegin.o(.ctors)
 *crtbegin?.o(.ctors)
 *(EXCLUDE_FILE(*crtend.o *crtend?.o) .ctors)
 *(SORT_BY_NAME(.ctors.*))
 *(.ctors)
 *crtbegin.o(.dtors)
 *crtbegin?.o(.dtors)
 *(EXCLUDE_FILE(*crtend.o *crtend?.o) .dtors)
 *(SORT_BY_NAME(.dtors.*))
 *(.dtors)
 *(.rodata*)
 .rodata.main.str1.1
                0x0000000008001cb8       0x17 ./main.o
 .rodata.traceClkGet.str1.1
                0x0000000008001ccf       0x58 ./simplicity_sdk_2025.6.2/platform/emlib/src/em_cmu.o
 .rodata.sl_hal_sysrtc_start.str1.1
                0x0000000008001d27       0x65 ./simplicity_sdk_2025.6.2/platform/peripheral/src/sl_hal_sysrtc.o
 .rodata.str1.1
                0x0000000008001d8c       0x64 ./simplicity_sdk_2025.6.2/platform/peripheral/src/sl_hal_sysrtc.o
 .rodata.str1.1
                0x0000000008001df0       0xd2 ./simplicity_sdk_2025.6.2/platform/service/clock_manager/src/sl_clock_manager_hal_s2.o
 *fill*         0x0000000008001ec2        0x2 
 .rodata.SL_BUS_CLOCK_SYSRTC0_VALUE
                0x0000000008001ec4        0x4 ./simplicity_sdk_2025.6.2/platform/service/device_manager/clocks/sl_device_clock_efr32xg24.o
                0x0000000008001ec4                SL_BUS_CLOCK_SYSRTC0_VALUE
 .rodata.sl_peripheral_val_sysrtc0
                0x0000000008001ec8        0xc ./simplicity_sdk_2025.6.2/platform/service/device_manager/devices/sl_device_peripheral_hal_efr32xg24.o
                0x0000000008001ec8                sl_peripheral_val_sysrtc0
 .rodata.sl_interrupt_manager_disable_irq.str1.1
                0x0000000008001ed4       0x82 ./simplicity_sdk_2025.6.2/platform/service/interrupt_manager/src/sl_interrupt_manager_cortexm.o
 .rodata.str1.1
                0x0000000008001f56       0x6c ./simplicity_sdk_2025.6.2/platform/service/sleeptimer/src/sl_sleeptimer.o
 *(.eh_frame*)
 *fill*         0x0000000008001fc2        0x2 
 .eh_frame      0x0000000008001fc4        0x0 /Applications/Simplicity Studio.app/Contents/Eclipse/developer/toolchains/gnu_arm/12.2.rel1_2023.7/bin/../lib/gcc/arm-none-eabi/12.2.1/thumb/v8-m.main+fp/hard/crtbegin.o

.glue_7         0x0000000008001fc4        0x0
 .glue_7        0x0000000008001fc4        0x0 linker stubs

.glue_7t        0x0000000008001fc4        0x0
 .glue_7t       0x0000000008001fc4        0x0 linker stubs

.vfp11_veneer   0x0000000008001fc4        0x0
 .vfp11_veneer  0x0000000008001fc4        0x0 linker stubs

.v4_bx          0x0000000008001fc4        0x0
 .v4_bx         0x0000000008001fc4        0x0 linker stubs

.iplt           0x0000000008001fc4        0x0
 .iplt          0x0000000008001fc4        0x0 /Applications/Simplicity Studio.app/Contents/Eclipse/developer/toolchains/gnu_arm/12.2.rel1_2023.7/bin/../lib/gcc/arm-none-eabi/12.2.1/thumb/v8-m.main+fp/hard/crtbegin.o

.ARM.extab
 *(.ARM.extab* .gnu.linkonce.armextab.*)
                0x0000000008001fc4                __exidx_start = .

.ARM.exidx      0x0000000008001fc4        0x8
 *(.ARM.exidx* .gnu.linkonce.armexidx.*)
 .ARM.exidx     0x0000000008001fc4        0x8 /Applications/Simplicity Studio.app/Contents/Eclipse/developer/toolchains/gnu_arm/12.2.rel1_2023.7/bin/../lib/gcc/arm-none-eabi/12.2.1/../../../../arm-none-eabi/lib/thumb/v8-m.main+fp/hard/crt0.o
                                         0x10 (size before relaxing)
 .ARM.exidx.text.__udivmoddi4
                0x0000000008001fcc        0x0 /Applications/Simplicity Studio.app/Contents/Eclipse/developer/toolchains/gnu_arm/12.2.rel1_2023.7/bin/../lib/gcc/arm-none-eabi/12.2.1/thumb/v8-m.main+fp/hard/libgcc.a(_udivmoddi4.o)
                                          0x8 (size before relaxing)
                0x0000000008001fcc                __exidx_end = .

.copy.table     0x0000000008001fcc        0xc
                0x0000000008001fcc                . = ALIGN (0x4)
                0x0000000008001fcc                __copy_table_start__ = .
                0x0000000008001fcc        0x4 LONG 0x8001fd8 __etext
                0x0000000008001fd0        0x4 LONG 0x2000119c __data_start__
                0x0000000008001fd4        0x4 LONG 0x7 ((__data_end__ - __data_start__) / 0x4)
                0x0000000008001fd8                __copy_table_end__ = .

.rel.dyn        0x0000000008001fd8        0x0
 .rel.iplt      0x0000000008001fd8        0x0 /Applications/Simplicity Studio.app/Contents/Eclipse/developer/toolchains/gnu_arm/12.2.rel1_2023.7/bin/../lib/gcc/arm-none-eabi/12.2.1/thumb/v8-m.main+fp/hard/crtbegin.o

.zero.table     0x0000000008001fd8        0x0
                0x0000000008001fd8                . = ALIGN (0x4)
                0x0000000008001fd8                __zero_table_start__ = .
                0x0000000008001fd8                __zero_table_end__ = .
                0x0000000008001fd8                __etext = .

.data           0x000000002000119c       0x1c load address 0x0000000008001fd8
                0x000000002000119c                . = ALIGN (0x4)
                0x000000002000119c                __data_start__ = .
 *(vtable)
 *(SORT_BY_ALIGNMENT(.data*))
 .data.SystemCoreClock
                0x000000002000119c        0x4 ./simplicity_sdk_2025.6.2/platform/Device/SiliconLabs/EFR32MG24/Source/system_efr32mg24.o
                0x000000002000119c                SystemCoreClock
 .data.SystemHFRCODPLLClock
                0x00000000200011a0        0x4 ./simplicity_sdk_2025.6.2/platform/Device/SiliconLabs/EFR32MG24/Source/system_efr32mg24.o
 .data.SystemLFXOClock
                0x00000000200011a4        0x4 ./simplicity_sdk_2025.6.2/platform/Device/SiliconLabs/EFR32MG24/Source/system_efr32mg24.o
 .data.SystemHFXOClock
                0x00000000200011a8        0x4 ./simplicity_sdk_2025.6.2/platform/Device/SiliconLabs/EFR32MG24/Source/system_efr32mg24.o
 .data.cc_disabled
                0x00000000200011ac        0x1 ./simplicity_sdk_2025.6.2/platform/service/sleeptimer/src/sl_sleeptimer_hal_sysrtc.o
                0x00000000200011b0                . = ALIGN (0x4)
 *fill*         0x00000000200011ad        0x3 
                0x00000000200011b0                . = ALIGN (0x4)
                0x00000000200011b0                PROVIDE (__preinit_array_start = .)
 *(.preinit_array)
                0x00000000200011b0                PROVIDE (__preinit_array_end = .)
                0x00000000200011b0                . = ALIGN (0x4)
                0x00000000200011b0                PROVIDE (__init_array_start = .)
 *(SORT_BY_NAME(.init_array.*))
 *(.init_array)
 .init_array    0x00000000200011b0        0x4 /Applications/Simplicity Studio.app/Contents/Eclipse/developer/toolchains/gnu_arm/12.2.rel1_2023.7/bin/../lib/gcc/arm-none-eabi/12.2.1/thumb/v8-m.main+fp/hard/crtbegin.o
                0x00000000200011b4                PROVIDE (__init_array_end = .)
                0x00000000200011b4                . = ALIGN (0x4)
                [!provide]                        PROVIDE (__fini_array_start = .)
 *(SORT_BY_NAME(.fini_array.*))
 *(.fini_array)
 .fini_array    0x00000000200011b4        0x4 /Applications/Simplicity Studio.app/Contents/Eclipse/developer/toolchains/gnu_arm/12.2.rel1_2023.7/bin/../lib/gcc/arm-none-eabi/12.2.1/thumb/v8-m.main+fp/hard/crtbegin.o
                [!provide]                        PROVIDE (__fini_array_end = .)
                0x00000000200011b8                . = ALIGN (0x4)
                0x00000000200011b8                __data_end__ = .
                0x0000000020040000                heap_limit = (ORIGIN (RAM) + LENGTH (RAM))
                0x000000000003ee48                heap_size = (heap_limit - __HeapBase)

.tm_clone_table
                0x00000000200011b8        0x0 load address 0x0000000008001ff4
 .tm_clone_table
                0x00000000200011b8        0x0 /Applications/Simplicity Studio.app/Contents/Eclipse/developer/toolchains/gnu_arm/12.2.rel1_2023.7/bin/../lib/gcc/arm-none-eabi/12.2.1/thumb/v8-m.main+fp/hard/crtbegin.o
 .tm_clone_table
                0x00000000200011b8        0x0 /Applications/Simplicity Studio.app/Contents/Eclipse/developer/toolchains/gnu_arm/12.2.rel1_2023.7/bin/../lib/gcc/arm-none-eabi/12.2.1/thumb/v8-m.main+fp/hard/crtend.o

.igot.plt       0x00000000200011b8        0x0 load address 0x0000000008001ff4
 .igot.plt      0x00000000200011b8        0x0 /Applications/Simplicity Studio.app/Contents/Eclipse/developer/toolchains/gnu_arm/12.2.rel1_2023.7/bin/../lib/gcc/arm-none-eabi/12.2.1/thumb/v8-m.main+fp/hard/crtbegin.o

.heap           0x00000000200011b8    0x3ee48 load address 0x0000000008001ff4
                0x00000000200011b8                . = ALIGN (0x8)
                0x00000000200011b8                __HeapBase = .
                0x0000000020040000                . = (. + heap_size)
 *fill*         0x00000000200011b8    0x3ee48 
                0x0000000020040000                __end__ = .
                0x0000000020040000                _end = __end__
 *(.heap*)
                0x0000000020040000                __HeapLimit = (ORIGIN (RAM) + LENGTH (RAM))
                0x000000000003ee48                __heap_size = (__HeapLimit - __HeapBase)
                0x0000000020040000                __ram_end__ = 0x20040000
                0x000000000817e000                __main_flash_end__ = 0x817e000

.internal_storage
 *(.internal_storage*)

.nvm
 *(.simee*)
                0x000000002000119c                __ramfuncs_start__ = __vma_ramfuncs_start__
                0x000000002000119c                __ramfuncs_end__ = __vma_ramfuncs_end__
                0x000000000817e000                linker_nvm_end = __main_flash_end__
                0x000000000817e000                linker_nvm_begin = (linker_nvm_end - SIZEOF (.nvm))
                0x000000000817e000                linker_storage_end = linker_nvm_begin
                0x000000000817e000                __nvm3Base = linker_nvm_begin
                0x000000000817e000                linker_storage_begin = (linker_storage_end - SIZEOF (.internal_storage))
                0x0000000000000001                ASSERT ((linker_storage_begin >= (__etext + SIZEOF (.data))), FLASH memory overflowed !)
                0x000000000817e000                app_flash_end = 0x817e000
                0x0000000000000001                ASSERT (((linker_nvm_begin + SIZEOF (.nvm)) <= app_flash_end), NVM3 is excessing the flash size !)
OUTPUT(LCD.axf elf32-littlearm)
LOAD linker stubs

.ARM.attributes
                0x0000000000000000       0x36
 .ARM.attributes
                0x0000000000000000       0x26 /Applications/Simplicity Studio.app/Contents/Eclipse/developer/toolchains/gnu_arm/12.2.rel1_2023.7/bin/../lib/gcc/arm-none-eabi/12.2.1/thumb/v8-m.main+fp/hard/crti.o
 .ARM.attributes
                0x0000000000000026       0x38 /Applications/Simplicity Studio.app/Contents/Eclipse/developer/toolchains/gnu_arm/12.2.rel1_2023.7/bin/../lib/gcc/arm-none-eabi/12.2.1/thumb/v8-m.main+fp/hard/crtbegin.o
 .ARM.attributes
                0x000000000000005e       0x24 /Applications/Simplicity Studio.app/Contents/Eclipse/developer/toolchains/gnu_arm/12.2.rel1_2023.7/bin/../lib/gcc/arm-none-eabi/12.2.1/../../../../arm-none-eabi/lib/thumb/v8-m.main+fp/hard/crt0.o
 .ARM.attributes
                0x0000000000000082       0x3a ./main.o
 .ARM.attributes
                0x00000000000000bc       0x3a ./simplicity_sdk_2025.6.2/platform/Device/SiliconLabs/EFR32MG24/Source/startup_efr32mg24.o
 .ARM.attributes
                0x00000000000000f6       0x3a ./simplicity_sdk_2025.6.2/platform/Device/SiliconLabs/EFR32MG24/Source/system_efr32mg24.o
 .ARM.attributes
                0x0000000000000130       0x3a ./simplicity_sdk_2025.6.2/platform/common/src/sl_assert.o
 .ARM.attributes
                0x000000000000016a       0x3a ./simplicity_sdk_2025.6.2/platform/common/src/sl_core_cortexm.o
 .ARM.attributes
                0x00000000000001a4       0x3a ./simplicity_sdk_2025.6.2/platform/common/src/sl_syscalls.o
 .ARM.attributes
                0x00000000000001de       0x3a ./simplicity_sdk_2025.6.2/platform/driver/gpio/src/sl_gpio.o
 .ARM.attributes
                0x0000000000000218       0x3a ./simplicity_sdk_2025.6.2/platform/emlib/src/em_cmu.o
 .ARM.attributes
                0x0000000000000252       0x3a ./simplicity_sdk_2025.6.2/platform/peripheral/src/sl_hal_gpio.o
 .ARM.attributes
                0x000000000000028c       0x3a ./simplicity_sdk_2025.6.2/platform/peripheral/src/sl_hal_sysrtc.o
 .ARM.attributes
                0x00000000000002c6       0x3a ./simplicity_sdk_2025.6.2/platform/service/clock_manager/src/sl_clock_manager.o
 .ARM.attributes
                0x0000000000000300       0x3a ./simplicity_sdk_2025.6.2/platform/service/clock_manager/src/sl_clock_manager_hal_s2.o
 .ARM.attributes
                0x000000000000033a       0x3a ./simplicity_sdk_2025.6.2/platform/service/device_manager/clocks/sl_device_clock_efr32xg24.o
 .ARM.attributes
                0x0000000000000374       0x3a ./simplicity_sdk_2025.6.2/platform/service/device_manager/devices/sl_device_peripheral_hal_efr32xg24.o
 .ARM.attributes
                0x00000000000003ae       0x3a ./simplicity_sdk_2025.6.2/platform/service/interrupt_manager/src/sl_interrupt_manager_cortexm.o
 .ARM.attributes
                0x00000000000003e8       0x3a ./simplicity_sdk_2025.6.2/platform/service/memory_manager/src/sl_memory_manager_region.o
 .ARM.attributes
                0x0000000000000422       0x3a ./simplicity_sdk_2025.6.2/platform/service/sleeptimer/src/sl_sleeptimer.o
 .ARM.attributes
                0x000000000000045c       0x3a ./simplicity_sdk_2025.6.2/platform/service/sleeptimer/src/sl_sleeptimer_hal_sysrtc.o
 .ARM.attributes
                0x0000000000000496       0x26 /Applications/Simplicity Studio.app/Contents/Eclipse/developer/toolchains/gnu_arm/12.2.rel1_2023.7/bin/../lib/gcc/arm-none-eabi/12.2.1/thumb/v8-m.main+fp/hard/libgcc.a(_aeabi_uldivmod.o)
 .ARM.attributes
                0x00000000000004bc       0x38 /Applications/Simplicity Studio.app/Contents/Eclipse/developer/toolchains/gnu_arm/12.2.rel1_2023.7/bin/../lib/gcc/arm-none-eabi/12.2.1/thumb/v8-m.main+fp/hard/libgcc.a(_udivmoddi4.o)
 .ARM.attributes
                0x00000000000004f4       0x26 /Applications/Simplicity Studio.app/Contents/Eclipse/developer/toolchains/gnu_arm/12.2.rel1_2023.7/bin/../lib/gcc/arm-none-eabi/12.2.1/thumb/v8-m.main+fp/hard/libgcc.a(_dvmd_tls.o)
 .ARM.attributes
                0x000000000000051a       0x38 /Applications/Simplicity Studio.app/Contents/Eclipse/developer/toolchains/gnu_arm/12.2.rel1_2023.7/bin/../lib/gcc/arm-none-eabi/12.2.1/../../../../arm-none-eabi/lib/thumb/v8-m.main+fp/hard/libc_nano.a(libc_a-exit.o)
 .ARM.attributes
                0x0000000000000552       0x38 /Applications/Simplicity Studio.app/Contents/Eclipse/developer/toolchains/gnu_arm/12.2.rel1_2023.7/bin/../lib/gcc/arm-none-eabi/12.2.1/../../../../arm-none-eabi/lib/thumb/v8-m.main+fp/hard/libc_nano.a(libc_a-findfp.o)
 .ARM.attributes
                0x000000000000058a       0x38 /Applications/Simplicity Studio.app/Contents/Eclipse/developer/toolchains/gnu_arm/12.2.rel1_2023.7/bin/../lib/gcc/arm-none-eabi/12.2.1/../../../../arm-none-eabi/lib/thumb/v8-m.main+fp/hard/libc_nano.a(libc_a-memset.o)
 .ARM.attributes
                0x00000000000005c2       0x38 /Applications/Simplicity Studio.app/Contents/Eclipse/developer/toolchains/gnu_arm/12.2.rel1_2023.7/bin/../lib/gcc/arm-none-eabi/12.2.1/../../../../arm-none-eabi/lib/thumb/v8-m.main+fp/hard/libc_nano.a(libc_a-init.o)
 .ARM.attributes
                0x00000000000005fa       0x17 /Applications/Simplicity Studio.app/Contents/Eclipse/developer/toolchains/gnu_arm/12.2.rel1_2023.7/bin/../lib/gcc/arm-none-eabi/12.2.1/../../../../arm-none-eabi/lib/thumb/v8-m.main+fp/hard/libc_nano.a(libc_a-strlen.o)
 .ARM.attributes
                0x0000000000000611       0x38 /Applications/Simplicity Studio.app/Contents/Eclipse/developer/toolchains/gnu_arm/12.2.rel1_2023.7/bin/../lib/gcc/arm-none-eabi/12.2.1/thumb/v8-m.main+fp/hard/crtend.o
 .ARM.attributes
                0x0000000000000649       0x26 /Applications/Simplicity Studio.app/Contents/Eclipse/developer/toolchains/gnu_arm/12.2.rel1_2023.7/bin/../lib/gcc/arm-none-eabi/12.2.1/thumb/v8-m.main+fp/hard/crtn.o

.comment        0x0000000000000000       0x40
 .comment       0x0000000000000000       0x40 ./main.o
                                         0x41 (size before relaxing)
 .comment       0x0000000000000040       0x41 ./simplicity_sdk_2025.6.2/platform/Device/SiliconLabs/EFR32MG24/Source/startup_efr32mg24.o
 .comment       0x0000000000000040       0x41 ./simplicity_sdk_2025.6.2/platform/Device/SiliconLabs/EFR32MG24/Source/system_efr32mg24.o
 .comment       0x0000000000000040       0x41 ./simplicity_sdk_2025.6.2/platform/common/src/sl_assert.o
 .comment       0x0000000000000040       0x41 ./simplicity_sdk_2025.6.2/platform/common/src/sl_core_cortexm.o
 .comment       0x0000000000000040       0x41 ./simplicity_sdk_2025.6.2/platform/common/src/sl_syscalls.o
 .comment       0x0000000000000040       0x41 ./simplicity_sdk_2025.6.2/platform/driver/gpio/src/sl_gpio.o
 .comment       0x0000000000000040       0x41 ./simplicity_sdk_2025.6.2/platform/emlib/src/em_cmu.o
 .comment       0x0000000000000040       0x41 ./simplicity_sdk_2025.6.2/platform/peripheral/src/sl_hal_gpio.o
 .comment       0x0000000000000040       0x41 ./simplicity_sdk_2025.6.2/platform/peripheral/src/sl_hal_sysrtc.o
 .comment       0x0000000000000040       0x41 ./simplicity_sdk_2025.6.2/platform/service/clock_manager/src/sl_clock_manager.o
 .comment       0x0000000000000040       0x41 ./simplicity_sdk_2025.6.2/platform/service/clock_manager/src/sl_clock_manager_hal_s2.o
 .comment       0x0000000000000040       0x41 ./simplicity_sdk_2025.6.2/platform/service/device_manager/clocks/sl_device_clock_efr32xg24.o
 .comment       0x0000000000000040       0x41 ./simplicity_sdk_2025.6.2/platform/service/device_manager/devices/sl_device_peripheral_hal_efr32xg24.o
 .comment       0x0000000000000040       0x41 ./simplicity_sdk_2025.6.2/platform/service/interrupt_manager/src/sl_interrupt_manager_cortexm.o
 .comment       0x0000000000000040       0x41 ./simplicity_sdk_2025.6.2/platform/service/memory_manager/src/sl_memory_manager_region.o
 .comment       0x0000000000000040       0x41 ./simplicity_sdk_2025.6.2/platform/service/sleeptimer/src/sl_sleeptimer.o
 .comment       0x0000000000000040       0x41 ./simplicity_sdk_2025.6.2/platform/service/sleeptimer/src/sl_sleeptimer_hal_sysrtc.o

.debug_line_str
                0x0000000000000000      0x2ca
 .debug_line_str
                0x0000000000000000       0xf0 /Applications/Simplicity Studio.app/Contents/Eclipse/developer/toolchains/gnu_arm/12.2.rel1_2023.7/bin/../lib/gcc/arm-none-eabi/12.2.1/../../../../arm-none-eabi/lib/thumb/v8-m.main+fp/hard/crt0.o
 .debug_line_str
                0x00000000000000f0       0xd6 /Applications/Simplicity Studio.app/Contents/Eclipse/developer/toolchains/gnu_arm/12.2.rel1_2023.7/bin/../lib/gcc/arm-none-eabi/12.2.1/thumb/v8-m.main+fp/hard/libgcc.a(_aeabi_uldivmod.o)
 .debug_line_str
                0x00000000000001c6        0xc /Applications/Simplicity Studio.app/Contents/Eclipse/developer/toolchains/gnu_arm/12.2.rel1_2023.7/bin/../lib/gcc/arm-none-eabi/12.2.1/thumb/v8-m.main+fp/hard/libgcc.a(_dvmd_tls.o)
                                         0xda (size before relaxing)
 .debug_line_str
                0x00000000000001d2       0xf8 /Applications/Simplicity Studio.app/Contents/Eclipse/developer/toolchains/gnu_arm/12.2.rel1_2023.7/bin/../lib/gcc/arm-none-eabi/12.2.1/../../../../arm-none-eabi/lib/thumb/v8-m.main+fp/hard/libc_nano.a(libc_a-strlen.o)

.debug_info     0x0000000000000000    0x212ca
 .debug_info    0x0000000000000000     0x2854 ./main.o
 .debug_info    0x0000000000002854      0x440 ./simplicity_sdk_2025.6.2/platform/Device/SiliconLabs/EFR32MG24/Source/startup_efr32mg24.o
 .debug_info    0x0000000000002c94     0x228b ./simplicity_sdk_2025.6.2/platform/Device/SiliconLabs/EFR32MG24/Source/system_efr32mg24.o
 .debug_info    0x0000000000004f1f       0x86 ./simplicity_sdk_2025.6.2/platform/common/src/sl_assert.o
 .debug_info    0x0000000000004fa5      0x9d3 ./simplicity_sdk_2025.6.2/platform/common/src/sl_core_cortexm.o
 .debug_info    0x0000000000005978      0x2c7 ./simplicity_sdk_2025.6.2/platform/common/src/sl_syscalls.o
 .debug_info    0x0000000000005c3f     0x3e11 ./simplicity_sdk_2025.6.2/platform/driver/gpio/src/sl_gpio.o
 .debug_info    0x0000000000009a50     0xa9e5 ./simplicity_sdk_2025.6.2/platform/emlib/src/em_cmu.o
 .debug_info    0x0000000000014435     0x3335 ./simplicity_sdk_2025.6.2/platform/peripheral/src/sl_hal_gpio.o
 .debug_info    0x000000000001776a      0xe72 ./simplicity_sdk_2025.6.2/platform/peripheral/src/sl_hal_sysrtc.o
 .debug_info    0x00000000000185dc      0xc46 ./simplicity_sdk_2025.6.2/platform/service/clock_manager/src/sl_clock_manager.o
 .debug_info    0x0000000000019222     0x2b7d ./simplicity_sdk_2025.6.2/platform/service/clock_manager/src/sl_clock_manager_hal_s2.o
 .debug_info    0x000000000001bd9f      0x75e ./simplicity_sdk_2025.6.2/platform/service/device_manager/clocks/sl_device_clock_efr32xg24.o
 .debug_info    0x000000000001c4fd      0xa46 ./simplicity_sdk_2025.6.2/platform/service/device_manager/devices/sl_device_peripheral_hal_efr32xg24.o
 .debug_info    0x000000000001cf43     0x1171 ./simplicity_sdk_2025.6.2/platform/service/interrupt_manager/src/sl_interrupt_manager_cortexm.o
 .debug_info    0x000000000001e0b4      0x1e8 ./simplicity_sdk_2025.6.2/platform/service/memory_manager/src/sl_memory_manager_region.o
 .debug_info    0x000000000001e29c     0x19f0 ./simplicity_sdk_2025.6.2/platform/service/sleeptimer/src/sl_sleeptimer.o
 .debug_info    0x000000000001fc8c     0x163e ./simplicity_sdk_2025.6.2/platform/service/sleeptimer/src/sl_sleeptimer_hal_sysrtc.o

.debug_abbrev   0x0000000000000000     0x324b
 .debug_abbrev  0x0000000000000000      0x234 ./main.o
 .debug_abbrev  0x0000000000000234      0x28b ./simplicity_sdk_2025.6.2/platform/Device/SiliconLabs/EFR32MG24/Source/startup_efr32mg24.o
 .debug_abbrev  0x00000000000004bf      0x30d ./simplicity_sdk_2025.6.2/platform/Device/SiliconLabs/EFR32MG24/Source/system_efr32mg24.o
 .debug_abbrev  0x00000000000007cc       0x6c ./simplicity_sdk_2025.6.2/platform/common/src/sl_assert.o
 .debug_abbrev  0x0000000000000838      0x27b ./simplicity_sdk_2025.6.2/platform/common/src/sl_core_cortexm.o
 .debug_abbrev  0x0000000000000ab3      0x143 ./simplicity_sdk_2025.6.2/platform/common/src/sl_syscalls.o
 .debug_abbrev  0x0000000000000bf6      0x48a ./simplicity_sdk_2025.6.2/platform/driver/gpio/src/sl_gpio.o
 .debug_abbrev  0x0000000000001080      0x5ba ./simplicity_sdk_2025.6.2/platform/emlib/src/em_cmu.o
 .debug_abbrev  0x000000000000163a      0x4db ./simplicity_sdk_2025.6.2/platform/peripheral/src/sl_hal_gpio.o
 .debug_abbrev  0x0000000000001b15      0x280 ./simplicity_sdk_2025.6.2/platform/peripheral/src/sl_hal_sysrtc.o
 .debug_abbrev  0x0000000000001d95      0x1ba ./simplicity_sdk_2025.6.2/platform/service/clock_manager/src/sl_clock_manager.o
 .debug_abbrev  0x0000000000001f4f      0x40d ./simplicity_sdk_2025.6.2/platform/service/clock_manager/src/sl_clock_manager_hal_s2.o
 .debug_abbrev  0x000000000000235c       0x6d ./simplicity_sdk_2025.6.2/platform/service/device_manager/clocks/sl_device_clock_efr32xg24.o
 .debug_abbrev  0x00000000000023c9       0xc5 ./simplicity_sdk_2025.6.2/platform/service/device_manager/devices/sl_device_peripheral_hal_efr32xg24.o
 .debug_abbrev  0x000000000000248e      0x3d8 ./simplicity_sdk_2025.6.2/platform/service/interrupt_manager/src/sl_interrupt_manager_cortexm.o
 .debug_abbrev  0x0000000000002866      0x11e ./simplicity_sdk_2025.6.2/platform/service/memory_manager/src/sl_memory_manager_region.o
 .debug_abbrev  0x0000000000002984      0x443 ./simplicity_sdk_2025.6.2/platform/service/sleeptimer/src/sl_sleeptimer.o
 .debug_abbrev  0x0000000000002dc7      0x484 ./simplicity_sdk_2025.6.2/platform/service/sleeptimer/src/sl_sleeptimer_hal_sysrtc.o

.debug_loc      0x0000000000000000     0xbec8
 .debug_loc     0x0000000000000000      0x199 ./main.o
 .debug_loc     0x0000000000000199      0x163 ./simplicity_sdk_2025.6.2/platform/Device/SiliconLabs/EFR32MG24/Source/startup_efr32mg24.o
 .debug_loc     0x00000000000002fc      0x17b ./simplicity_sdk_2025.6.2/platform/Device/SiliconLabs/EFR32MG24/Source/system_efr32mg24.o
 .debug_loc     0x0000000000000477       0x2a ./simplicity_sdk_2025.6.2/platform/common/src/sl_assert.o
 .debug_loc     0x00000000000004a1      0x141 ./simplicity_sdk_2025.6.2/platform/common/src/sl_core_cortexm.o
 .debug_loc     0x00000000000005e2      0x118 ./simplicity_sdk_2025.6.2/platform/common/src/sl_syscalls.o
 .debug_loc     0x00000000000006fa     0x17c5 ./simplicity_sdk_2025.6.2/platform/driver/gpio/src/sl_gpio.o
 .debug_loc     0x0000000000001ebf     0x4c7f ./simplicity_sdk_2025.6.2/platform/emlib/src/em_cmu.o
 .debug_loc     0x0000000000006b3e      0xfd7 ./simplicity_sdk_2025.6.2/platform/peripheral/src/sl_hal_gpio.o
 .debug_loc     0x0000000000007b15      0x529 ./simplicity_sdk_2025.6.2/platform/peripheral/src/sl_hal_sysrtc.o
 .debug_loc     0x000000000000803e      0x68f ./simplicity_sdk_2025.6.2/platform/service/clock_manager/src/sl_clock_manager.o
 .debug_loc     0x00000000000086cd     0x136c ./simplicity_sdk_2025.6.2/platform/service/clock_manager/src/sl_clock_manager_hal_s2.o
 .debug_loc     0x0000000000009a39      0x5cf ./simplicity_sdk_2025.6.2/platform/service/interrupt_manager/src/sl_interrupt_manager_cortexm.o
 .debug_loc     0x000000000000a008       0xa9 ./simplicity_sdk_2025.6.2/platform/service/memory_manager/src/sl_memory_manager_region.o
 .debug_loc     0x000000000000a0b1     0x192a ./simplicity_sdk_2025.6.2/platform/service/sleeptimer/src/sl_sleeptimer.o
 .debug_loc     0x000000000000b9db      0x4ed ./simplicity_sdk_2025.6.2/platform/service/sleeptimer/src/sl_sleeptimer_hal_sysrtc.o

.debug_aranges  0x0000000000000000      0xc40
 .debug_aranges
                0x0000000000000000       0x40 ./main.o
 .debug_aranges
                0x0000000000000040       0x38 ./simplicity_sdk_2025.6.2/platform/Device/SiliconLabs/EFR32MG24/Source/startup_efr32mg24.o
 .debug_aranges
                0x0000000000000078       0x90 ./simplicity_sdk_2025.6.2/platform/Device/SiliconLabs/EFR32MG24/Source/system_efr32mg24.o
 .debug_aranges
                0x0000000000000108       0x20 ./simplicity_sdk_2025.6.2/platform/common/src/sl_assert.o
 .debug_aranges
                0x0000000000000128       0xa0 ./simplicity_sdk_2025.6.2/platform/common/src/sl_core_cortexm.o
 .debug_aranges
                0x00000000000001c8       0x68 ./simplicity_sdk_2025.6.2/platform/common/src/sl_syscalls.o
 .debug_aranges
                0x0000000000000230      0x108 ./simplicity_sdk_2025.6.2/platform/driver/gpio/src/sl_gpio.o
 .debug_aranges
                0x0000000000000338      0x210 ./simplicity_sdk_2025.6.2/platform/emlib/src/em_cmu.o
 .debug_aranges
                0x0000000000000548      0x150 ./simplicity_sdk_2025.6.2/platform/peripheral/src/sl_hal_gpio.o
 .debug_aranges
                0x0000000000000698       0xd8 ./simplicity_sdk_2025.6.2/platform/peripheral/src/sl_hal_sysrtc.o
 .debug_aranges
                0x0000000000000770      0x100 ./simplicity_sdk_2025.6.2/platform/service/clock_manager/src/sl_clock_manager.o
 .debug_aranges
                0x0000000000000870       0xf0 ./simplicity_sdk_2025.6.2/platform/service/clock_manager/src/sl_clock_manager_hal_s2.o
 .debug_aranges
                0x0000000000000960       0x18 ./simplicity_sdk_2025.6.2/platform/service/device_manager/clocks/sl_device_clock_efr32xg24.o
 .debug_aranges
                0x0000000000000978       0x18 ./simplicity_sdk_2025.6.2/platform/service/device_manager/devices/sl_device_peripheral_hal_efr32xg24.o
 .debug_aranges
                0x0000000000000990       0xd0 ./simplicity_sdk_2025.6.2/platform/service/interrupt_manager/src/sl_interrupt_manager_cortexm.o
 .debug_aranges
                0x0000000000000a60       0x30 ./simplicity_sdk_2025.6.2/platform/service/memory_manager/src/sl_memory_manager_region.o
 .debug_aranges
                0x0000000000000a90      0x120 ./simplicity_sdk_2025.6.2/platform/service/sleeptimer/src/sl_sleeptimer.o
 .debug_aranges
                0x0000000000000bb0       0x90 ./simplicity_sdk_2025.6.2/platform/service/sleeptimer/src/sl_sleeptimer_hal_sysrtc.o

.debug_ranges   0x0000000000000000     0x10f8
 .debug_ranges  0x0000000000000000       0x68 ./main.o
 .debug_ranges  0x0000000000000068       0x90 ./simplicity_sdk_2025.6.2/platform/Device/SiliconLabs/EFR32MG24/Source/startup_efr32mg24.o
 .debug_ranges  0x00000000000000f8       0x80 ./simplicity_sdk_2025.6.2/platform/Device/SiliconLabs/EFR32MG24/Source/system_efr32mg24.o
 .debug_ranges  0x0000000000000178       0x10 ./simplicity_sdk_2025.6.2/platform/common/src/sl_assert.o
 .debug_ranges  0x0000000000000188       0x90 ./simplicity_sdk_2025.6.2/platform/common/src/sl_core_cortexm.o
 .debug_ranges  0x0000000000000218       0x58 ./simplicity_sdk_2025.6.2/platform/common/src/sl_syscalls.o
 .debug_ranges  0x0000000000000270      0x1f0 ./simplicity_sdk_2025.6.2/platform/driver/gpio/src/sl_gpio.o
 .debug_ranges  0x0000000000000460      0x408 ./simplicity_sdk_2025.6.2/platform/emlib/src/em_cmu.o
 .debug_ranges  0x0000000000000868      0x1f8 ./simplicity_sdk_2025.6.2/platform/peripheral/src/sl_hal_gpio.o
 .debug_ranges  0x0000000000000a60       0xc8 ./simplicity_sdk_2025.6.2/platform/peripheral/src/sl_hal_sysrtc.o
 .debug_ranges  0x0000000000000b28       0xf0 ./simplicity_sdk_2025.6.2/platform/service/clock_manager/src/sl_clock_manager.o
 .debug_ranges  0x0000000000000c18      0x120 ./simplicity_sdk_2025.6.2/platform/service/clock_manager/src/sl_clock_manager_hal_s2.o
 .debug_ranges  0x0000000000000d38      0x120 ./simplicity_sdk_2025.6.2/platform/service/interrupt_manager/src/sl_interrupt_manager_cortexm.o
 .debug_ranges  0x0000000000000e58       0x20 ./simplicity_sdk_2025.6.2/platform/service/memory_manager/src/sl_memory_manager_region.o
 .debug_ranges  0x0000000000000e78      0x1b8 ./simplicity_sdk_2025.6.2/platform/service/sleeptimer/src/sl_sleeptimer.o
 .debug_ranges  0x0000000000001030       0xc8 ./simplicity_sdk_2025.6.2/platform/service/sleeptimer/src/sl_sleeptimer_hal_sysrtc.o

.debug_line     0x0000000000000000     0xb755
 .debug_line    0x0000000000000000      0x700 ./main.o
 .debug_line    0x0000000000000700      0x3a8 ./simplicity_sdk_2025.6.2/platform/Device/SiliconLabs/EFR32MG24/Source/startup_efr32mg24.o
 .debug_line    0x0000000000000aa8      0x681 ./simplicity_sdk_2025.6.2/platform/Device/SiliconLabs/EFR32MG24/Source/system_efr32mg24.o
 .debug_line    0x0000000000001129       0xae ./simplicity_sdk_2025.6.2/platform/common/src/sl_assert.o
 .debug_line    0x00000000000011d7      0x641 ./simplicity_sdk_2025.6.2/platform/common/src/sl_core_cortexm.o
 .debug_line    0x0000000000001818      0x1ae ./simplicity_sdk_2025.6.2/platform/common/src/sl_syscalls.o
 .debug_line    0x00000000000019c6     0x1229 ./simplicity_sdk_2025.6.2/platform/driver/gpio/src/sl_gpio.o
 .debug_line    0x0000000000002bef     0x3392 ./simplicity_sdk_2025.6.2/platform/emlib/src/em_cmu.o
 .debug_line    0x0000000000005f81     0x1056 ./simplicity_sdk_2025.6.2/platform/peripheral/src/sl_hal_gpio.o
 .debug_line    0x0000000000006fd7      0x85c ./simplicity_sdk_2025.6.2/platform/peripheral/src/sl_hal_sysrtc.o
 .debug_line    0x0000000000007833      0x6a6 ./simplicity_sdk_2025.6.2/platform/service/clock_manager/src/sl_clock_manager.o
 .debug_line    0x0000000000007ed9      0xd0b ./simplicity_sdk_2025.6.2/platform/service/clock_manager/src/sl_clock_manager_hal_s2.o
 .debug_line    0x0000000000008be4      0x234 ./simplicity_sdk_2025.6.2/platform/service/device_manager/clocks/sl_device_clock_efr32xg24.o
 .debug_line    0x0000000000008e18      0x278 ./simplicity_sdk_2025.6.2/platform/service/device_manager/devices/sl_device_peripheral_hal_efr32xg24.o
 .debug_line    0x0000000000009090      0x939 ./simplicity_sdk_2025.6.2/platform/service/interrupt_manager/src/sl_interrupt_manager_cortexm.o
 .debug_line    0x00000000000099c9      0x364 ./simplicity_sdk_2025.6.2/platform/service/memory_manager/src/sl_memory_manager_region.o
 .debug_line    0x0000000000009d2d     0x10d3 ./simplicity_sdk_2025.6.2/platform/service/sleeptimer/src/sl_sleeptimer.o
 .debug_line    0x000000000000ae00      0x955 ./simplicity_sdk_2025.6.2/platform/service/sleeptimer/src/sl_sleeptimer_hal_sysrtc.o

.debug_str      0x0000000000000000     0xb956
 .debug_str     0x0000000000000000     0x183c ./main.o
                                       0x19e4 (size before relaxing)
 .debug_str     0x000000000000183c      0x208 ./simplicity_sdk_2025.6.2/platform/Device/SiliconLabs/EFR32MG24/Source/startup_efr32mg24.o
                                        0x3ed (size before relaxing)
 .debug_str     0x0000000000001a44      0xabe ./simplicity_sdk_2025.6.2/platform/Device/SiliconLabs/EFR32MG24/Source/system_efr32mg24.o
                                       0x17a5 (size before relaxing)
 .debug_str     0x0000000000002502       0x70 ./simplicity_sdk_2025.6.2/platform/common/src/sl_assert.o
                                        0x1b5 (size before relaxing)
 .debug_str     0x0000000000002572      0x25d ./simplicity_sdk_2025.6.2/platform/common/src/sl_core_cortexm.o
                                        0x571 (size before relaxing)
 .debug_str     0x00000000000027cf       0xb5 ./simplicity_sdk_2025.6.2/platform/common/src/sl_syscalls.o
                                        0x211 (size before relaxing)
 .debug_str     0x0000000000002884      0xde0 ./simplicity_sdk_2025.6.2/platform/driver/gpio/src/sl_gpio.o
                                       0x25ba (size before relaxing)
 .debug_str     0x0000000000003664     0x49d1 ./simplicity_sdk_2025.6.2/platform/emlib/src/em_cmu.o
                                       0x6862 (size before relaxing)
 .debug_str     0x0000000000008035      0x23a ./simplicity_sdk_2025.6.2/platform/peripheral/src/sl_hal_gpio.o
                                       0x1dff (size before relaxing)
 .debug_str     0x000000000000826f      0x702 ./simplicity_sdk_2025.6.2/platform/peripheral/src/sl_hal_sysrtc.o
                                        0xb7f (size before relaxing)
 .debug_str     0x0000000000008971      0xa83 ./simplicity_sdk_2025.6.2/platform/service/clock_manager/src/sl_clock_manager.o
                                        0xd18 (size before relaxing)
 .debug_str     0x00000000000093f4      0x994 ./simplicity_sdk_2025.6.2/platform/service/clock_manager/src/sl_clock_manager_hal_s2.o
                                       0x279b (size before relaxing)
 .debug_str     0x0000000000009d88      0x66f ./simplicity_sdk_2025.6.2/platform/service/device_manager/clocks/sl_device_clock_efr32xg24.o
                                        0x85f (size before relaxing)
 .debug_str     0x000000000000a3f7      0x572 ./simplicity_sdk_2025.6.2/platform/service/device_manager/devices/sl_device_peripheral_hal_efr32xg24.o
                                        0xfea (size before relaxing)
 .debug_str     0x000000000000a969      0x45f ./simplicity_sdk_2025.6.2/platform/service/interrupt_manager/src/sl_interrupt_manager_cortexm.o
                                        0xd3b (size before relaxing)
 .debug_str     0x000000000000adc8      0x10d ./simplicity_sdk_2025.6.2/platform/service/memory_manager/src/sl_memory_manager_region.o
                                        0x308 (size before relaxing)
 .debug_str     0x000000000000aed5      0x88b ./simplicity_sdk_2025.6.2/platform/service/sleeptimer/src/sl_sleeptimer.o
                                        0xc3a (size before relaxing)
 .debug_str     0x000000000000b760      0x1f6 ./simplicity_sdk_2025.6.2/platform/service/sleeptimer/src/sl_sleeptimer_hal_sysrtc.o
                                       0x1774 (size before relaxing)

.debug_frame    0x0000000000000000     0x2144
 .debug_frame   0x0000000000000000       0xa8 ./main.o
 .debug_frame   0x00000000000000a8       0x60 ./simplicity_sdk_2025.6.2/platform/Device/SiliconLabs/EFR32MG24/Source/startup_efr32mg24.o
 .debug_frame   0x0000000000000108      0x114 ./simplicity_sdk_2025.6.2/platform/Device/SiliconLabs/EFR32MG24/Source/system_efr32mg24.o
 .debug_frame   0x000000000000021c       0x20 ./simplicity_sdk_2025.6.2/platform/common/src/sl_assert.o
 .debug_frame   0x000000000000023c      0x120 ./simplicity_sdk_2025.6.2/platform/common/src/sl_core_cortexm.o
 .debug_frame   0x000000000000035c       0xb0 ./simplicity_sdk_2025.6.2/platform/common/src/sl_syscalls.o
 .debug_frame   0x000000000000040c      0x344 ./simplicity_sdk_2025.6.2/platform/driver/gpio/src/sl_gpio.o
 .debug_frame   0x0000000000000750      0x6a4 ./simplicity_sdk_2025.6.2/platform/emlib/src/em_cmu.o
 .debug_frame   0x0000000000000df4      0x3a4 ./simplicity_sdk_2025.6.2/platform/peripheral/src/sl_hal_gpio.o
 .debug_frame   0x0000000000001198      0x208 ./simplicity_sdk_2025.6.2/platform/peripheral/src/sl_hal_sysrtc.o
 .debug_frame   0x00000000000013a0      0x1e0 ./simplicity_sdk_2025.6.2/platform/service/clock_manager/src/sl_clock_manager.o
 .debug_frame   0x0000000000001580      0x288 ./simplicity_sdk_2025.6.2/platform/service/clock_manager/src/sl_clock_manager_hal_s2.o
 .debug_frame   0x0000000000001808      0x1c4 ./simplicity_sdk_2025.6.2/platform/service/interrupt_manager/src/sl_interrupt_manager_cortexm.o
 .debug_frame   0x00000000000019cc       0x40 ./simplicity_sdk_2025.6.2/platform/service/memory_manager/src/sl_memory_manager_region.o
 .debug_frame   0x0000000000001a0c      0x3ac ./simplicity_sdk_2025.6.2/platform/service/sleeptimer/src/sl_sleeptimer.o
 .debug_frame   0x0000000000001db8      0x170 ./simplicity_sdk_2025.6.2/platform/service/sleeptimer/src/sl_sleeptimer_hal_sysrtc.o
 .debug_frame   0x0000000000001f28       0x2c /Applications/Simplicity Studio.app/Contents/Eclipse/developer/toolchains/gnu_arm/12.2.rel1_2023.7/bin/../lib/gcc/arm-none-eabi/12.2.1/thumb/v8-m.main+fp/hard/libgcc.a(_aeabi_uldivmod.o)
 .debug_frame   0x0000000000001f54       0x38 /Applications/Simplicity Studio.app/Contents/Eclipse/developer/toolchains/gnu_arm/12.2.rel1_2023.7/bin/../lib/gcc/arm-none-eabi/12.2.1/thumb/v8-m.main+fp/hard/libgcc.a(_udivmoddi4.o)
 .debug_frame   0x0000000000001f8c       0x28 /Applications/Simplicity Studio.app/Contents/Eclipse/developer/toolchains/gnu_arm/12.2.rel1_2023.7/bin/../lib/gcc/arm-none-eabi/12.2.1/../../../../arm-none-eabi/lib/thumb/v8-m.main+fp/hard/libc_nano.a(libc_a-exit.o)
 .debug_frame   0x0000000000001fb4      0x144 /Applications/Simplicity Studio.app/Contents/Eclipse/developer/toolchains/gnu_arm/12.2.rel1_2023.7/bin/../lib/gcc/arm-none-eabi/12.2.1/../../../../arm-none-eabi/lib/thumb/v8-m.main+fp/hard/libc_nano.a(libc_a-findfp.o)
 .debug_frame   0x00000000000020f8       0x20 /Applications/Simplicity Studio.app/Contents/Eclipse/developer/toolchains/gnu_arm/12.2.rel1_2023.7/bin/../lib/gcc/arm-none-eabi/12.2.1/../../../../arm-none-eabi/lib/thumb/v8-m.main+fp/hard/libc_nano.a(libc_a-memset.o)
 .debug_frame   0x0000000000002118       0x2c /Applications/Simplicity Studio.app/Contents/Eclipse/developer/toolchains/gnu_arm/12.2.rel1_2023.7/bin/../lib/gcc/arm-none-eabi/12.2.1/../../../../arm-none-eabi/lib/thumb/v8-m.main+fp/hard/libc_nano.a(libc_a-init.o)
