Archive member included to satisfy reference by file (symbol)

/Applications/Simplicity Studio.app/Contents/Eclipse/developer/toolchains/gnu_arm/12.2.rel1_2023.7/bin/../lib/gcc/arm-none-eabi/12.2.1/thumb/v8-m.main+fp/hard/libgcc.a(_arm_muldf3.o)
                              ./main.o (__aeabi_dmul)
/Applications/Simplicity Studio.app/Contents/Eclipse/developer/toolchains/gnu_arm/12.2.rel1_2023.7/bin/../lib/gcc/arm-none-eabi/12.2.1/thumb/v8-m.main+fp/hard/libgcc.a(_arm_addsubdf3.o)
                              ./main.o (__aeabi_i2d)
/Applications/Simplicity Studio.app/Contents/Eclipse/developer/toolchains/gnu_arm/12.2.rel1_2023.7/bin/../lib/gcc/arm-none-eabi/12.2.1/thumb/v8-m.main+fp/hard/libgcc.a(_arm_truncdfsf2.o)
                              ./main.o (__aeabi_d2f)
/Applications/Simplicity Studio.app/Contents/Eclipse/developer/toolchains/gnu_arm/12.2.rel1_2023.7/bin/../lib/gcc/arm-none-eabi/12.2.1/thumb/v8-m.main+fp/hard/libgcc.a(_aeabi_ldivmod.o)
                              ./simplicity_sdk_2025.6.2/platform/emlib/src/em_eusart.o (__aeabi_ldivmod)
/Applications/Simplicity Studio.app/Contents/Eclipse/developer/toolchains/gnu_arm/12.2.rel1_2023.7/bin/../lib/gcc/arm-none-eabi/12.2.1/thumb/v8-m.main+fp/hard/libgcc.a(_aeabi_uldivmod.o)
                              ./simplicity_sdk_2025.6.2/platform/emlib/src/em_eusart.o (__aeabi_uldivmod)
/Applications/Simplicity Studio.app/Contents/Eclipse/developer/toolchains/gnu_arm/12.2.rel1_2023.7/bin/../lib/gcc/arm-none-eabi/12.2.1/thumb/v8-m.main+fp/hard/libgcc.a(_udivmoddi4.o)
                              /Applications/Simplicity Studio.app/Contents/Eclipse/developer/toolchains/gnu_arm/12.2.rel1_2023.7/bin/../lib/gcc/arm-none-eabi/12.2.1/thumb/v8-m.main+fp/hard/libgcc.a(_aeabi_ldivmod.o) (__udivmoddi4)
/Applications/Simplicity Studio.app/Contents/Eclipse/developer/toolchains/gnu_arm/12.2.rel1_2023.7/bin/../lib/gcc/arm-none-eabi/12.2.1/thumb/v8-m.main+fp/hard/libgcc.a(_dvmd_tls.o)
                              /Applications/Simplicity Studio.app/Contents/Eclipse/developer/toolchains/gnu_arm/12.2.rel1_2023.7/bin/../lib/gcc/arm-none-eabi/12.2.1/thumb/v8-m.main+fp/hard/libgcc.a(_aeabi_ldivmod.o) (__aeabi_ldiv0)
/Applications/Simplicity Studio.app/Contents/Eclipse/developer/toolchains/gnu_arm/12.2.rel1_2023.7/bin/../lib/gcc/arm-none-eabi/12.2.1/../../../../arm-none-eabi/lib/thumb/v8-m.main+fp/hard/libc_nano.a(libc_a-exit.o)
                              /Applications/Simplicity Studio.app/Contents/Eclipse/developer/toolchains/gnu_arm/12.2.rel1_2023.7/bin/../lib/gcc/arm-none-eabi/12.2.1/../../../../arm-none-eabi/lib/thumb/v8-m.main+fp/hard/crt0.o (exit)
/Applications/Simplicity Studio.app/Contents/Eclipse/developer/toolchains/gnu_arm/12.2.rel1_2023.7/bin/../lib/gcc/arm-none-eabi/12.2.1/../../../../arm-none-eabi/lib/thumb/v8-m.main+fp/hard/libc_nano.a(libc_a-nano-vfprintf_float.o)
                              (_printf_float)
/Applications/Simplicity Studio.app/Contents/Eclipse/developer/toolchains/gnu_arm/12.2.rel1_2023.7/bin/../lib/gcc/arm-none-eabi/12.2.1/../../../../arm-none-eabi/lib/thumb/v8-m.main+fp/hard/libc_nano.a(libc_a-nano-vfprintf_i.o)
                              /Applications/Simplicity Studio.app/Contents/Eclipse/developer/toolchains/gnu_arm/12.2.rel1_2023.7/bin/../lib/gcc/arm-none-eabi/12.2.1/../../../../arm-none-eabi/lib/thumb/v8-m.main+fp/hard/libc_nano.a(libc_a-nano-vfprintf_float.o) (_printf_common)
/Applications/Simplicity Studio.app/Contents/Eclipse/developer/toolchains/gnu_arm/12.2.rel1_2023.7/bin/../lib/gcc/arm-none-eabi/12.2.1/../../../../arm-none-eabi/lib/thumb/v8-m.main+fp/hard/libc_nano.a(libc_a-snprintf.o)
                              ./main.o (snprintf)
/Applications/Simplicity Studio.app/Contents/Eclipse/developer/toolchains/gnu_arm/12.2.rel1_2023.7/bin/../lib/gcc/arm-none-eabi/12.2.1/../../../../arm-none-eabi/lib/thumb/v8-m.main+fp/hard/libc_nano.a(libc_a-findfp.o)
                              /Applications/Simplicity Studio.app/Contents/Eclipse/developer/toolchains/gnu_arm/12.2.rel1_2023.7/bin/../lib/gcc/arm-none-eabi/12.2.1/../../../../arm-none-eabi/lib/thumb/v8-m.main+fp/hard/libc_nano.a(libc_a-exit.o) (__stdio_exit_handler)
/Applications/Simplicity Studio.app/Contents/Eclipse/developer/toolchains/gnu_arm/12.2.rel1_2023.7/bin/../lib/gcc/arm-none-eabi/12.2.1/../../../../arm-none-eabi/lib/thumb/v8-m.main+fp/hard/libc_nano.a(libc_a-fwalk.o)
                              /Applications/Simplicity Studio.app/Contents/Eclipse/developer/toolchains/gnu_arm/12.2.rel1_2023.7/bin/../lib/gcc/arm-none-eabi/12.2.1/../../../../arm-none-eabi/lib/thumb/v8-m.main+fp/hard/libc_nano.a(libc_a-findfp.o) (_fwalk_sglue)
/Applications/Simplicity Studio.app/Contents/Eclipse/developer/toolchains/gnu_arm/12.2.rel1_2023.7/bin/../lib/gcc/arm-none-eabi/12.2.1/../../../../arm-none-eabi/lib/thumb/v8-m.main+fp/hard/libc_nano.a(libc_a-memset.o)
[...]
Memory Configuration

Name             Origin             Length             Attributes
FLASH            0x0000000008000000 0x000000000017e000 xr
RAM              0x0000000020000000 0x0000000000040000 xrw
*default*        0x0000000000000000 0xffffffffffffffff

Linker script and memory map

LOAD /Applications/Simplicity Studio.app/Contents/Eclipse/developer/toolchains/gnu_arm/12.2.rel1_2023.7/bin/../lib/gcc/arm-none-eabi/12.2.1/thumb/v8-m.main+fp/hard/crti.o
LOAD /Applications/Simplicity Studio.app/Contents/Eclipse/developer/toolchains/gnu_arm/12.2.rel1_2023.7/bin/../lib/gcc/arm-none-eabi/12.2.1/thumb/v8-m.main+fp/hard/crtbegin.o
LOAD /Applications/Simplicity Studio.app/Contents/Eclipse/developer/toolchains/gnu_arm/12.2.rel1_2023.7/bin/../lib/gcc/arm-none-eabi/12.2.1/../../../../arm-none-eabi/lib/thumb/v8-m.main+fp/hard/crt0.o
START GROUP
LOAD ./LL_UART.o
LOAD ./app.o
LOAD ./main.o
LOAD ./autogen/sl_board_default_init.o
LOAD ./autogen/sl_event_handler.o
LOAD ./simplicity_sdk_2025.6.2/hardware/board/src/sl_board_control_gpio.o
LOAD ./simplicity_sdk_2025.6.2/hardware/board/src/sl_board_init.o
LOAD ./simplicity_sdk_2025.6.2/hardware/driver/mx25_flash_shutdown/src/sl_mx25_flash_shutdown_eusart/sl_mx25_flash_shutdown.o
LOAD ./simplicity_sdk_2025.6.2/platform/Device/SiliconLabs/EFR32MG24/Source/startup_efr32mg24.o
LOAD ./simplicity_sdk_2025.6.2/platform/Device/SiliconLabs/EFR32MG24/Source/system_efr32mg24.o
LOAD ./simplicity_sdk_2025.6.2/platform/common/src/sl_assert.o
LOAD ./simplicity_sdk_2025.6.2/platform/common/src/sl_core_cortexm.o
LOAD ./simplicity_sdk_2025.6.2/platform/common/src/sl_syscalls.o
LOAD ./simplicity_sdk_2025.6.2/platform/driver/gpio/src/sl_gpio.o
LOAD ./simplicity_sdk_2025.6.2/platform/emlib/src/em_burtc.o
LOAD ./simplicity_sdk_2025.6.2/platform/emlib/src/em_cmu.o
LOAD ./simplicity_sdk_2025.6.2/platform/emlib/src/em_emu.o
LOAD ./simplicity_sdk_2025.6.2/platform/emlib/src/em_eusart.o
LOAD ./simplicity_sdk_2025.6.2/platform/emlib/src/em_gpio.o
LOAD ./simplicity_sdk_2025.6.2/platform/emlib/src/em_msc.o
LOAD ./simplicity_sdk_2025.6.2/platform/emlib/src/em_prs.o
LOAD ./simplicity_sdk_2025.6.2/platform/emlib/src/em_system.o
LOAD ./simplicity_sdk_2025.6.2/platform/emlib/src/em_timer.o
LOAD ./simplicity_sdk_2025.6.2/platform/peripheral/src/sl_hal_gpio.o
LOAD ./simplicity_sdk_2025.6.2/platform/peripheral/src/sl_hal_prs.o
LOAD ./simplicity_sdk_2025.6.2/platform/peripheral/src/sl_hal_sysrtc.o
LOAD ./simplicity_sdk_2025.6.2/platform/peripheral/src/sl_hal_usart.o
LOAD ./simplicity_sdk_2025.6.2/platform/service/clock_manager/src/sl_clock_manager.o
LOAD ./simplicity_sdk_2025.6.2/platform/service/clock_manager/src/sl_clock_manager_hal_s2.o
LOAD ./simplicity_sdk_2025.6.2/platform/service/clock_manager/src/sl_clock_manager_init.o
LOAD ./simplicity_sdk_2025.6.2/platform/service/clock_manager/src/sl_clock_manager_init_hal_s2.o
LOAD ./simplicity_sdk_2025.6.2/platform/service/device_init/src/sl_device_init_dcdc_s2.o
LOAD ./simplicity_sdk_2025.6.2/platform/service/device_init/src/sl_device_init_emu_s2.o
LOAD ./simplicity_sdk_2025.6.2/platform/service/device_manager/clocks/sl_device_clock_efr32xg24.o
LOAD ./simplicity_sdk_2025.6.2/platform/service/device_manager/devices/sl_device_peripheral_hal_efr32xg24.o
LOAD ./simplicity_sdk_2025.6.2/platform/service/device_manager/src/sl_device_clock.o
LOAD ./simplicity_sdk_2025.6.2/platform/service/device_manager/src/sl_device_gpio.o
LOAD ./simplicity_sdk_2025.6.2/platform/service/device_manager/src/sl_device_peripheral.o
LOAD ./simplicity_sdk_2025.6.2/platform/service/interrupt_manager/src/sl_interrupt_manager_cortexm.o
LOAD ./simplicity_sdk_2025.6.2/platform/service/memory_manager/src/sl_memory_manager_region.o
LOAD ./simplicity_sdk_2025.6.2/platform/service/sl_main/src/sl_main_init.o
LOAD ./simplicity_sdk_2025.6.2/platform/service/sl_main/src/sl_main_init_memory.o
LOAD ./simplicity_sdk_2025.6.2/platform/service/sl_main/src/sl_main_process_action.o
LOAD ./simplicity_sdk_2025.6.2/platform/service/sleeptimer/src/sl_sleeptimer.o
LOAD ./simplicity_sdk_2025.6.2/platform/service/sleeptimer/src/sl_sleeptimer_hal_burtc.o
LOAD ./simplicity_sdk_2025.6.2/platform/service/sleeptimer/src/sl_sleeptimer_hal_sysrtc.o
LOAD ./simplicity_sdk_2025.6.2/platform/service/sleeptimer/src/sl_sleeptimer_hal_timer.o
LOAD ./simplicity_sdk_2025.6.2/platform/service/udelay/src/sl_udelay.o
LOAD ./simplicity_sdk_2025.6.2/platform/service/udelay/src/sl_udelay_armv6m_gcc.o
LOAD /Applications/Simplicity Studio.app/Contents/Eclipse/developer/toolchains/gnu_arm/12.2.rel1_2023.7/bin/../lib/gcc/arm-none-eabi/12.2.1/thumb/v8-m.main+fp/hard/libgcc.a
LOAD /Applications/Simplicity Studio.app/Contents/Eclipse/developer/toolchains/gnu_arm/12.2.rel1_2023.7/bin/../lib/gcc/arm-none-eabi/12.2.1/../../../../arm-none-eabi/lib/thumb/v8-m.main+fp/hard/libc_nano.a
LOAD /Applications/Simplicity Studio.app/Contents/Eclipse/developer/toolchains/gnu_arm/12.2.rel1_2023.7/bin/../lib/gcc/arm-none-eabi/12.2.1/../../../../arm-none-eabi/lib/thumb/v8-m.main+fp/hard/libm.a
LOAD /Applications/Simplicity Studio.app/Contents/Eclipse/developer/toolchains/gnu_arm/12.2.rel1_2023.7/bin/../lib/gcc/arm-none-eabi/12.2.1/../../../../arm-none-eabi/lib/thumb/v8-m.main+fp/hard/libnosys.a
END GROUP
START GROUP
LOAD /Applications/Simplicity Studio.app/Contents/Eclipse/developer/toolchains/gnu_arm/12.2.rel1_2023.7/bin/../lib/gcc/arm-none-eabi/12.2.1/thumb/v8-m.main+fp/hard/libgcc.a
LOAD /Applications/Simplicity Studio.app/Contents/Eclipse/developer/toolchains/gnu_arm/12.2.rel1_2023.7/bin/../lib/gcc/arm-none-eabi/12.2.1/../../../../arm-none-eabi/lib/thumb/v8-m.main+fp/hard/libc_nano.a
LOAD /Applications/Simplicity Studio.app/Contents/Eclipse/developer/toolchains/gnu_arm/12.2.rel1_2023.7/bin/../lib/gcc/arm-none-eabi/12.2.1/../../../../arm-none-eabi/lib/thumb/v8-m.main+fp/hard/libnosys.a
END GROUP
START GROUP
LOAD /Applications/Simplicity Studio.app/Contents/Eclipse/developer/toolchains/gnu_arm/12.2.rel1_2023.7/bin/../lib/gcc/arm-none-eabi/12.2.1/thumb/v8-m.main+fp/hard/libgcc.a
LOAD /Applications/Simplicity Studio.app/Contents/Eclipse/developer/toolchains/gnu_arm/12.2.rel1_2023.7/bin/../lib/gcc/arm-none-eabi/12.2.1/../../../../arm-none-eabi/lib/thumb/v8-m.main+fp/hard/libg_nano.a
LOAD /Applications/Simplicity Studio.app/Contents/Eclipse/developer/toolchains/gnu_arm/12.2.rel1_2023.7/bin/../lib/gcc/arm-none-eabi/12.2.1/../../../../arm-none-eabi/lib/thumb/v8-m.main+fp/hard/libc_nano.a
END GROUP
START GROUP
LOAD /Applications/Simplicity Studio.app/Contents/Eclipse/developer/toolchains/gnu_arm/12.2.rel1_2023.7/bin/../lib/gcc/arm-none-eabi/12.2.1/thumb/v8-m.main+fp/hard/libgcc.a
LOAD /Applications/Simplicity Studio.app/Contents/Eclipse/developer/toolchains/gnu_arm/12.2.rel1_2023.7/bin/../lib/gcc/arm-none-eabi/12.2.1/../../../../arm-none-eabi/lib/thumb/v8-m.main+fp/hard/libc_nano.a
END GROUP
LOAD /Applications/Simplicity Studio.app/Contents/Eclipse/developer/toolchains/gnu_arm/12.2.rel1_2023.7/bin/../lib/gcc/arm-none-eabi/12.2.1/thumb/v8-m.main+fp/hard/crtend.o
LOAD /Applications/Simplicity Studio.app/Contents/Eclipse/developer/toolchains/gnu_arm/12.2.rel1_2023.7/bin/../lib/gcc/arm-none-eabi/12.2.1/thumb/v8-m.main+fp/hard/crtn.o

.vectors        0x0000000008000000      0x170
                0x0000000008000000                linker_vectors_begin = .
 *(.vectors)
 .vectors       0x0000000008000000      0x170 ./simplicity_sdk_2025.6.2/platform/Device/SiliconLabs/EFR32MG24/Source/startup_efr32mg24.o
                0x0000000008000000                __Vectors
                0x0000000008000170                linker_vectors_end = .
                0x0000000008000170                __Vectors_End = .
                0x0000000008000170                __Vectors_Size = (__Vectors_End - __Vectors)

.stack          0x0000000020000000     0x1000
                0x0000000020000000                . = ALIGN (0x8)
                0x0000000020000000                __StackLimit = .
 *(.stack*)
 .stack         0x0000000020000000     0x1000 ./simplicity_sdk_2025.6.2/platform/service/memory_manager/src/sl_memory_manager_region.o
                0x0000000020001000                . = ALIGN (0x4)
                0x0000000020001000                __StackTop = .
                0x0000000020001000                PROVIDE (__stack = __StackTop)

.bss            0x0000000020001000      0x2e4
                0x0000000020001000                . = ALIGN (0x4)
                0x0000000020001000                __bss_start__ = .
 *(SORT_BY_ALIGNMENT(.bss*))
 .bss.object.0  0x0000000020001000       0x18 /Applications/Simplicity Studio.app/Contents/Eclipse/developer/toolchains/gnu_arm/12.2.rel1_2023.7/bin/../lib/gcc/arm-none-eabi/12.2.1/thumb/v8-m.main+fp/hard/crtbegin.o
 .bss.gpio_interrupts
                0x0000000020001018      0x168 ./simplicity_sdk_2025.6.2/platform/driver/gpio/src/sl_gpio.o
 .bss.max_millisecond_conversion
                0x0000000020001180        0x4 ./simplicity_sdk_2025.6.2/platform/service/sleeptimer/src/sl_sleeptimer.o
 .bss.last_delta_update_count
                0x0000000020001184        0x4 ./simplicity_sdk_2025.6.2/platform/service/sleeptimer/src/sl_sleeptimer.o
 .bss.timer_head
                0x0000000020001188        0x4 ./simplicity_sdk_2025.6.2/platform/service/sleeptimer/src/sl_sleeptimer.o
 .bss.timer_frequency
                0x000000002000118c        0x4 ./simplicity_sdk_2025.6.2/platform/service/sleeptimer/src/sl_sleeptimer.o
 .bss.overflow_counter
                0x0000000020001190        0x4 ./simplicity_sdk_2025.6.2/platform/service/sleeptimer/src/sl_sleeptimer.o
 .bss.__sf      0x0000000020001194      0x138 /Applications/Simplicity Studio.app/Contents/Eclipse/developer/toolchains/gnu_arm/12.2.rel1_2023.7/bin/../lib/gcc/arm-none-eabi/12.2.1/../../../../arm-none-eabi/lib/thumb/v8-m.main+fp/hard/libc_nano.a(libc_a-findfp.o)
                0x0000000020001194                __sf
 .bss.__stdio_exit_handler
                0x00000000200012cc        0x4 /Applications/Simplicity Studio.app/Contents/Eclipse/developer/toolchains/gnu_arm/12.2.rel1_2023.7/bin/../lib/gcc/arm-none-eabi/12.2.1/../../../../arm-none-eabi/lib/thumb/v8-m.main+fp/hard/libc_nano.a(libc_a-findfp.o)
                0x00000000200012cc                __stdio_exit_handler
 .bss.__malloc_sbrk_start
                0x00000000200012d0        0x4 /Applications/Simplicity Studio.app/Contents/Eclipse/developer/toolchains/gnu_arm/12.2.rel1_2023.7/bin/../lib/gcc/arm-none-eabi/12.2.1/../../../../arm-none-eabi/lib/thumb/v8-m.main+fp/hard/libc_nano.a(libc_a-mallocr.o)
                0x00000000200012d0                __malloc_sbrk_start
 .bss.__malloc_free_list
                0x00000000200012d4        0x4 /Applications/Simplicity Studio.app/Contents/Eclipse/developer/toolchains/gnu_arm/12.2.rel1_2023.7/bin/../lib/gcc/arm-none-eabi/12.2.1/../../../../arm-none-eabi/lib/thumb/v8-m.main+fp/hard/libc_nano.a(libc_a-mallocr.o)
                0x00000000200012d4                __malloc_free_list
 .bss.errno     0x00000000200012d8        0x4 /Applications/Simplicity Studio.app/Contents/Eclipse/developer/toolchains/gnu_arm/12.2.rel1_2023.7/bin/../lib/gcc/arm-none-eabi/12.2.1/../../../../arm-none-eabi/lib/thumb/v8-m.main+fp/hard/libc_nano.a(libc_a-reent.o)
                0x00000000200012d8                errno
 .bss.completed.1
                0x00000000200012dc        0x1 /Applications/Simplicity Studio.app/Contents/Eclipse/developer/toolchains/gnu_arm/12.2.rel1_2023.7/bin/../lib/gcc/arm-none-eabi/12.2.1/thumb/v8-m.main+fp/hard/crtbegin.o
 .bss.sleep_on_isr_exit
                0x00000000200012dd        0x1 ./simplicity_sdk_2025.6.2/platform/service/sleeptimer/src/sl_sleeptimer.o
 .bss.next_timer_to_expire_is_power_manager
                0x00000000200012de        0x1 ./simplicity_sdk_2025.6.2/platform/service/sleeptimer/src/sl_sleeptimer.o
 .bss.is_sleeptimer_initialized
                0x00000000200012df        0x1 ./simplicity_sdk_2025.6.2/platform/service/sleeptimer/src/sl_sleeptimer.o
 .bss.__lock___malloc_recursive_mutex
                0x00000000200012e0        0x1 /Applications/Simplicity Studio.app/Contents/Eclipse/developer/toolchains/gnu_arm/12.2.rel1_2023.7/bin/../lib/gcc/arm-none-eabi/12.2.1/../../../../arm-none-eabi/lib/thumb/v8-m.main+fp/hard/libc_nano.a(libc_a-lock.o)
                0x00000000200012e0                __lock___malloc_recursive_mutex
 .bss.__lock___sfp_recursive_mutex
                0x00000000200012e1        0x1 /Applications/Simplicity Studio.app/Contents/Eclipse/developer/toolchains/gnu_arm/12.2.rel1_2023.7/bin/../lib/gcc/arm-none-eabi/12.2.1/../../../../arm-none-eabi/lib/thumb/v8-m.main+fp/hard/libc_nano.a(libc_a-lock.o)
                0x00000000200012e1                __lock___sfp_recursive_mutex
 *(COMMON)
                0x00000000200012e4                . = ALIGN (0x4)
 *fill*         0x00000000200012e2        0x2 
                0x00000000200012e4                __bss_end__ = .

.noinit
 *(.noinit*)

text_application_ram
                0x00000000200012e4        0x0 load address 0x0000000008000170
                0x00000000200012e4                . = ALIGN (0x4)
                0x00000000200012e4                __vma_ramfuncs_start__ = .
                0x00000000200012e4                __text_application_ram_start__ = .
 *(text_application_ram)
                0x00000000200012e4                . = ALIGN (0x4)
                0x00000000200012e4                __vma_ramfuncs_end__ = .
                0x00000000200012e4                __text_application_ram_end__ = .
                0x0000000008000170                __lma_ramfuncs_start__ = LOADADDR (text_application_ram)
                0x0000000008000170                __lma_ramfuncs_end__ = (LOADADDR (text_application_ram) + SIZEOF (text_application_ram))

.rodata         0x0000000008000170        0x0
                0x0000000008000170                __rodata_end__ = .

.text           0x0000000008000170     0x5f58
                0x0000000008000170                linker_code_begin = .
 *(SORT_BY_ALIGNMENT(.text*))
 .text.IMU_DataOut
                0x0000000008000170      0x188 ./main.o
                0x0000000008000170                IMU_DataOut
 .text._dtoa_r  0x00000000080002f8      0xc54 /Applications/Simplicity Studio.app/Contents/Eclipse/developer/toolchains/gnu_arm/12.2.rel1_2023.7/bin/../lib/gcc/arm-none-eabi/12.2.1/../../../../arm-none-eabi/lib/thumb/v8-m.main+fp/hard/libc_nano.a(libc_a-dtoa.o)
                0x00000000080002f8                _dtoa_r
 .text.deregister_tm_clones
                0x0000000008000f4c       0x1c /Applications/Simplicity Studio.app/Contents/Eclipse/developer/toolchains/gnu_arm/12.2.rel1_2023.7/bin/../lib/gcc/arm-none-eabi/12.2.1/thumb/v8-m.main+fp/hard/crtbegin.o
 .text.register_tm_clones
                0x0000000008000f68       0x28 /Applications/Simplicity Studio.app/Contents/Eclipse/developer/toolchains/gnu_arm/12.2.rel1_2023.7/bin/../lib/gcc/arm-none-eabi/12.2.1/thumb/v8-m.main+fp/hard/crtbegin.o
 .text.__do_global_dtors_aux
                0x0000000008000f90       0x28 /Applications/Simplicity Studio.app/Contents/Eclipse/developer/toolchains/gnu_arm/12.2.rel1_2023.7/bin/../lib/gcc/arm-none-eabi/12.2.1/thumb/v8-m.main+fp/hard/crtbegin.o
 .text.frame_dummy
                0x0000000008000fb8       0x24 /Applications/Simplicity Studio.app/Contents/Eclipse/developer/toolchains/gnu_arm/12.2.rel1_2023.7/bin/../lib/gcc/arm-none-eabi/12.2.1/thumb/v8-m.main+fp/hard/crtbegin.o
 .text          0x0000000008000fdc       0x7c /Applications/Simplicity Studio.app/Contents/Eclipse/developer/toolchains/gnu_arm/12.2.rel1_2023.7/bin/../lib/gcc/arm-none-eabi/12.2.1/../../../../arm-none-eabi/lib/thumb/v8-m.main+fp/hard/crt0.o
                0x0000000008000fdc                _stack_init
                0x0000000008000fe4                _mainCRTStartup
                0x0000000008000fe4                _start
 .text.initUSART0
                0x0000000008001058       0xc0 ./LL_UART.o
                0x0000000008001058                initUSART0
 .text.USART0_sendChar
                0x0000000008001118       0x10 ./LL_UART.o
                0x0000000008001118                USART0_sendChar
 .text.SPI_Init
                0x0000000008001128      0x160 ./main.o
                0x0000000008001128                SPI_Init
 .text.SPI_CS_Assert
                0x0000000008001288       0x10 ./main.o
                0x0000000008001288                SPI_CS_Assert
 .text.SPI_CS_Deassert
                0x0000000008001298       0x10 ./main.o
                0x0000000008001298                SPI_CS_Deassert
 .text.SPI_Transfer
                0x00000000080012a8       0x1c ./main.o
                0x00000000080012a8                SPI_Transfer
 .text.IMU_Init
                0x00000000080012c4       0xa8 ./main.o
                0x00000000080012c4                IMU_Init
 .text.startup.main
                0x000000000800136c       0x9c ./main.o
                0x000000000800136c                main
 .text.CopyToRam
                0x0000000008001408       0x1c ./simplicity_sdk_2025.6.2/platform/Device/SiliconLabs/EFR32MG24/Source/startup_efr32mg24.o
                0x0000000008001408                CopyToRam
 .text.Reset_Handler
                0x0000000008001424       0x6c ./simplicity_sdk_2025.6.2/platform/Device/SiliconLabs/EFR32MG24/Source/startup_efr32mg24.o
                0x0000000008001424                Reset_Handler
 .text.SystemInit
                0x0000000008001490       0x64 ./simplicity_sdk_2025.6.2/platform/Device/SiliconLabs/EFR32MG24/Source/system_efr32mg24.o
                0x0000000008001490                SystemInit
 .text.sl_gpio_dispatch_interrupt
                0x00000000080014f4       0x5c ./simplicity_sdk_2025.6.2/platform/driver/gpio/src/sl_gpio.o
 .text.GPIO_EVEN_IRQHandler
                0x0000000008001550       0x20 ./simplicity_sdk_2025.6.2/platform/driver/gpio/src/sl_gpio.o
                0x0000000008001550                GPIO_EVEN_IRQHandler
 .text.GPIO_ODD_IRQHandler
                0x0000000008001570       0x20 ./simplicity_sdk_2025.6.2/platform/driver/gpio/src/sl_gpio.o
                0x0000000008001570                GPIO_ODD_IRQHandler
 .text.dpllRefClkGet
                0x0000000008001590       0x48 ./simplicity_sdk_2025.6.2/platform/emlib/src/em_cmu.o
 .text.em23GrpaClkGet
                0x00000000080015d8       0x48 ./simplicity_sdk_2025.6.2/platform/emlib/src/em_cmu.o
 .text.em4GrpaClkGet
                0x0000000008001620       0x48 ./simplicity_sdk_2025.6.2/platform/emlib/src/em_cmu.o
 .text.sysrtcClkGet
                0x0000000008001668       0x48 ./simplicity_sdk_2025.6.2/platform/emlib/src/em_cmu.o
 .text.traceClkGet
                0x00000000080016b0       0x54 ./simplicity_sdk_2025.6.2/platform/emlib/src/em_cmu.o
 .text.em01GrpaClkGet
                0x0000000008001704       0x74 ./simplicity_sdk_2025.6.2/platform/emlib/src/em_cmu.o
 .text.em01GrpcClkGet
                0x0000000008001778       0x70 ./simplicity_sdk_2025.6.2/platform/emlib/src/em_cmu.o
 .text.eusart0ClkGet
                0x00000000080017e8       0x74 ./simplicity_sdk_2025.6.2/platform/emlib/src/em_cmu.o
 .text.iadcClkGet
                0x000000000800185c       0x60 ./simplicity_sdk_2025.6.2/platform/emlib/src/em_cmu.o
 .text.wdog0ClkGet
                0x00000000080018bc       0x64 ./simplicity_sdk_2025.6.2/platform/emlib/src/em_cmu.o
 .text.wdog1ClkGet
                0x0000000008001920       0x64 ./simplicity_sdk_2025.6.2/platform/emlib/src/em_cmu.o
 .text.vdac0ClkGet
                0x0000000008001984       0x70 ./simplicity_sdk_2025.6.2/platform/emlib/src/em_cmu.o
 .text.vdac1ClkGet
                0x00000000080019f4       0x70 ./simplicity_sdk_2025.6.2/platform/emlib/src/em_cmu.o
 .text.pcnt0ClkGet
                0x0000000008001a64       0x4c ./simplicity_sdk_2025.6.2/platform/emlib/src/em_cmu.o
 .text.CMU_ClockDivGet
                0x0000000008001ab0       0x78 ./simplicity_sdk_2025.6.2/platform/emlib/src/em_cmu.o
                0x0000000008001ab0                CMU_ClockDivGet
 .text.CMU_ClockFreqGet
                0x0000000008001b28      0x210 ./simplicity_sdk_2025.6.2/platform/emlib/src/em_cmu.o
                0x0000000008001b28                CMU_ClockFreqGet
 .text.GPIO_PinOutSet
                0x0000000008001d38       0x3c ./simplicity_sdk_2025.6.2/platform/emlib/src/em_gpio.o
 .text.GPIO_PinOutClear
                0x0000000008001d74       0x3c ./simplicity_sdk_2025.6.2/platform/emlib/src/em_gpio.o
 .text.GPIO_PinModeSet
                0x0000000008001db0       0x94 ./simplicity_sdk_2025.6.2/platform/emlib/src/em_gpio.o
                0x0000000008001db0                GPIO_PinModeSet
 .text.sl_hal_gpio_get_enabled_pending_interrupts
                0x0000000008001e44       0x14 ./simplicity_sdk_2025.6.2/platform/peripheral/src/sl_hal_gpio.o
                0x0000000008001e44                sl_hal_gpio_get_enabled_pending_interrupts
 .text.sl_hal_sysrtc_wait_ready
                0x0000000008001e58       0x1c ./simplicity_sdk_2025.6.2/platform/peripheral/src/sl_hal_sysrtc.o
                0x0000000008001e58                sl_hal_sysrtc_wait_ready
 .text.sl_hal_sysrtc_stop
                0x0000000008001e74       0x28 ./simplicity_sdk_2025.6.2/platform/peripheral/src/sl_hal_sysrtc.o
                0x0000000008001e74                sl_hal_sysrtc_stop
 .text.sl_hal_sysrtc_enable
                0x0000000008001e9c       0x18 ./simplicity_sdk_2025.6.2/platform/peripheral/src/sl_hal_sysrtc.o
                0x0000000008001e9c                sl_hal_sysrtc_enable
 .text.sl_hal_sysrtc_disable
                0x0000000008001eb4       0x1c ./simplicity_sdk_2025.6.2/platform/peripheral/src/sl_hal_sysrtc.o
                0x0000000008001eb4                sl_hal_sysrtc_disable
 .text.sl_hal_sysrtc_init
                0x0000000008001ed0       0x24 ./simplicity_sdk_2025.6.2/platform/peripheral/src/sl_hal_sysrtc.o
                0x0000000008001ed0                sl_hal_sysrtc_init
 .text.sl_hal_sysrtc_init_group
                0x0000000008001ef4       0x44 ./simplicity_sdk_2025.6.2/platform/peripheral/src/sl_hal_sysrtc.o
                0x0000000008001ef4                sl_hal_sysrtc_init_group
 .text.sl_interrupt_manager_enable_irq
                0x0000000008001f38       0x34 ./simplicity_sdk_2025.6.2/platform/service/interrupt_manager/src/sl_interrupt_manager_cortexm.o
                0x0000000008001f38                sl_interrupt_manager_enable_irq
 .text.sl_interrupt_manager_clear_irq_pending
                0x0000000008001f6c       0x1c ./simplicity_sdk_2025.6.2/platform/service/interrupt_manager/src/sl_interrupt_manager_cortexm.o
                0x0000000008001f6c                sl_interrupt_manager_clear_irq_pending
 .text._sbrk    0x0000000008001f88       0x20 ./simplicity_sdk_2025.6.2/platform/service/memory_manager/src/sl_memory_manager_region.o
                0x0000000008001f88                _sbrk
 .text.sl_sleeptimer_init
                0x0000000008001fa8       0x74 ./simplicity_sdk_2025.6.2/platform/service/sleeptimer/src/sl_sleeptimer.o
                0x0000000008001fa8                sl_sleeptimer_init
 .text.sl_sleeptimer_delay_millisecond
                0x000000000800201c       0x38 ./simplicity_sdk_2025.6.2/platform/service/sleeptimer/src/sl_sleeptimer.o
                0x000000000800201c                sl_sleeptimer_delay_millisecond
 .text.sleeptimer_hal_init_timer
                0x0000000008002054       0x6c ./simplicity_sdk_2025.6.2/platform/service/sleeptimer/src/sl_sleeptimer_hal_sysrtc.o
                0x0000000008002054                sleeptimer_hal_init_timer
 .text          0x00000000080020c0      0x378 /Applications/Simplicity Studio.app/Contents/Eclipse/developer/toolchains/gnu_arm/12.2.rel1_2023.7/bin/../lib/gcc/arm-none-eabi/12.2.1/thumb/v8-m.main+fp/hard/libgcc.a(_arm_addsubdf3.o)
                0x00000000080020c0                __aeabi_drsub
                0x00000000080020c8                __subdf3
                0x00000000080020c8                __aeabi_dsub
                0x00000000080020cc                __aeabi_dadd
                0x00000000080020cc                __adddf3
                0x0000000008002344                __aeabi_ui2d
                0x0000000008002344                __floatunsidf
                0x0000000008002364                __floatsidf
                0x0000000008002364                __aeabi_i2d
                0x0000000008002388                __extendsfdf2
                0x0000000008002388                __aeabi_f2d
                0x00000000080023cc                __aeabi_ul2d
                0x00000000080023cc                __floatundidf
                0x00000000080023dc                __aeabi_l2d
                0x00000000080023dc                __floatdidf
 .text          0x0000000008002438       0xa0 /Applications/Simplicity Studio.app/Contents/Eclipse/developer/toolchains/gnu_arm/12.2.rel1_2023.7/bin/../lib/gcc/arm-none-eabi/12.2.1/thumb/v8-m.main+fp/hard/libgcc.a(_arm_truncdfsf2.o)
                0x0000000008002438                __aeabi_d2f
                0x0000000008002438                __truncdfsf2
 .text          0x00000000080024d8       0x30 /Applications/Simplicity Studio.app/Contents/Eclipse/developer/toolchains/gnu_arm/12.2.rel1_2023.7/bin/../lib/gcc/arm-none-eabi/12.2.1/thumb/v8-m.main+fp/hard/libgcc.a(_aeabi_uldivmod.o)
                0x00000000080024d8                __aeabi_uldivmod
 .text.__udivmoddi4
                0x0000000008002508      0x2ec /Applications/Simplicity Studio.app/Contents/Eclipse/developer/toolchains/gnu_arm/12.2.rel1_2023.7/bin/../lib/gcc/arm-none-eabi/12.2.1/thumb/v8-m.main+fp/hard/libgcc.a(_udivmoddi4.o)
                0x0000000008002508                __udivmoddi4
 .text          0x00000000080027f4        0x4 /Applications/Simplicity Studio.app/Contents/Eclipse/developer/toolchains/gnu_arm/12.2.rel1_2023.7/bin/../lib/gcc/arm-none-eabi/12.2.1/thumb/v8-m.main+fp/hard/libgcc.a(_dvmd_tls.o)
                0x00000000080027f4                __aeabi_ldiv0
                0x00000000080027f4                __aeabi_idiv0
 .text.exit     0x00000000080027f8       0x24 /Applications/Simplicity Studio.app/Contents/Eclipse/developer/toolchains/gnu_arm/12.2.rel1_2023.7/bin/../lib/gcc/arm-none-eabi/12.2.1/../../../../arm-none-eabi/lib/thumb/v8-m.main+fp/hard/libc_nano.a(libc_a-exit.o)
                0x00000000080027f8                exit
 .text._printf_float
                0x000000000800281c      0x468 /Applications/Simplicity Studio.app/Contents/Eclipse/developer/toolchains/gnu_arm/12.2.rel1_2023.7/bin/../lib/gcc/arm-none-eabi/12.2.1/../../../../arm-none-eabi/lib/thumb/v8-m.main+fp/hard/libc_nano.a(libc_a-nano-vfprintf_float.o)
                0x000000000800281c                _printf_float
 .text._printf_i
                0x0000000008002c84      0x258 /Applications/Simplicity Studio.app/Contents/Eclipse/developer/toolchains/gnu_arm/12.2.rel1_2023.7/bin/../lib/gcc/arm-none-eabi/12.2.1/../../../../arm-none-eabi/lib/thumb/v8-m.main+fp/hard/libc_nano.a(libc_a-nano-vfprintf_i.o)
                0x0000000008002c84                _printf_i
 .text.snprintf
                0x0000000008002edc       0x68 /Applications/Simplicity Studio.app/Contents/Eclipse/developer/toolchains/gnu_arm/12.2.rel1_2023.7/bin/../lib/gcc/arm-none-eabi/12.2.1/../../../../arm-none-eabi/lib/thumb/v8-m.main+fp/hard/libc_nano.a(libc_a-snprintf.o)
                0x0000000008002edc                snprintf
                0x0000000008002edc                sniprintf
 .text.std      0x0000000008002f44       0x6c /Applications/Simplicity Studio.app/Contents/Eclipse/developer/toolchains/gnu_arm/12.2.rel1_2023.7/bin/../lib/gcc/arm-none-eabi/12.2.1/../../../../arm-none-eabi/lib/thumb/v8-m.main+fp/hard/libc_nano.a(libc_a-findfp.o)
 .text.stdio_exit_handler
                0x0000000008002fb0       0x18 /Applications/Simplicity Studio.app/Contents/Eclipse/developer/toolchains/gnu_arm/12.2.rel1_2023.7/bin/../lib/gcc/arm-none-eabi/12.2.1/../../../../arm-none-eabi/lib/thumb/v8-m.main+fp/hard/libc_nano.a(libc_a-findfp.o)
 .text.cleanup_stdio
                0x0000000008002fc8       0x40 /Applications/Simplicity Studio.app/Contents/Eclipse/developer/toolchains/gnu_arm/12.2.rel1_2023.7/bin/../lib/gcc/arm-none-eabi/12.2.1/../../../../arm-none-eabi/lib/thumb/v8-m.main+fp/hard/libc_nano.a(libc_a-findfp.o)
 .text.global_stdio_init.part.0
                0x0000000008003008       0x3c /Applications/Simplicity Studio.app/Contents/Eclipse/developer/toolchains/gnu_arm/12.2.rel1_2023.7/bin/../lib/gcc/arm-none-eabi/12.2.1/../../../../arm-none-eabi/lib/thumb/v8-m.main+fp/hard/libc_nano.a(libc_a-findfp.o)
 .text.__sfp_lock_acquire
                0x0000000008003044        0xc /Applications/Simplicity Studio.app/Contents/Eclipse/developer/toolchains/gnu_arm/12.2.rel1_2023.7/bin/../lib/gcc/arm-none-eabi/12.2.1/../../../../arm-none-eabi/lib/thumb/v8-m.main+fp/hard/libc_nano.a(libc_a-findfp.o)
                0x0000000008003044                __sfp_lock_acquire
 .text.__sfp_lock_release
                0x0000000008003050        0xc /Applications/Simplicity Studio.app/Contents/Eclipse/developer/toolchains/gnu_arm/12.2.rel1_2023.7/bin/../lib/gcc/arm-none-eabi/12.2.1/../../../../arm-none-eabi/lib/thumb/v8-m.main+fp/hard/libc_nano.a(libc_a-findfp.o)
                0x0000000008003050                __sfp_lock_release
 .text.__sinit  0x000000000800305c       0x30 /Applications/Simplicity Studio.app/Contents/Eclipse/developer/toolchains/gnu_arm/12.2.rel1_2023.7/bin/../lib/gcc/arm-none-eabi/12.2.1/../../../../arm-none-eabi/lib/thumb/v8-m.main+fp/hard/libc_nano.a(libc_a-findfp.o)
                0x000000000800305c                __sinit
 .text._localeconv_r
                0x000000000800308c        0x8 /Applications/Simplicity Studio.app/Contents/Eclipse/developer/toolchains/gnu_arm/12.2.rel1_2023.7/bin/../lib/gcc/arm-none-eabi/12.2.1/../../../../arm-none-eabi/lib/thumb/v8-m.main+fp/hard/libc_nano.a(libc_a-localeconv.o)
                0x000000000800308c                _localeconv_r
 .text.__libc_init_array
                0x0000000008003094       0x48 /Applications/Simplicity Studio.app/Contents/Eclipse/developer/toolchains/gnu_arm/12.2.rel1_2023.7/bin/../lib/gcc/arm-none-eabi/12.2.1/../../../../arm-none-eabi/lib/thumb/v8-m.main+fp/hard/libc_nano.a(libc_a-init.o)
                0x0000000008003094                __libc_init_array
 .text._svfprintf_r
                0x00000000080030dc      0x1f8 /Applications/Simplicity Studio.app/Contents/Eclipse/developer/toolchains/gnu_arm/12.2.rel1_2023.7/bin/../lib/gcc/arm-none-eabi/12.2.1/../../../../arm-none-eabi/lib/thumb/v8-m.main+fp/hard/libc_nano.a(libc_a-nano-svfprintf.o)
                0x00000000080030dc                _svfprintf_r
                0x00000000080030dc                _svfiprintf_r
 .text.malloc   0x00000000080032d4       0x10 /Applications/Simplicity Studio.app/Contents/Eclipse/developer/toolchains/gnu_arm/12.2.rel1_2023.7/bin/../lib/gcc/arm-none-eabi/12.2.1/../../../../arm-none-eabi/lib/thumb/v8-m.main+fp/hard/libc_nano.a(libc_a-malloc.o)
                0x00000000080032d4                malloc
 .text.sbrk_aligned
                0x00000000080032e4       0x44 /Applications/Simplicity Studio.app/Contents/Eclipse/developer/toolchains/gnu_arm/12.2.rel1_2023.7/bin/../lib/gcc/arm-none-eabi/12.2.1/../../../../arm-none-eabi/lib/thumb/v8-m.main+fp/hard/libc_nano.a(libc_a-mallocr.o)
 .text._malloc_r
                0x0000000008003328       0xf0 /Applications/Simplicity Studio.app/Contents/Eclipse/developer/toolchains/gnu_arm/12.2.rel1_2023.7/bin/../lib/gcc/arm-none-eabi/12.2.1/../../../../arm-none-eabi/lib/thumb/v8-m.main+fp/hard/libc_nano.a(libc_a-mallocr.o)
                0x0000000008003328                _malloc_r
 .text.__malloc_lock
                0x0000000008003418        0xc /Applications/Simplicity Studio.app/Contents/Eclipse/developer/toolchains/gnu_arm/12.2.rel1_2023.7/bin/../lib/gcc/arm-none-eabi/12.2.1/../../../../arm-none-eabi/lib/thumb/v8-m.main+fp/hard/libc_nano.a(libc_a-mlock.o)
                0x0000000008003418                __malloc_lock
 .text.__malloc_unlock
                0x0000000008003424        0xc /Applications/Simplicity Studio.app/Contents/Eclipse/developer/toolchains/gnu_arm/12.2.rel1_2023.7/bin/../lib/gcc/arm-none-eabi/12.2.1/../../../../arm-none-eabi/lib/thumb/v8-m.main+fp/hard/libc_nano.a(libc_a-mlock.o)
                0x0000000008003424                __malloc_unlock
 .text._Balloc  0x0000000008003430       0x80 /Applications/Simplicity Studio.app/Contents/Eclipse/developer/toolchains/gnu_arm/12.2.rel1_2023.7/bin/../lib/gcc/arm-none-eabi/12.2.1/../../../../arm-none-eabi/lib/thumb/v8-m.main+fp/hard/libc_nano.a(libc_a-mprec.o)
                0x0000000008003430                _Balloc
 .text._Bfree   0x00000000080034b0       0x44 /Applications/Simplicity Studio.app/Contents/Eclipse/developer/toolchains/gnu_arm/12.2.rel1_2023.7/bin/../lib/gcc/arm-none-eabi/12.2.1/../../../../arm-none-eabi/lib/thumb/v8-m.main+fp/hard/libc_nano.a(libc_a-mprec.o)
                0x00000000080034b0                _Bfree
 .text.__multadd
                0x00000000080034f4       0x90 /Applications/Simplicity Studio.app/Contents/Eclipse/developer/toolchains/gnu_arm/12.2.rel1_2023.7/bin/../lib/gcc/arm-none-eabi/12.2.1/../../../../arm-none-eabi/lib/thumb/v8-m.main+fp/hard/libc_nano.a(libc_a-mprec.o)
                0x00000000080034f4                __multadd
 .text.__i2b    0x0000000008003584       0x2c /Applications/Simplicity Studio.app/Contents/Eclipse/developer/toolchains/gnu_arm/12.2.rel1_2023.7/bin/../lib/gcc/arm-none-eabi/12.2.1/../../../../arm-none-eabi/lib/thumb/v8-m.main+fp/hard/libc_nano.a(libc_a-mprec.o)
                0x0000000008003584                __i2b
 .text.__multiply
                0x00000000080035b0      0x154 /Applications/Simplicity Studio.app/Contents/Eclipse/developer/toolchains/gnu_arm/12.2.rel1_2023.7/bin/../lib/gcc/arm-none-eabi/12.2.1/../../../../arm-none-eabi/lib/thumb/v8-m.main+fp/hard/libc_nano.a(libc_a-mprec.o)
                0x00000000080035b0                __multiply
 .text.__pow5mult
                0x0000000008003704       0xb4 /Applications/Simplicity Studio.app/Contents/Eclipse/developer/toolchains/gnu_arm/12.2.rel1_2023.7/bin/../lib/gcc/arm-none-eabi/12.2.1/../../../../arm-none-eabi/lib/thumb/v8-m.main+fp/hard/libc_nano.a(libc_a-mprec.o)
                0x0000000008003704                __pow5mult
 .text.__lshift
                0x00000000080037b8       0xd8 /Applications/Simplicity Studio.app/Contents/Eclipse/developer/toolchains/gnu_arm/12.2.rel1_2023.7/bin/../lib/gcc/arm-none-eabi/12.2.1/../../../../arm-none-eabi/lib/thumb/v8-m.main+fp/hard/libc_nano.a(libc_a-mprec.o)
                0x00000000080037b8                __lshift
 .text.__mdiff  0x0000000008003890      0x130 /Applications/Simplicity Studio.app/Contents/Eclipse/developer/toolchains/gnu_arm/12.2.rel1_2023.7/bin/../lib/gcc/arm-none-eabi/12.2.1/../../../../arm-none-eabi/lib/thumb/v8-m.main+fp/hard/libc_nano.a(libc_a-mprec.o)
                0x0000000008003890                __mdiff
 .text.__d2b    0x00000000080039c0       0xb0 /Applications/Simplicity Studio.app/Contents/Eclipse/developer/toolchains/gnu_arm/12.2.rel1_2023.7/bin/../lib/gcc/arm-none-eabi/12.2.1/../../../../arm-none-eabi/lib/thumb/v8-m.main+fp/hard/libc_nano.a(libc_a-mprec.o)
                0x00000000080039c0                __d2b
 .text._close_r
                0x0000000008003a70       0x20 /Applications/Simplicity Studio.app/Contents/Eclipse/developer/toolchains/gnu_arm/12.2.rel1_2023.7/bin/../lib/gcc/arm-none-eabi/12.2.1/../../../../arm-none-eabi/lib/thumb/v8-m.main+fp/hard/libc_nano.a(libc_a-closer.o)
                0x0000000008003a70                _close_r
 .text._lseek_r
                0x0000000008003a90       0x24 /Applications/Simplicity Studio.app/Contents/Eclipse/developer/toolchains/gnu_arm/12.2.rel1_2023.7/bin/../lib/gcc/arm-none-eabi/12.2.1/../../../../arm-none-eabi/lib/thumb/v8-m.main+fp/hard/libc_nano.a(libc_a-lseekr.o)
                0x0000000008003a90                _lseek_r
 .text._read_r  0x0000000008003ab4       0x24 /Applications/Simplicity Studio.app/Contents/Eclipse/developer/toolchains/gnu_arm/12.2.rel1_2023.7/bin/../lib/gcc/arm-none-eabi/12.2.1/../../../../arm-none-eabi/lib/thumb/v8-m.main+fp/hard/libc_nano.a(libc_a-readr.o)
                0x0000000008003ab4                _read_r
 .text._sbrk_r  0x0000000008003ad8       0x20 /Applications/Simplicity Studio.app/Contents/Eclipse/developer/toolchains/gnu_arm/12.2.rel1_2023.7/bin/../lib/gcc/arm-none-eabi/12.2.1/../../../../arm-none-eabi/lib/thumb/v8-m.main+fp/hard/libc_nano.a(libc_a-sbrkr.o)
                0x0000000008003ad8                _sbrk_r
 .text._write_r
                0x0000000008003af8       0x24 /Applications/Simplicity Studio.app/Contents/Eclipse/developer/toolchains/gnu_arm/12.2.rel1_2023.7/bin/../lib/gcc/arm-none-eabi/12.2.1/../../../../arm-none-eabi/lib/thumb/v8-m.main+fp/hard/libc_nano.a(libc_a-writer.o)
                0x0000000008003af8                _write_r
 .text.__assert_func
                0x0000000008003b1c       0x3c /Applications/Simplicity Studio.app/Contents/Eclipse/developer/toolchains/gnu_arm/12.2.rel1_2023.7/bin/../lib/gcc/arm-none-eabi/12.2.1/../../../../arm-none-eabi/lib/thumb/v8-m.main+fp/hard/libc_nano.a(libc_a-assert.o)
                0x0000000008003b1c                __assert_func
 .text._free_r  0x0000000008003b58       0x94 /Applications/Simplicity Studio.app/Contents/Eclipse/developer/toolchains/gnu_arm/12.2.rel1_2023.7/bin/../lib/gcc/arm-none-eabi/12.2.1/../../../../arm-none-eabi/lib/thumb/v8-m.main+fp/hard/libc_nano.a(libc_a-freer.o)
                0x0000000008003b58                _free_r
 .text.fprintf  0x0000000008003bec       0x24 /Applications/Simplicity Studio.app/Contents/Eclipse/developer/toolchains/gnu_arm/12.2.rel1_2023.7/bin/../lib/gcc/arm-none-eabi/12.2.1/../../../../arm-none-eabi/lib/thumb/v8-m.main+fp/hard/libc_nano.a(libc_a-fprintf.o)
                0x0000000008003bec                fprintf
                0x0000000008003bec                fiprintf
 .text._vfprintf_r
                0x0000000008003c10      0x230 /Applications/Simplicity Studio.app/Contents/Eclipse/developer/toolchains/gnu_arm/12.2.rel1_2023.7/bin/../lib/gcc/arm-none-eabi/12.2.1/../../../../arm-none-eabi/lib/thumb/v8-m.main+fp/hard/libc_nano.a(libc_a-nano-vfprintf.o)
                0x0000000008003c10                _vfiprintf_r
                0x0000000008003c10                _vfprintf_r
 .text.__swsetup_r
                0x0000000008003e40       0xac /Applications/Simplicity Studio.app/Contents/Eclipse/developer/toolchains/gnu_arm/12.2.rel1_2023.7/bin/../lib/gcc/arm-none-eabi/12.2.1/../../../../arm-none-eabi/lib/thumb/v8-m.main+fp/hard/libc_nano.a(libc_a-wsetup.o)
                0x0000000008003e40                __swsetup_r
 .text._fstat_r
                0x0000000008003eec       0x24 /Applications/Simplicity Studio.app/Contents/Eclipse/developer/toolchains/gnu_arm/12.2.rel1_2023.7/bin/../lib/gcc/arm-none-eabi/12.2.1/../../../../arm-none-eabi/lib/thumb/v8-m.main+fp/hard/libc_nano.a(libc_a-fstatr.o)
                0x0000000008003eec                _fstat_r
 .text._isatty_r
                0x0000000008003f10       0x20 /Applications/Simplicity Studio.app/Contents/Eclipse/developer/toolchains/gnu_arm/12.2.rel1_2023.7/bin/../lib/gcc/arm-none-eabi/12.2.1/../../../../arm-none-eabi/lib/thumb/v8-m.main+fp/hard/libc_nano.a(libc_a-isattyr.o)
                0x0000000008003f10                _isatty_r
 .text.raise    0x0000000008003f30       0x10 /Applications/Simplicity Studio.app/Contents/Eclipse/developer/toolchains/gnu_arm/12.2.rel1_2023.7/bin/../lib/gcc/arm-none-eabi/12.2.1/../../../../arm-none-eabi/lib/thumb/v8-m.main+fp/hard/libc_nano.a(libc_a-signal.o)
                0x0000000008003f30                raise
 .text._kill_r  0x0000000008003f40       0x24 /Applications/Simplicity Studio.app/Contents/Eclipse/developer/toolchains/gnu_arm/12.2.rel1_2023.7/bin/../lib/gcc/arm-none-eabi/12.2.1/../../../../arm-none-eabi/lib/thumb/v8-m.main+fp/hard/libc_nano.a(libc_a-signalr.o)
                0x0000000008003f40                _kill_r
 .text          0x0000000008003f64      0x424 /Applications/Simplicity Studio.app/Contents/Eclipse/developer/toolchains/gnu_arm/12.2.rel1_2023.7/bin/../lib/gcc/arm-none-eabi/12.2.1/thumb/v8-m.main+fp/hard/libgcc.a(_arm_muldivdf3.o)
                0x0000000008003f64                __aeabi_dmul
                0x0000000008003f64                __muldf3
                0x00000000080041b8                __aeabi_ddiv
                0x00000000080041b8                __divdf3
 .text          0x0000000008004388      0x110 /Applications/Simplicity Studio.app/Contents/Eclipse/developer/toolchains/gnu_arm/12.2.rel1_2023.7/bin/../lib/gcc/arm-none-eabi/12.2.1/thumb/v8-m.main+fp/hard/libgcc.a(_arm_cmpdf2.o)
                0x0000000008004388                __gedf2
                0x0000000008004388                __gtdf2
                0x0000000008004390                __ledf2
                0x0000000008004390                __ltdf2
                0x0000000008004398                __cmpdf2
                0x0000000008004398                __eqdf2
                0x0000000008004398                __nedf2
                0x0000000008004414                __aeabi_cdrcmple
                0x0000000008004424                __aeabi_cdcmple
                0x0000000008004424                __aeabi_cdcmpeq
                0x0000000008004434                __aeabi_dcmpeq
                0x0000000008004448                __aeabi_dcmplt
                0x000000000800445c                __aeabi_dcmple
                0x0000000008004470                __aeabi_dcmpge
                0x0000000008004484                __aeabi_dcmpgt
 .text          0x0000000008004498       0x2c /Applications/Simplicity Studio.app/Contents/Eclipse/developer/toolchains/gnu_arm/12.2.rel1_2023.7/bin/../lib/gcc/arm-none-eabi/12.2.1/thumb/v8-m.main+fp/hard/libgcc.a(_arm_unorddf2.o)
                0x0000000008004498                __aeabi_dcmpun
                0x0000000008004498                __unorddf2
 .text          0x00000000080044c4       0x50 /Applications/Simplicity Studio.app/Contents/Eclipse/developer/toolchains/gnu_arm/12.2.rel1_2023.7/bin/../lib/gcc/arm-none-eabi/12.2.1/thumb/v8-m.main+fp/hard/libgcc.a(_arm_fixdfsi.o)
                0x00000000080044c4                __fixdfsi
                0x00000000080044c4                __aeabi_d2iz
 .text.USART0_sendString
                0x0000000008004514       0x1c ./LL_UART.o
                0x0000000008004514                USART0_sendString
 .text.IMU_ReadRegister
                0x0000000008004530       0x1a ./main.o
                0x0000000008004530                IMU_ReadRegister
 .text.IMU_ReadRegisterCont
                0x000000000800454a       0x2c ./main.o
                0x000000000800454a                IMU_ReadRegisterCont
 .text.IMU_WriteRegister
                0x0000000008004576       0x1e ./main.o
                0x0000000008004576                IMU_WriteRegister
 .text.IMU_ReadAccel
                0x0000000008004594       0x34 ./main.o
                0x0000000008004594                IMU_ReadAccel
 .text.IMU_ReadGyro
                0x00000000080045c8       0x34 ./main.o
                0x00000000080045c8                IMU_ReadGyro
 .text.Default_Handler
                0x00000000080045fc        0x2 ./simplicity_sdk_2025.6.2/platform/Device/SiliconLabs/EFR32MG24/Source/startup_efr32mg24.o
                0x00000000080045fc                MPAHBRAM_IRQHandler
                0x00000000080045fc                AHB2AHB1_IRQHandler
                0x00000000080045fc                SW2_IRQHandler
                0x00000000080045fc                TIMER2_IRQHandler
                0x00000000080045fc                DebugMon_Handler
                0x00000000080045fc                USART0_TX_IRQHandler
                0x00000000080045fc                IADC_IRQHandler
                0x00000000080045fc                EUSART0_TX_IRQHandler
                0x00000000080045fc                I2C0_IRQHandler
                0x00000000080045fc                LFXO_IRQHandler
                0x00000000080045fc                HardFault_Handler
                0x00000000080045fc                SMU_SECURE_IRQHandler
                0x00000000080045fc                SysTick_Handler
                0x00000000080045fc                SYSRTC_SEQ_IRQHandler
                0x00000000080045fc                EMUEFP_IRQHandler
                0x00000000080045fc                PendSV_Handler
                0x00000000080045fc                NMI_Handler
                0x00000000080045fc                SYNTH_IRQHandler
                0x00000000080045fc                HOSTMAILBOX_IRQHandler
                0x00000000080045fc                HFXO0_IRQHandler
                0x00000000080045fc                I2C1_IRQHandler
                0x00000000080045fc                WDOG0_IRQHandler
                0x00000000080045fc                TIMER3_IRQHandler
                0x00000000080045fc                SYSCFG_IRQHandler
                0x00000000080045fc                RFECA1_IRQHandler
                0x00000000080045fc                EMUDG_IRQHandler
                0x00000000080045fc                MSC_IRQHandler
                0x00000000080045fc                DPLL0_IRQHandler
                0x00000000080045fc                UsageFault_Handler
                0x00000000080045fc                WDOG1_IRQHandler
                0x00000000080045fc                M33CTI1_IRQHandler
                0x00000000080045fc                TIMER4_IRQHandler
                0x00000000080045fc                VDAC0_IRQHandler
                0x00000000080045fc                LDMA_IRQHandler
                0x00000000080045fc                SEMBTX_IRQHandler
                0x00000000080045fc                SW0_IRQHandler
                0x00000000080045fc                TIMER0_IRQHandler
                0x00000000080045fc                MVP_IRQHandler
                0x00000000080045fc                LETIMER0_IRQHandler
                0x00000000080045fc                EUSART1_RX_IRQHandler
                0x00000000080045fc                TIMER1_IRQHandler
                0x00000000080045fc                HFRCO0_IRQHandler
                0x00000000080045fc                SecureFault_Handler
                0x00000000080045fc                BUFC_IRQHandler
                0x00000000080045fc                DCDC_IRQHandler
                0x00000000080045fc                MODEM_IRQHandler
                0x00000000080045fc                Default_Handler
                0x00000000080045fc                RAC_SEQ_IRQHandler
                0x00000000080045fc                FRC_PRI_IRQHandler
                0x00000000080045fc                EMU_IRQHandler
                0x00000000080045fc                SW3_IRQHandler
                0x00000000080045fc                KERNEL0_IRQHandler
                0x00000000080045fc                FRC_IRQHandler
                0x00000000080045fc                PCNT0_IRQHandler
                0x00000000080045fc                KERNEL1_IRQHandler
                0x00000000080045fc                AGC_IRQHandler
                0x00000000080045fc                EUSART1_TX_IRQHandler
                0x00000000080045fc                KEYSCAN_IRQHandler
                0x00000000080045fc                sl_app_properties
                0x00000000080045fc                HFRCOEM23_IRQHandler
                0x00000000080045fc                BURTC_IRQHandler
                0x00000000080045fc                SEMBRX_IRQHandler
                0x00000000080045fc                RFECA0_IRQHandler
                0x00000000080045fc                LFRCO_IRQHandler
                0x00000000080045fc                VDAC1_IRQHandler
                0x00000000080045fc                ACMP0_IRQHandler
                0x00000000080045fc                USART0_RX_IRQHandler
                0x00000000080045fc                MemManage_Handler
                0x00000000080045fc                AHB2AHB0_IRQHandler
                0x00000000080045fc                SVC_Handler
                0x00000000080045fc                SMU_S_PRIVILEGED_IRQHandler
                0x00000000080045fc                SW1_IRQHandler
                0x00000000080045fc                CMU_IRQHandler
                0x00000000080045fc                EUSART0_RX_IRQHandler
                0x00000000080045fc                RAC_RSM_IRQHandler
                0x00000000080045fc                SETAMPERHOST_IRQHandler
                0x00000000080045fc                AES_IRQHandler
                0x00000000080045fc                M33CTI0_IRQHandler
                0x00000000080045fc                ICACHE0_IRQHandler
                0x00000000080045fc                SMU_NS_PRIVILEGED_IRQHandler
                0x00000000080045fc                FPUEXH_IRQHandler
                0x00000000080045fc                PROTIMER_IRQHandler
                0x00000000080045fc                ACMP1_IRQHandler
                0x00000000080045fc                BusFault_Handler
                0x00000000080045fc                ULFRCO_IRQHandler
 .text.CopyMemory
                0x00000000080045fe       0x1a ./simplicity_sdk_2025.6.2/platform/Device/SiliconLabs/EFR32MG24/Source/startup_efr32mg24.o
                0x00000000080045fe                CopyMemory
 .text.assertEFM
                0x0000000008004618        0x2 ./simplicity_sdk_2025.6.2/platform/common/src/sl_assert.o
                0x0000000008004618                assertEFM
 .text._close   0x000000000800461a        0x6 ./simplicity_sdk_2025.6.2/platform/common/src/sl_syscalls.o
                0x000000000800461a                _close
 .text._exit    0x0000000008004620        0x2 ./simplicity_sdk_2025.6.2/platform/common/src/sl_syscalls.o
                0x0000000008004620                _exit
 .text._fstat   0x0000000008004622        0x4 ./simplicity_sdk_2025.6.2/platform/common/src/sl_syscalls.o
                0x0000000008004622                _fstat
 .text._getpid  0x0000000008004626        0x4 ./simplicity_sdk_2025.6.2/platform/common/src/sl_syscalls.o
                0x0000000008004626                _getpid
 .text._isatty  0x000000000800462a        0x4 ./simplicity_sdk_2025.6.2/platform/common/src/sl_syscalls.o
                0x000000000800462a                _isatty
 .text._kill    0x000000000800462e        0x6 ./simplicity_sdk_2025.6.2/platform/common/src/sl_syscalls.o
                0x000000000800462e                _kill
 .text._lseek   0x0000000008004634        0x4 ./simplicity_sdk_2025.6.2/platform/common/src/sl_syscalls.o
                0x0000000008004634                _lseek
 .text._read    0x0000000008004638        0x4 ./simplicity_sdk_2025.6.2/platform/common/src/sl_syscalls.o
                0x0000000008004638                _read
 .text._write   0x000000000800463c        0x4 ./simplicity_sdk_2025.6.2/platform/common/src/sl_syscalls.o
                0x000000000800463c                _write
 .text.BUS_RegMaskedWrite
                0x0000000008004640       0x1e ./simplicity_sdk_2025.6.2/platform/emlib/src/em_gpio.o
 .text.__cvt    0x000000000800465e       0xd0 /Applications/Simplicity Studio.app/Contents/Eclipse/developer/toolchains/gnu_arm/12.2.rel1_2023.7/bin/../lib/gcc/arm-none-eabi/12.2.1/../../../../arm-none-eabi/lib/thumb/v8-m.main+fp/hard/libc_nano.a(libc_a-nano-vfprintf_float.o)
                0x000000000800465e                __cvt
 .text.__exponent
                0x000000000800472e       0x72 /Applications/Simplicity Studio.app/Contents/Eclipse/developer/toolchains/gnu_arm/12.2.rel1_2023.7/bin/../lib/gcc/arm-none-eabi/12.2.1/../../../../arm-none-eabi/lib/thumb/v8-m.main+fp/hard/libc_nano.a(libc_a-nano-vfprintf_float.o)
                0x000000000800472e                __exponent
 .text._printf_common
                0x00000000080047a0       0xe4 /Applications/Simplicity Studio.app/Contents/Eclipse/developer/toolchains/gnu_arm/12.2.rel1_2023.7/bin/../lib/gcc/arm-none-eabi/12.2.1/../../../../arm-none-eabi/lib/thumb/v8-m.main+fp/hard/libc_nano.a(libc_a-nano-vfprintf_i.o)
                0x00000000080047a0                _printf_common
 .text._fwalk_sglue
                0x0000000008004884       0x3c /Applications/Simplicity Studio.app/Contents/Eclipse/developer/toolchains/gnu_arm/12.2.rel1_2023.7/bin/../lib/gcc/arm-none-eabi/12.2.1/../../../../arm-none-eabi/lib/thumb/v8-m.main+fp/hard/libc_nano.a(libc_a-fwalk.o)
                0x0000000008004884                _fwalk_sglue
 .text.memset   0x00000000080048c0       0x10 /Applications/Simplicity Studio.app/Contents/Eclipse/developer/toolchains/gnu_arm/12.2.rel1_2023.7/bin/../lib/gcc/arm-none-eabi/12.2.1/../../../../arm-none-eabi/lib/thumb/v8-m.main+fp/hard/libc_nano.a(libc_a-memset.o)
                0x00000000080048c0                memset
 .text.__retarget_lock_init_recursive
                0x00000000080048d0        0x2 /Applications/Simplicity Studio.app/Contents/Eclipse/developer/toolchains/gnu_arm/12.2.rel1_2023.7/bin/../lib/gcc/arm-none-eabi/12.2.1/../../../../arm-none-eabi/lib/thumb/v8-m.main+fp/hard/libc_nano.a(libc_a-lock.o)
                0x00000000080048d0                __retarget_lock_init_recursive
 .text.__retarget_lock_acquire_recursive
                0x00000000080048d2        0x2 /Applications/Simplicity Studio.app/Contents/Eclipse/developer/toolchains/gnu_arm/12.2.rel1_2023.7/bin/../lib/gcc/arm-none-eabi/12.2.1/../../../../arm-none-eabi/lib/thumb/v8-m.main+fp/hard/libc_nano.a(libc_a-lock.o)
                0x00000000080048d2                __retarget_lock_acquire_recursive
 .text.__retarget_lock_release_recursive
                0x00000000080048d4        0x2 /Applications/Simplicity Studio.app/Contents/Eclipse/developer/toolchains/gnu_arm/12.2.rel1_2023.7/bin/../lib/gcc/arm-none-eabi/12.2.1/../../../../arm-none-eabi/lib/thumb/v8-m.main+fp/hard/libc_nano.a(libc_a-lock.o)
                0x00000000080048d4                __retarget_lock_release_recursive
 .text.memchr   0x00000000080048d6       0x1c /Applications/Simplicity Studio.app/Contents/Eclipse/developer/toolchains/gnu_arm/12.2.rel1_2023.7/bin/../lib/gcc/arm-none-eabi/12.2.1/../../../../arm-none-eabi/lib/thumb/v8-m.main+fp/hard/libc_nano.a(libc_a-memchr-stub.o)
                0x00000000080048d6                memchr
 .text          0x00000000080048f2       0x10 /Applications/Simplicity Studio.app/Contents/Eclipse/developer/toolchains/gnu_arm/12.2.rel1_2023.7/bin/../lib/gcc/arm-none-eabi/12.2.1/../../../../arm-none-eabi/lib/thumb/v8-m.main+fp/hard/libc_nano.a(libc_a-strlen.o)
                0x00000000080048f2                strlen
 .text.quorem   0x0000000008004902      0x11a /Applications/Simplicity Studio.app/Contents/Eclipse/developer/toolchains/gnu_arm/12.2.rel1_2023.7/bin/../lib/gcc/arm-none-eabi/12.2.1/../../../../arm-none-eabi/lib/thumb/v8-m.main+fp/hard/libc_nano.a(libc_a-dtoa.o)
 .text.__ssputs_r
                0x0000000008004a1c       0xb6 /Applications/Simplicity Studio.app/Contents/Eclipse/developer/toolchains/gnu_arm/12.2.rel1_2023.7/bin/../lib/gcc/arm-none-eabi/12.2.1/../../../../arm-none-eabi/lib/thumb/v8-m.main+fp/hard/libc_nano.a(libc_a-nano-svfprintf.o)
                0x0000000008004a1c                __ssputs_r
 .text.__sflush_r
                0x0000000008004ad2      0x106 /Applications/Simplicity Studio.app/Contents/Eclipse/developer/toolchains/gnu_arm/12.2.rel1_2023.7/bin/../lib/gcc/arm-none-eabi/12.2.1/../../../../arm-none-eabi/lib/thumb/v8-m.main+fp/hard/libc_nano.a(libc_a-fflush.o)
                0x0000000008004ad2                __sflush_r
 .text._fflush_r
                0x0000000008004bd8       0x50 /Applications/Simplicity Studio.app/Contents/Eclipse/developer/toolchains/gnu_arm/12.2.rel1_2023.7/bin/../lib/gcc/arm-none-eabi/12.2.1/../../../../arm-none-eabi/lib/thumb/v8-m.main+fp/hard/libc_nano.a(libc_a-fflush.o)
                0x0000000008004bd8                _fflush_r
 .text.__hi0bits
                0x0000000008004c28       0x44 /Applications/Simplicity Studio.app/Contents/Eclipse/developer/toolchains/gnu_arm/12.2.rel1_2023.7/bin/../lib/gcc/arm-none-eabi/12.2.1/../../../../arm-none-eabi/lib/thumb/v8-m.main+fp/hard/libc_nano.a(libc_a-mprec.o)
                0x0000000008004c28                __hi0bits
 .text.__lo0bits
                0x0000000008004c6c       0x5a /Applications/Simplicity Studio.app/Contents/Eclipse/developer/toolchains/gnu_arm/12.2.rel1_2023.7/bin/../lib/gcc/arm-none-eabi/12.2.1/../../../../arm-none-eabi/lib/thumb/v8-m.main+fp/hard/libc_nano.a(libc_a-mprec.o)
                0x0000000008004c6c                __lo0bits
 .text.__mcmp   0x0000000008004cc6       0x36 /Applications/Simplicity Studio.app/Contents/Eclipse/developer/toolchains/gnu_arm/12.2.rel1_2023.7/bin/../lib/gcc/arm-none-eabi/12.2.1/../../../../arm-none-eabi/lib/thumb/v8-m.main+fp/hard/libc_nano.a(libc_a-mprec.o)
                0x0000000008004cc6                __mcmp
 .text.__sread  0x0000000008004cfc       0x22 /Applications/Simplicity Studio.app/Contents/Eclipse/developer/toolchains/gnu_arm/12.2.rel1_2023.7/bin/../lib/gcc/arm-none-eabi/12.2.1/../../../../arm-none-eabi/lib/thumb/v8-m.main+fp/hard/libc_nano.a(libc_a-stdio.o)
                0x0000000008004cfc                __sread
 .text.__swrite
                0x0000000008004d1e       0x38 /Applications/Simplicity Studio.app/Contents/Eclipse/developer/toolchains/gnu_arm/12.2.rel1_2023.7/bin/../lib/gcc/arm-none-eabi/12.2.1/../../../../arm-none-eabi/lib/thumb/v8-m.main+fp/hard/libc_nano.a(libc_a-stdio.o)
                0x0000000008004d1e                __swrite
 .text.__sseek  0x0000000008004d56       0x24 /Applications/Simplicity Studio.app/Contents/Eclipse/developer/toolchains/gnu_arm/12.2.rel1_2023.7/bin/../lib/gcc/arm-none-eabi/12.2.1/../../../../arm-none-eabi/lib/thumb/v8-m.main+fp/hard/libc_nano.a(libc_a-stdio.o)
                0x0000000008004d56                __sseek
 .text.__sclose
                0x0000000008004d7a        0x8 /Applications/Simplicity Studio.app/Contents/Eclipse/developer/toolchains/gnu_arm/12.2.rel1_2023.7/bin/../lib/gcc/arm-none-eabi/12.2.1/../../../../arm-none-eabi/lib/thumb/v8-m.main+fp/hard/libc_nano.a(libc_a-stdio.o)
                0x0000000008004d7a                __sclose
 .text._realloc_r
                0x0000000008004d82       0x5c /Applications/Simplicity Studio.app/Contents/Eclipse/developer/toolchains/gnu_arm/12.2.rel1_2023.7/bin/../lib/gcc/arm-none-eabi/12.2.1/../../../../arm-none-eabi/lib/thumb/v8-m.main+fp/hard/libc_nano.a(libc_a-reallocr.o)
                0x0000000008004d82                _realloc_r
 .text.memmove  0x0000000008004dde       0x34 /Applications/Simplicity Studio.app/Contents/Eclipse/developer/toolchains/gnu_arm/12.2.rel1_2023.7/bin/../lib/gcc/arm-none-eabi/12.2.1/../../../../arm-none-eabi/lib/thumb/v8-m.main+fp/hard/libc_nano.a(libc_a-memmove.o)
                0x0000000008004dde                memmove
 .text.memcpy   0x0000000008004e12       0x1a /Applications/Simplicity Studio.app/Contents/Eclipse/developer/toolchains/gnu_arm/12.2.rel1_2023.7/bin/../lib/gcc/arm-none-eabi/12.2.1/../../../../arm-none-eabi/lib/thumb/v8-m.main+fp/hard/libc_nano.a(libc_a-memcpy-stub.o)
                0x0000000008004e12                memcpy
 .text._calloc_r
                0x0000000008004e2c       0x28 /Applications/Simplicity Studio.app/Contents/Eclipse/developer/toolchains/gnu_arm/12.2.rel1_2023.7/bin/../lib/gcc/arm-none-eabi/12.2.1/../../../../arm-none-eabi/lib/thumb/v8-m.main+fp/hard/libc_nano.a(libc_a-callocr.o)
                0x0000000008004e2c                _calloc_r
 .text.__ascii_mbtowc
                0x0000000008004e54       0x24 /Applications/Simplicity Studio.app/Contents/Eclipse/developer/toolchains/gnu_arm/12.2.rel1_2023.7/bin/../lib/gcc/arm-none-eabi/12.2.1/../../../../arm-none-eabi/lib/thumb/v8-m.main+fp/hard/libc_nano.a(libc_a-mbtowc_r.o)
                0x0000000008004e54                __ascii_mbtowc
 .text._malloc_usable_size_r
                0x0000000008004e78       0x10 /Applications/Simplicity Studio.app/Contents/Eclipse/developer/toolchains/gnu_arm/12.2.rel1_2023.7/bin/../lib/gcc/arm-none-eabi/12.2.1/../../../../arm-none-eabi/lib/thumb/v8-m.main+fp/hard/libc_nano.a(libc_a-msizer.o)
                0x0000000008004e78                _malloc_usable_size_r
 .text.__ascii_wctomb
                0x0000000008004e88       0x1a /Applications/Simplicity Studio.app/Contents/Eclipse/developer/toolchains/gnu_arm/12.2.rel1_2023.7/bin/../lib/gcc/arm-none-eabi/12.2.1/../../../../arm-none-eabi/lib/thumb/v8-m.main+fp/hard/libc_nano.a(libc_a-wctomb_r.o)
                0x0000000008004e88                __ascii_wctomb
 .text.abort    0x0000000008004ea2        0xe /Applications/Simplicity Studio.app/Contents/Eclipse/developer/toolchains/gnu_arm/12.2.rel1_2023.7/bin/../lib/gcc/arm-none-eabi/12.2.1/../../../../arm-none-eabi/lib/thumb/v8-m.main+fp/hard/libc_nano.a(libc_a-abort.o)
                0x0000000008004ea2                abort
 .text.__sfputc_r
                0x0000000008004eb0       0x2e /Applications/Simplicity Studio.app/Contents/Eclipse/developer/toolchains/gnu_arm/12.2.rel1_2023.7/bin/../lib/gcc/arm-none-eabi/12.2.1/../../../../arm-none-eabi/lib/thumb/v8-m.main+fp/hard/libc_nano.a(libc_a-nano-vfprintf.o)
 .text.__sfputs_r
                0x0000000008004ede       0x24 /Applications/Simplicity Studio.app/Contents/Eclipse/developer/toolchains/gnu_arm/12.2.rel1_2023.7/bin/../lib/gcc/arm-none-eabi/12.2.1/../../../../arm-none-eabi/lib/thumb/v8-m.main+fp/hard/libc_nano.a(libc_a-nano-vfprintf.o)
                0x0000000008004ede                __sfputs_r
 .text.__swbuf_r
                0x0000000008004f02       0x7c /Applications/Simplicity Studio.app/Contents/Eclipse/developer/toolchains/gnu_arm/12.2.rel1_2023.7/bin/../lib/gcc/arm-none-eabi/12.2.1/../../../../arm-none-eabi/lib/thumb/v8-m.main+fp/hard/libc_nano.a(libc_a-wbuf.o)
                0x0000000008004f02                __swbuf_r
 .text.__swhatbuf_r
                0x0000000008004f7e       0x4a /Applications/Simplicity Studio.app/Contents/Eclipse/developer/toolchains/gnu_arm/12.2.rel1_2023.7/bin/../lib/gcc/arm-none-eabi/12.2.1/../../../../arm-none-eabi/lib/thumb/v8-m.main+fp/hard/libc_nano.a(libc_a-makebuf.o)
                0x0000000008004f7e                __swhatbuf_r
 .text.__smakebuf_r
                0x0000000008004fc8       0x78 /Applications/Simplicity Studio.app/Contents/Eclipse/developer/toolchains/gnu_arm/12.2.rel1_2023.7/bin/../lib/gcc/arm-none-eabi/12.2.1/../../../../arm-none-eabi/lib/thumb/v8-m.main+fp/hard/libc_nano.a(libc_a-makebuf.o)
                0x0000000008004fc8                __smakebuf_r
 .text._raise_r
                0x0000000008005040       0x50 /Applications/Simplicity Studio.app/Contents/Eclipse/developer/toolchains/gnu_arm/12.2.rel1_2023.7/bin/../lib/gcc/arm-none-eabi/12.2.1/../../../../arm-none-eabi/lib/thumb/v8-m.main+fp/hard/libc_nano.a(libc_a-signal.o)
                0x0000000008005040                _raise_r
 .text._getpid_r
                0x0000000008005090        0x4 /Applications/Simplicity Studio.app/Contents/Eclipse/developer/toolchains/gnu_arm/12.2.rel1_2023.7/bin/../lib/gcc/arm-none-eabi/12.2.1/../../../../arm-none-eabi/lib/thumb/v8-m.main+fp/hard/libc_nano.a(libc_a-signalr.o)
                0x0000000008005090                _getpid_r
 *(SORT_BY_ALIGNMENT(text_*))
 text_system_timecritical19225
                0x0000000008005094        0xc ./simplicity_sdk_2025.6.2/platform/Device/SiliconLabs/EFR32MG24/Source/system_efr32mg24.o
                0x0000000008005094                SystemHFRCODPLLClockGet
 text_system_timecritical20228
                0x00000000080050a0       0x40 ./simplicity_sdk_2025.6.2/platform/Device/SiliconLabs/EFR32MG24/Source/system_efr32mg24.o
                0x00000000080050a0                SystemSYSCLKGet
 text_system_timecritical16181
                0x00000000080050e0       0x24 ./simplicity_sdk_2025.6.2/platform/Device/SiliconLabs/EFR32MG24/Source/system_efr32mg24.o
                0x00000000080050e0                SystemHCLKGet
 text_system_timecritical22232
                0x0000000008005104        0x8 ./simplicity_sdk_2025.6.2/platform/Device/SiliconLabs/EFR32MG24/Source/system_efr32mg24.o
                0x0000000008005104                SystemFSRCOClockGet
 text_system_timecritical23234
                0x000000000800510c        0xc ./simplicity_sdk_2025.6.2/platform/Device/SiliconLabs/EFR32MG24/Source/system_efr32mg24.o
                0x000000000800510c                SystemHFXOClockGet
 text_system_timecritical24237
                0x0000000008005118        0x8 ./simplicity_sdk_2025.6.2/platform/Device/SiliconLabs/EFR32MG24/Source/system_efr32mg24.o
                0x0000000008005118                SystemCLKIN0Get
 text_system_timecritical25239
                0x0000000008005120       0x90 ./simplicity_sdk_2025.6.2/platform/Device/SiliconLabs/EFR32MG24/Source/system_efr32mg24.o
                0x0000000008005120                SystemHFRCOEM23ClockGet
 text_system_timecritical26241
                0x00000000080051b0        0xc ./simplicity_sdk_2025.6.2/platform/Device/SiliconLabs/EFR32MG24/Source/system_efr32mg24.o
                0x00000000080051b0                SystemLFXOClockGet
 text_hal_sysrtc_timecritical29261
                0x00000000080051bc       0x14 ./simplicity_sdk_2025.6.2/platform/peripheral/src/sl_hal_sysrtc.o
                0x00000000080051bc                sl_hal_sysrtc_wait_sync
 text_hal_sysrtc_timecritical31625
                0x00000000080051d0       0x24 ./simplicity_sdk_2025.6.2/platform/peripheral/src/sl_hal_sysrtc.o
                0x00000000080051d0                sl_hal_sysrtc_wait_sync_group
 text_hal_sysrtc_timecritical32658
                0x00000000080051f4       0x1c ./simplicity_sdk_2025.6.2/platform/peripheral/src/sl_hal_sysrtc.o
                0x00000000080051f4                sl_hal_sysrtc_enable_group_interrupts
 text_hal_sysrtc_timecritical33674
                0x0000000008005210       0x1c ./simplicity_sdk_2025.6.2/platform/peripheral/src/sl_hal_sysrtc.o
                0x0000000008005210                sl_hal_sysrtc_disable_group_interrupts
 text_hal_sysrtc_timecritical34690
                0x000000000800522c       0x1c ./simplicity_sdk_2025.6.2/platform/peripheral/src/sl_hal_sysrtc.o
                0x000000000800522c                sl_hal_sysrtc_clear_group_interrupts
 text_hal_sysrtc_timecritical35709
                0x0000000008005248       0x20 ./simplicity_sdk_2025.6.2/platform/peripheral/src/sl_hal_sysrtc.o
                0x0000000008005248                sl_hal_sysrtc_get_group_interrupts
 text_hal_sysrtc_timecritical36758
                0x0000000008005268       0x28 ./simplicity_sdk_2025.6.2/platform/peripheral/src/sl_hal_sysrtc.o
                0x0000000008005268                sl_hal_sysrtc_get_group_compare_channel_value
 text_hal_sysrtc_timecritical37775
                0x0000000008005290       0x28 ./simplicity_sdk_2025.6.2/platform/peripheral/src/sl_hal_sysrtc.o
                0x0000000008005290                sl_hal_sysrtc_set_group_compare_channel_value
 text_clock_manager_timecritical2674
                0x00000000080052b8       0x54 ./simplicity_sdk_2025.6.2/platform/service/clock_manager/src/sl_clock_manager_hal_s2.o
                0x00000000080052b8                sli_clock_manager_hal_enable_bus_clock
 text_sleeptimer_timecritical66121
                0x000000000800530c       0x40 ./simplicity_sdk_2025.6.2/platform/service/sleeptimer/src/sl_sleeptimer.o
 text_sleeptimer_timecritical67125
                0x000000000800534c       0x3c ./simplicity_sdk_2025.6.2/platform/service/sleeptimer/src/sl_sleeptimer.o
 text_sleeptimer_timecritical69131
                0x0000000008005388       0x34 ./simplicity_sdk_2025.6.2/platform/service/sleeptimer/src/sl_sleeptimer.o
 text_sleeptimer_timecritical68128
                0x00000000080053bc       0x64 ./simplicity_sdk_2025.6.2/platform/service/sleeptimer/src/sl_sleeptimer.o
 text_sleeptimer_timecritical72140
                0x0000000008005420       0x88 ./simplicity_sdk_2025.6.2/platform/service/sleeptimer/src/sl_sleeptimer.o
 text_sleeptimer_timecritical34276
                0x00000000080054a8       0x3c ./simplicity_sdk_2025.6.2/platform/service/sleeptimer/src/sl_sleeptimer.o
                0x00000000080054a8                sl_sleeptimer_is_timer_running
 text_sleeptimer_timecritical40684
                0x00000000080054e4       0x24 ./simplicity_sdk_2025.6.2/platform/service/sleeptimer/src/sl_sleeptimer.o
                0x00000000080054e4                sl_sleeptimer_ms_to_tick
 text_sleeptimer_timecritical65151
                0x0000000008005508      0x148 ./simplicity_sdk_2025.6.2/platform/service/sleeptimer/src/sl_sleeptimer.o
                0x0000000008005508                process_timer_irq
 text_sleeptimer_timecritical6454
                0x0000000008005650       0x10 ./simplicity_sdk_2025.6.2/platform/service/sleeptimer/src/sl_sleeptimer_hal_sysrtc.o
                0x0000000008005650                sleeptimer_hal_get_counter
 text_sleeptimer_timecritical6885
                0x0000000008005660       0x18 ./simplicity_sdk_2025.6.2/platform/service/sleeptimer/src/sl_sleeptimer_hal_sysrtc.o
                0x0000000008005660                sleeptimer_hal_get_timer_frequency
 text_sleeptimer_timecritical6670
                0x0000000008005678       0x70 ./simplicity_sdk_2025.6.2/platform/service/sleeptimer/src/sl_sleeptimer_hal_sysrtc.o
                0x0000000008005678                sleeptimer_hal_set_compare
 text_sleeptimer_timecritical70101
                0x00000000080056e8       0x24 ./simplicity_sdk_2025.6.2/platform/service/sleeptimer/src/sl_sleeptimer_hal_sysrtc.o
                0x00000000080056e8                sleeptimer_hal_disable_int
 text_sleeptimer_timecritical71109
                0x000000000800570c       0x10 ./simplicity_sdk_2025.6.2/platform/service/sleeptimer/src/sl_sleeptimer_hal_sysrtc.o
                0x000000000800570c                sleeptimer_hal_set_int
 text_system_timecritical27244
                0x000000000800571c        0x6 ./simplicity_sdk_2025.6.2/platform/Device/SiliconLabs/EFR32MG24/Source/system_efr32mg24.o
                0x000000000800571c                SystemLFRCOClockGet
 text_system_timecritical28246
                0x0000000008005722        0x6 ./simplicity_sdk_2025.6.2/platform/Device/SiliconLabs/EFR32MG24/Source/system_efr32mg24.o
                0x0000000008005722                SystemULFRCOClockGet
 text_core_timecritical2307
                0x0000000008005728        0xa ./simplicity_sdk_2025.6.2/platform/common/src/sl_core_cortexm.o
                0x0000000008005728                CORE_ExitCritical
 text_core_timecritical4331
                0x0000000008005732        0x8 ./simplicity_sdk_2025.6.2/platform/common/src/sl_core_cortexm.o
                0x0000000008005732                CORE_EnterCritical
 text_core_timecritical7363
                0x000000000800573a        0xa ./simplicity_sdk_2025.6.2/platform/common/src/sl_core_cortexm.o
                0x000000000800573a                CORE_ExitAtomic
 text_core_timecritical9387
                0x0000000008005744        0xc ./simplicity_sdk_2025.6.2/platform/common/src/sl_core_cortexm.o
                0x0000000008005744                CORE_EnterAtomic
 text_clock_manager_timecritical1352
                0x0000000008005750        0xa ./simplicity_sdk_2025.6.2/platform/service/clock_manager/src/sl_clock_manager.o
                0x0000000008005750                sl_clock_manager_get_clock_branch_frequency
 text_clock_manager_timecritical2380
                0x000000000800575a        0x6 ./simplicity_sdk_2025.6.2/platform/service/clock_manager/src/sl_clock_manager.o
                0x000000000800575a                sl_clock_manager_enable_bus_clock
 text_clock_manager_timecritical2561
                0x0000000008005760       0xc4 ./simplicity_sdk_2025.6.2/platform/service/clock_manager/src/sl_clock_manager_hal_s2.o
                0x0000000008005760                sli_clock_manager_hal_get_clock_branch_frequency
 text_sleeptimer_timecritical75155
                0x0000000008005824        0x6 ./simplicity_sdk_2025.6.2/platform/service/sleeptimer/src/sl_sleeptimer.o
 text_sleeptimer_timecritical29161
                0x000000000800582a       0x48 ./simplicity_sdk_2025.6.2/platform/service/sleeptimer/src/sl_sleeptimer.o
                0x000000000800582a                sl_sleeptimer_start_timer
 text_sleeptimer_timecritical6562
                0x0000000008005872        0x8 ./simplicity_sdk_2025.6.2/platform/service/sleeptimer/src/sl_sleeptimer_hal_sysrtc.o
                0x0000000008005872                sleeptimer_hal_get_compare
 text_sleeptimer_timecritical6993
                0x000000000800587a       0x12 ./simplicity_sdk_2025.6.2/platform/service/sleeptimer/src/sl_sleeptimer_hal_sysrtc.o
                0x000000000800587a                sleeptimer_hal_enable_int
 text_sleeptimer_timecritical86325
                0x000000000800588c       0x34 ./simplicity_sdk_2025.6.2/platform/service/sleeptimer/src/sl_sleeptimer_hal_sysrtc.o
                0x000000000800588c                SYSRTC_APP_IRQHandler
                0x00000000080058c0                . = ALIGN (0x20)
                0x00000000080058c0                linker_code_end = .
 *(.init)
 .init          0x00000000080058c0        0x4 /Applications/Simplicity Studio.app/Contents/Eclipse/developer/toolchains/gnu_arm/12.2.rel1_2023.7/bin/../lib/gcc/arm-none-eabi/12.2.1/thumb/v8-m.main+fp/hard/crti.o
                0x00000000080058c0                _init
 .init          0x00000000080058c4        0x8 /Applications/Simplicity Studio.app/Contents/Eclipse/developer/toolchains/gnu_arm/12.2.rel1_2023.7/bin/../lib/gcc/arm-none-eabi/12.2.1/thumb/v8-m.main+fp/hard/crtn.o
 *(.fini)
 .fini          0x00000000080058cc        0x4 /Applications/Simplicity Studio.app/Contents/Eclipse/developer/toolchains/gnu_arm/12.2.rel1_2023.7/bin/../lib/gcc/arm-none-eabi/12.2.1/thumb/v8-m.main+fp/hard/crti.o
                0x00000000080058cc                _fini
 .fini          0x00000000080058d0        0x8 /Applications/Simplicity Studio.app/Contents/Eclipse/developer/toolchains/gnu_arm/12.2.rel1_2023.7/bin/../lib/gcc/arm-none-eabi/12.2.1/thumb/v8-m.main+fp/hard/crtn.o
 *crtbegin.o(.ctors)
 *crtbegin?.o(.ctors)
 *(EXCLUDE_FILE(*crtend.o *crtend?.o) .ctors)
 *(SORT_BY_NAME(.ctors.*))
 *(.ctors)
 *crtbegin.o(.dtors)
 *crtbegin?.o(.dtors)
 *(EXCLUDE_FILE(*crtend.o *crtend?.o) .dtors)
 *(SORT_BY_NAME(.dtors.*))
 *(.dtors)
 *(.rodata*)
 .rodata.initUSART0.str1.1
                0x00000000080058d8        0xd ./LL_UART.o
 .rodata.IMU_Init.str1.1
                0x00000000080058e5       0x16 ./main.o
 .rodata.IMU_DataOut.str1.1
                0x00000000080058fb       0x3f ./main.o
 .rodata.main.str1.1
                0x000000000800593a       0x5a ./main.o
                                         0x5d (size before relaxing)
 .rodata.traceClkGet.str1.1
                0x0000000008005994       0x58 ./simplicity_sdk_2025.6.2/platform/emlib/src/em_cmu.o
 .rodata.GPIO_PinOutSet.str1.1
                0x00000000080059ec       0x5a ./simplicity_sdk_2025.6.2/platform/emlib/src/em_gpio.o
 .rodata.GPIO_ExtIntConfig.str1.1
                0x0000000008005a46       0x59 ./simplicity_sdk_2025.6.2/platform/emlib/src/em_gpio.o
 *fill*         0x0000000008005a9f        0x1 
 .rodata.CSWTCH.32
                0x0000000008005aa0        0x8 ./simplicity_sdk_2025.6.2/platform/emlib/src/em_gpio.o
 .rodata.sl_hal_sysrtc_start.str1.1
                0x0000000008005aa8       0x65 ./simplicity_sdk_2025.6.2/platform/peripheral/src/sl_hal_sysrtc.o
 .rodata.str1.1
                0x0000000008005b0d       0x64 ./simplicity_sdk_2025.6.2/platform/peripheral/src/sl_hal_sysrtc.o
 .rodata.str1.1
                0x0000000008005b71       0xd2 ./simplicity_sdk_2025.6.2/platform/service/clock_manager/src/sl_clock_manager_hal_s2.o
 *fill*         0x0000000008005c43        0x1 
 .rodata.SL_BUS_CLOCK_SYSRTC0_VALUE
                0x0000000008005c44        0x4 ./simplicity_sdk_2025.6.2/platform/service/device_manager/clocks/sl_device_clock_efr32xg24.o
                0x0000000008005c44                SL_BUS_CLOCK_SYSRTC0_VALUE
 .rodata.sl_peripheral_val_sysrtc0
                0x0000000008005c48        0xc ./simplicity_sdk_2025.6.2/platform/service/device_manager/devices/sl_device_peripheral_hal_efr32xg24.o
                0x0000000008005c48                sl_peripheral_val_sysrtc0
 .rodata.sl_interrupt_manager_disable_irq.str1.1
                0x0000000008005c54       0x82 ./simplicity_sdk_2025.6.2/platform/service/interrupt_manager/src/sl_interrupt_manager_cortexm.o
 .rodata.str1.1
                0x0000000008005cd6       0x6c ./simplicity_sdk_2025.6.2/platform/service/sleeptimer/src/sl_sleeptimer.o
 .rodata._printf_float.str1.1
                0x0000000008005d42       0x12 /Applications/Simplicity Studio.app/Contents/Eclipse/developer/toolchains/gnu_arm/12.2.rel1_2023.7/bin/../lib/gcc/arm-none-eabi/12.2.1/../../../../arm-none-eabi/lib/thumb/v8-m.main+fp/hard/libc_nano.a(libc_a-nano-vfprintf_float.o)
 .rodata._printf_i.str1.1
                0x0000000008005d54       0x22 /Applications/Simplicity Studio.app/Contents/Eclipse/developer/toolchains/gnu_arm/12.2.rel1_2023.7/bin/../lib/gcc/arm-none-eabi/12.2.1/../../../../arm-none-eabi/lib/thumb/v8-m.main+fp/hard/libc_nano.a(libc_a-nano-vfprintf_i.o)
 .rodata._dtoa_r.str1.1
                0x0000000008005d76       0x96 /Applications/Simplicity Studio.app/Contents/Eclipse/developer/toolchains/gnu_arm/12.2.rel1_2023.7/bin/../lib/gcc/arm-none-eabi/12.2.1/../../../../arm-none-eabi/lib/thumb/v8-m.main+fp/hard/libc_nano.a(libc_a-dtoa.o)
                                         0x98 (size before relaxing)
 .rodata._svfprintf_r.str1.1
                0x0000000008005e0c       0x11 /Applications/Simplicity Studio.app/Contents/Eclipse/developer/toolchains/gnu_arm/12.2.rel1_2023.7/bin/../lib/gcc/arm-none-eabi/12.2.1/../../../../arm-none-eabi/lib/thumb/v8-m.main+fp/hard/libc_nano.a(libc_a-nano-svfprintf.o)
 .rodata._Balloc.str1.1
                0x0000000008005e1d       0x62 /Applications/Simplicity Studio.app/Contents/Eclipse/developer/toolchains/gnu_arm/12.2.rel1_2023.7/bin/../lib/gcc/arm-none-eabi/12.2.1/../../../../arm-none-eabi/lib/thumb/v8-m.main+fp/hard/libc_nano.a(libc_a-mprec.o)
                                         0x79 (size before relaxing)
 .rodata.__multadd.str1.1
                0x0000000008005e7f       0x11 /Applications/Simplicity Studio.app/Contents/Eclipse/developer/toolchains/gnu_arm/12.2.rel1_2023.7/bin/../lib/gcc/arm-none-eabi/12.2.1/../../../../arm-none-eabi/lib/thumb/v8-m.main+fp/hard/libc_nano.a(libc_a-mprec.o)
 *fill*         0x0000000008005e7f        0x1 
 .rodata.p05.0  0x0000000008005e80        0xc /Applications/Simplicity Studio.app/Contents/Eclipse/developer/toolchains/gnu_arm/12.2.rel1_2023.7/bin/../lib/gcc/arm-none-eabi/12.2.1/../../../../arm-none-eabi/lib/thumb/v8-m.main+fp/hard/libc_nano.a(libc_a-mprec.o)
 *fill*         0x0000000008005e8c        0x4 
 .rodata.__mprec_bigtens
                0x0000000008005e90       0x28 /Applications/Simplicity Studio.app/Contents/Eclipse/developer/toolchains/gnu_arm/12.2.rel1_2023.7/bin/../lib/gcc/arm-none-eabi/12.2.1/../../../../arm-none-eabi/lib/thumb/v8-m.main+fp/hard/libc_nano.a(libc_a-mprec.o)
                0x0000000008005e90                __mprec_bigtens
 .rodata.__mprec_tens
                0x0000000008005eb8       0xc8 /Applications/Simplicity Studio.app/Contents/Eclipse/developer/toolchains/gnu_arm/12.2.rel1_2023.7/bin/../lib/gcc/arm-none-eabi/12.2.1/../../../../arm-none-eabi/lib/thumb/v8-m.main+fp/hard/libc_nano.a(libc_a-mprec.o)
                0x0000000008005eb8                __mprec_tens
 .rodata._setlocale_r.str1.1
                0x0000000008005f80        0x8 /Applications/Simplicity Studio.app/Contents/Eclipse/developer/toolchains/gnu_arm/12.2.rel1_2023.7/bin/../lib/gcc/arm-none-eabi/12.2.1/../../../../arm-none-eabi/lib/thumb/v8-m.main+fp/hard/libc_nano.a(libc_a-locale.o)
                                          0x9 (size before relaxing)
 .rodata.str1.1
                0x0000000008005f88        0x2 /Applications/Simplicity Studio.app/Contents/Eclipse/developer/toolchains/gnu_arm/12.2.rel1_2023.7/bin/../lib/gcc/arm-none-eabi/12.2.1/../../../../arm-none-eabi/lib/thumb/v8-m.main+fp/hard/libc_nano.a(libc_a-locale.o)
 .rodata._ctype_
                0x0000000008005f8a      0x101 /Applications/Simplicity Studio.app/Contents/Eclipse/developer/toolchains/gnu_arm/12.2.rel1_2023.7/bin/../lib/gcc/arm-none-eabi/12.2.1/../../../../arm-none-eabi/lib/thumb/v8-m.main+fp/hard/libc_nano.a(libc_a-ctype_.o)
                0x0000000008005f8a                _ctype_
 .rodata.__assert_func.str1.1
                0x000000000800608b       0x3c /Applications/Simplicity Studio.app/Contents/Eclipse/developer/toolchains/gnu_arm/12.2.rel1_2023.7/bin/../lib/gcc/arm-none-eabi/12.2.1/../../../../arm-none-eabi/lib/thumb/v8-m.main+fp/hard/libc_nano.a(libc_a-assert.o)
                                         0x3d (size before relaxing)
 .rodata._vfprintf_r.str1.1
                0x00000000080060c7       0x11 /Applications/Simplicity Studio.app/Contents/Eclipse/developer/toolchains/gnu_arm/12.2.rel1_2023.7/bin/../lib/gcc/arm-none-eabi/12.2.1/../../../../arm-none-eabi/lib/thumb/v8-m.main+fp/hard/libc_nano.a(libc_a-nano-vfprintf.o)
 *(.eh_frame*)
 *fill*         0x00000000080060c7        0x1 
 .eh_frame      0x00000000080060c8        0x0 /Applications/Simplicity Studio.app/Contents/Eclipse/developer/toolchains/gnu_arm/12.2.rel1_2023.7/bin/../lib/gcc/arm-none-eabi/12.2.1/thumb/v8-m.main+fp/hard/crtbegin.o

.glue_7         0x00000000080060c8        0x0
 .glue_7        0x00000000080060c8        0x0 linker stubs

.glue_7t        0x00000000080060c8        0x0
 .glue_7t       0x00000000080060c8        0x0 linker stubs

.vfp11_veneer   0x00000000080060c8        0x0
 .vfp11_veneer  0x00000000080060c8        0x0 linker stubs

.v4_bx          0x00000000080060c8        0x0
 .v4_bx         0x00000000080060c8        0x0 linker stubs

.iplt           0x00000000080060c8        0x0
 .iplt          0x00000000080060c8        0x0 /Applications/Simplicity Studio.app/Contents/Eclipse/developer/toolchains/gnu_arm/12.2.rel1_2023.7/bin/../lib/gcc/arm-none-eabi/12.2.1/thumb/v8-m.main+fp/hard/crtbegin.o

.ARM.extab
 *(.ARM.extab* .gnu.linkonce.armextab.*)
                0x00000000080060c8                __exidx_start = .

.ARM.exidx      0x00000000080060c8        0x8
 *(.ARM.exidx* .gnu.linkonce.armexidx.*)
 .ARM.exidx     0x00000000080060c8        0x8 /Applications/Simplicity Studio.app/Contents/Eclipse/developer/toolchains/gnu_arm/12.2.rel1_2023.7/bin/../lib/gcc/arm-none-eabi/12.2.1/../../../../arm-none-eabi/lib/thumb/v8-m.main+fp/hard/crt0.o
                                         0x10 (size before relaxing)
 .ARM.exidx.text.__udivmoddi4
                0x00000000080060d0        0x0 /Applications/Simplicity Studio.app/Contents/Eclipse/developer/toolchains/gnu_arm/12.2.rel1_2023.7/bin/../lib/gcc/arm-none-eabi/12.2.1/thumb/v8-m.main+fp/hard/libgcc.a(_udivmoddi4.o)
                                          0x8 (size before relaxing)
                0x00000000080060d0                __exidx_end = .

.copy.table     0x00000000080060d0        0xc
                0x00000000080060d0                . = ALIGN (0x4)
                0x00000000080060d0                __copy_table_start__ = .
                0x00000000080060d0        0x4 LONG 0x80060dc __etext
                0x00000000080060d4        0x4 LONG 0x200012e4 __data_start__
                0x00000000080060d8        0x4 LONG 0x7a ((__data_end__ - __data_start__) / 0x4)
                0x00000000080060dc                __copy_table_end__ = .

.rel.dyn        0x00000000080060dc        0x0
 .rel.iplt      0x00000000080060dc        0x0 /Applications/Simplicity Studio.app/Contents/Eclipse/developer/toolchains/gnu_arm/12.2.rel1_2023.7/bin/../lib/gcc/arm-none-eabi/12.2.1/thumb/v8-m.main+fp/hard/crtbegin.o

.zero.table     0x00000000080060dc        0x0
                0x00000000080060dc                . = ALIGN (0x4)
                0x00000000080060dc                __zero_table_start__ = .
                0x00000000080060dc                __zero_table_end__ = .
                0x00000000080060dc                __etext = .

.data           0x00000000200012e4      0x1e8 load address 0x00000000080060dc
                0x00000000200012e4                . = ALIGN (0x4)
                0x00000000200012e4                __data_start__ = .
 *(vtable)
 *(SORT_BY_ALIGNMENT(.data*))
 .data.SystemCoreClock
                0x00000000200012e4        0x4 ./simplicity_sdk_2025.6.2/platform/Device/SiliconLabs/EFR32MG24/Source/system_efr32mg24.o
                0x00000000200012e4                SystemCoreClock
 .data.SystemHFRCODPLLClock
                0x00000000200012e8        0x4 ./simplicity_sdk_2025.6.2/platform/Device/SiliconLabs/EFR32MG24/Source/system_efr32mg24.o
 .data.SystemLFXOClock
                0x00000000200012ec        0x4 ./simplicity_sdk_2025.6.2/platform/Device/SiliconLabs/EFR32MG24/Source/system_efr32mg24.o
 .data.SystemHFXOClock
                0x00000000200012f0        0x4 ./simplicity_sdk_2025.6.2/platform/Device/SiliconLabs/EFR32MG24/Source/system_efr32mg24.o
 .data.heap_end.0
                0x00000000200012f4        0x4 ./simplicity_sdk_2025.6.2/platform/service/memory_manager/src/sl_memory_manager_region.o
 .data.__sglue  0x00000000200012f8        0xc /Applications/Simplicity Studio.app/Contents/Eclipse/developer/toolchains/gnu_arm/12.2.rel1_2023.7/bin/../lib/gcc/arm-none-eabi/12.2.1/../../../../arm-none-eabi/lib/thumb/v8-m.main+fp/hard/libc_nano.a(libc_a-findfp.o)
                0x00000000200012f8                __sglue
 .data._impure_ptr
                0x0000000020001304        0x4 /Applications/Simplicity Studio.app/Contents/Eclipse/developer/toolchains/gnu_arm/12.2.rel1_2023.7/bin/../lib/gcc/arm-none-eabi/12.2.1/../../../../arm-none-eabi/lib/thumb/v8-m.main+fp/hard/libc_nano.a(libc_a-impure.o)
                0x0000000020001304                _impure_ptr
 .data._impure_data
                0x0000000020001308       0x4c /Applications/Simplicity Studio.app/Contents/Eclipse/developer/toolchains/gnu_arm/12.2.rel1_2023.7/bin/../lib/gcc/arm-none-eabi/12.2.1/../../../../arm-none-eabi/lib/thumb/v8-m.main+fp/hard/libc_nano.a(libc_a-impure.o)
                0x0000000020001308                _impure_data
 .data.__global_locale
                0x0000000020001354      0x16c /Applications/Simplicity Studio.app/Contents/Eclipse/developer/toolchains/gnu_arm/12.2.rel1_2023.7/bin/../lib/gcc/arm-none-eabi/12.2.1/../../../../arm-none-eabi/lib/thumb/v8-m.main+fp/hard/libc_nano.a(libc_a-locale.o)
                0x0000000020001354                __global_locale
 .data.cc_disabled
                0x00000000200014c0        0x1 ./simplicity_sdk_2025.6.2/platform/service/sleeptimer/src/sl_sleeptimer_hal_sysrtc.o
                0x00000000200014c4                . = ALIGN (0x4)
 *fill*         0x00000000200014c1        0x3 
                0x00000000200014c4                . = ALIGN (0x4)
                0x00000000200014c4                PROVIDE (__preinit_array_start = .)
 *(.preinit_array)
                0x00000000200014c4                PROVIDE (__preinit_array_end = .)
                0x00000000200014c4                . = ALIGN (0x4)
                0x00000000200014c4                PROVIDE (__init_array_start = .)
 *(SORT_BY_NAME(.init_array.*))
 *(.init_array)
 .init_array    0x00000000200014c4        0x4 /Applications/Simplicity Studio.app/Contents/Eclipse/developer/toolchains/gnu_arm/12.2.rel1_2023.7/bin/../lib/gcc/arm-none-eabi/12.2.1/thumb/v8-m.main+fp/hard/crtbegin.o
                0x00000000200014c8                PROVIDE (__init_array_end = .)
                0x00000000200014c8                . = ALIGN (0x4)
                [!provide]                        PROVIDE (__fini_array_start = .)
 *(SORT_BY_NAME(.fini_array.*))
 *(.fini_array)
 .fini_array    0x00000000200014c8        0x4 /Applications/Simplicity Studio.app/Contents/Eclipse/developer/toolchains/gnu_arm/12.2.rel1_2023.7/bin/../lib/gcc/arm-none-eabi/12.2.1/thumb/v8-m.main+fp/hard/crtbegin.o
                [!provide]                        PROVIDE (__fini_array_end = .)
                0x00000000200014cc                . = ALIGN (0x4)
                0x00000000200014cc                __data_end__ = .
                0x0000000020040000                heap_limit = (ORIGIN (RAM) + LENGTH (RAM))
                0x000000000003eb30                heap_size = (heap_limit - __HeapBase)

.tm_clone_table
                0x00000000200014cc        0x0 load address 0x00000000080062c4
 .tm_clone_table
                0x00000000200014cc        0x0 /Applications/Simplicity Studio.app/Contents/Eclipse/developer/toolchains/gnu_arm/12.2.rel1_2023.7/bin/../lib/gcc/arm-none-eabi/12.2.1/thumb/v8-m.main+fp/hard/crtbegin.o
 .tm_clone_table
                0x00000000200014cc        0x0 /Applications/Simplicity Studio.app/Contents/Eclipse/developer/toolchains/gnu_arm/12.2.rel1_2023.7/bin/../lib/gcc/arm-none-eabi/12.2.1/thumb/v8-m.main+fp/hard/crtend.o

.igot.plt       0x00000000200014cc        0x0 load address 0x00000000080062c4
 .igot.plt      0x00000000200014cc        0x0 /Applications/Simplicity Studio.app/Contents/Eclipse/developer/toolchains/gnu_arm/12.2.rel1_2023.7/bin/../lib/gcc/arm-none-eabi/12.2.1/thumb/v8-m.main+fp/hard/crtbegin.o

.heap           0x00000000200014cc    0x3eb34 load address 0x00000000080062c4
                0x00000000200014d0                . = ALIGN (0x8)
 *fill*         0x00000000200014cc        0x4 
                0x00000000200014d0                __HeapBase = .
                0x0000000020040000                . = (. + heap_size)
 *fill*         0x00000000200014d0    0x3eb30 
                0x0000000020040000                __end__ = .
                0x0000000020040000                _end = __end__
 *(.heap*)
                0x0000000020040000                __HeapLimit = (ORIGIN (RAM) + LENGTH (RAM))
                0x000000000003eb30                __heap_size = (__HeapLimit - __HeapBase)
                0x0000000020040000                __ram_end__ = 0x20040000
                0x000000000817e000                __main_flash_end__ = 0x817e000

.internal_storage
 *(.internal_storage*)

.nvm
 *(.simee*)
                0x00000000200012e4                __ramfuncs_start__ = __vma_ramfuncs_start__
                0x00000000200012e4                __ramfuncs_end__ = __vma_ramfuncs_end__
                0x000000000817e000                linker_nvm_end = __main_flash_end__
                0x000000000817e000                linker_nvm_begin = (linker_nvm_end - SIZEOF (.nvm))
                0x000000000817e000                linker_storage_end = linker_nvm_begin
                0x000000000817e000                __nvm3Base = linker_nvm_begin
                0x000000000817e000                linker_storage_begin = (linker_storage_end - SIZEOF (.internal_storage))
                0x0000000000000001                ASSERT ((linker_storage_begin >= (__etext + SIZEOF (.data))), FLASH memory overflowed !)
                0x000000000817e000                app_flash_end = 0x817e000
                0x0000000000000001                ASSERT (((linker_nvm_begin + SIZEOF (.nvm)) <= app_flash_end), NVM3 is excessing the flash size !)
OUTPUT(IMU.axf elf32-littlearm)
LOAD linker stubs

.ARM.attributes
                0x0000000000000000       0x36
 .ARM.attributes
                0x0000000000000000       0x26 /Applications/Simplicity Studio.app/Contents/Eclipse/developer/toolchains/gnu_arm/12.2.rel1_2023.7/bin/../lib/gcc/arm-none-eabi/12.2.1/thumb/v8-m.main+fp/hard/crti.o
 .ARM.attributes
                0x0000000000000026       0x38 /Applications/Simplicity Studio.app/Contents/Eclipse/developer/toolchains/gnu_arm/12.2.rel1_2023.7/bin/../lib/gcc/arm-none-eabi/12.2.1/thumb/v8-m.main+fp/hard/crtbegin.o
 .ARM.attributes
                0x000000000000005e       0x24 /Applications/Simplicity Studio.app/Contents/Eclipse/developer/toolchains/gnu_arm/12.2.rel1_2023.7/bin/../lib/gcc/arm-none-eabi/12.2.1/../../../../arm-none-eabi/lib/thumb/v8-m.main+fp/hard/crt0.o
 .ARM.attributes
                0x0000000000000082       0x3a ./LL_UART.o
 .ARM.attributes
                0x00000000000000bc       0x3a ./main.o
 .ARM.attributes
                0x00000000000000f6       0x3a ./simplicity_sdk_2025.6.2/platform/Device/SiliconLabs/EFR32MG24/Source/startup_efr32mg24.o
 .ARM.attributes
                0x0000000000000130       0x3a ./simplicity_sdk_2025.6.2/platform/Device/SiliconLabs/EFR32MG24/Source/system_efr32mg24.o
 .ARM.attributes
                0x000000000000016a       0x3a ./simplicity_sdk_2025.6.2/platform/common/src/sl_assert.o
 .ARM.attributes
                0x00000000000001a4       0x3a ./simplicity_sdk_2025.6.2/platform/common/src/sl_core_cortexm.o
 .ARM.attributes
                0x00000000000001de       0x3a ./simplicity_sdk_2025.6.2/platform/common/src/sl_syscalls.o
 .ARM.attributes
                0x0000000000000218       0x3a ./simplicity_sdk_2025.6.2/platform/driver/gpio/src/sl_gpio.o
 .ARM.attributes
                0x0000000000000252       0x3a ./simplicity_sdk_2025.6.2/platform/emlib/src/em_cmu.o
 .ARM.attributes
                0x000000000000028c       0x3a ./simplicity_sdk_2025.6.2/platform/emlib/src/em_gpio.o
 .ARM.attributes
                0x00000000000002c6       0x3a ./simplicity_sdk_2025.6.2/platform/peripheral/src/sl_hal_gpio.o
 .ARM.attributes
                0x0000000000000300       0x3a ./simplicity_sdk_2025.6.2/platform/peripheral/src/sl_hal_sysrtc.o
 .ARM.attributes
                0x000000000000033a       0x3a ./simplicity_sdk_2025.6.2/platform/service/clock_manager/src/sl_clock_manager.o
 .ARM.attributes
                0x0000000000000374       0x3a ./simplicity_sdk_2025.6.2/platform/service/clock_manager/src/sl_clock_manager_hal_s2.o
 .ARM.attributes
                0x00000000000003ae       0x3a ./simplicity_sdk_2025.6.2/platform/service/device_manager/clocks/sl_device_clock_efr32xg24.o
 .ARM.attributes
                0x00000000000003e8       0x3a ./simplicity_sdk_2025.6.2/platform/service/device_manager/devices/sl_device_peripheral_hal_efr32xg24.o
 .ARM.attributes
                0x0000000000000422       0x3a ./simplicity_sdk_2025.6.2/platform/service/interrupt_manager/src/sl_interrupt_manager_cortexm.o
 .ARM.attributes